Component: Arm Compiler for Embedded 6.24 Tool: armlink [5f371500]

==============================================================================

Section Cross References

    startup_stm32g431xx.o(STACK) refers (Special) to heapauxi.o(.text) for __use_two_region_memory
    startup_stm32g431xx.o(HEAP) refers (Special) to heapauxi.o(.text) for __use_two_region_memory
    startup_stm32g431xx.o(RESET) refers (Special) to heapauxi.o(.text) for __use_two_region_memory
    startup_stm32g431xx.o(RESET) refers to startup_stm32g431xx.o(STACK) for __initial_sp
    startup_stm32g431xx.o(RESET) refers to startup_stm32g431xx.o(.text) for Reset_Handler
    startup_stm32g431xx.o(RESET) refers to stm32g4xx_it.o(.text.NMI_Handler) for NMI_Handler
    startup_stm32g431xx.o(RESET) refers to stm32g4xx_it.o(.text.HardFault_Handler) for HardFault_Handler
    startup_stm32g431xx.o(RESET) refers to stm32g4xx_it.o(.text.MemManage_Handler) for MemManage_Handler
    startup_stm32g431xx.o(RESET) refers to stm32g4xx_it.o(.text.BusFault_Handler) for BusFault_Handler
    startup_stm32g431xx.o(RESET) refers to stm32g4xx_it.o(.text.UsageFault_Handler) for UsageFault_Handler
    startup_stm32g431xx.o(RESET) refers to stm32g4xx_it.o(.text.SVC_Handler) for SVC_Handler
    startup_stm32g431xx.o(RESET) refers to stm32g4xx_it.o(.text.DebugMon_Handler) for DebugMon_Handler
    startup_stm32g431xx.o(RESET) refers to stm32g4xx_it.o(.text.PendSV_Handler) for PendSV_Handler
    startup_stm32g431xx.o(RESET) refers to stm32g4xx_it.o(.text.SysTick_Handler) for SysTick_Handler
    startup_stm32g431xx.o(RESET) refers to stm32g4xx_it.o(.text.DMA1_Channel1_IRQHandler) for DMA1_Channel1_IRQHandler
    startup_stm32g431xx.o(RESET) refers to stm32g4xx_it.o(.text.DMA1_Channel2_IRQHandler) for DMA1_Channel2_IRQHandler
    startup_stm32g431xx.o(RESET) refers to stm32g4xx_it.o(.text.DMA1_Channel3_IRQHandler) for DMA1_Channel3_IRQHandler
    startup_stm32g431xx.o(RESET) refers to stm32g4xx_it.o(.text.TIM2_IRQHandler) for TIM2_IRQHandler
    startup_stm32g431xx.o(RESET) refers to stm32g4xx_it.o(.text.USART2_IRQHandler) for USART2_IRQHandler
    startup_stm32g431xx.o(RESET) refers to stm32g4xx_it.o(.text.EXTI15_10_IRQHandler) for EXTI15_10_IRQHandler
    startup_stm32g431xx.o(.text) refers (Special) to heapauxi.o(.text) for __use_two_region_memory
    startup_stm32g431xx.o(.text) refers to system_stm32g4xx.o(.text.SystemInit) for SystemInit
    startup_stm32g431xx.o(.text) refers to __main.o(!!!main) for __main
    startup_stm32g431xx.o(.text) refers to startup_stm32g431xx.o(HEAP) for Heap_Mem
    startup_stm32g431xx.o(.text) refers to startup_stm32g431xx.o(STACK) for Stack_Mem
    main.o(.text.main) refers to stm32g4xx_hal.o(.text.HAL_Init) for HAL_Init
    main.o(.text.main) refers to main.o(.text.SystemClock_Config) for SystemClock_Config
    main.o(.text.main) refers to stm32g4xx_hal_gpio.o(.text.HAL_GPIO_WritePin) for HAL_GPIO_WritePin
    main.o(.text.main) refers to stm32g4xx_hal_gpio.o(.text.HAL_GPIO_Init) for HAL_GPIO_Init
    main.o(.text.main) refers to stm32g4xx_hal_cortex.o(.text.HAL_NVIC_SetPriority) for HAL_NVIC_SetPriority
    main.o(.text.main) refers to stm32g4xx_hal_cortex.o(.text.HAL_NVIC_EnableIRQ) for HAL_NVIC_EnableIRQ
    main.o(.text.main) refers to main.o(.bss..L_MergedGlobals) for .L_MergedGlobals
    main.o(.text.main) refers to stm32g4xx_hal_i2s.o(.text.HAL_I2S_Init) for HAL_I2S_Init
    main.o(.text.main) refers to app_error.o(.text.AppError_BlinkForever) for AppError_BlinkForever
    main.o(.text.main) refers to main.o(.bss.huart2) for huart2
    main.o(.text.main) refers to stm32g4xx_hal_uart.o(.text.HAL_UART_Init) for HAL_UART_Init
    main.o(.text.main) refers to app_dsp.o(.text.AppDsp_Init) for AppDsp_Init
    main.o(.text.main) refers to app_com.o(.text.AppCom_Init) for AppCom_Init
    main.o(.text.main) refers to app_audio.o(.text.AppAudio_Init) for AppAudio_Init
    main.o(.text.main) refers to app_audio.o(.text.AppAudio_Start) for AppAudio_Start
    main.o(.text.main) refers to stm32g4xx_hal.o(.text.HAL_GetTick) for HAL_GetTick
    main.o(.text.main) refers to app_com.o(.text.AppCom_Poll) for AppCom_Poll
    main.o(.text.main) refers to app_audio.o(.text.AppAudio_StartFailed) for AppAudio_StartFailed
    main.o(.text.main) refers to app_audio.o(.text.AppAudio_RuntimeFailed) for AppAudio_RuntimeFailed
    main.o(.text.main) refers to app_dsp.o(.text.AppDsp_GetMode) for AppDsp_GetMode
    main.o(.text.main) refers to stm32g4xx_hal_gpio.o(.text.HAL_GPIO_TogglePin) for HAL_GPIO_TogglePin
    main.o(.ARM.exidx.text.main) refers to main.o(.text.main) for [Anonymous Symbol]
    main.o(.text.SystemClock_Config) refers to stm32g4xx_hal_pwr_ex.o(.text.HAL_PWREx_ControlVoltageScaling) for HAL_PWREx_ControlVoltageScaling
    main.o(.text.SystemClock_Config) refers to stm32g4xx_hal_rcc.o(.text.HAL_RCC_OscConfig) for HAL_RCC_OscConfig
[...]
    .L_MergedGlobals                         0x2000014c   Data          20  app_com.o(.bss..L_MergedGlobals)
    s_tx_busy                                0x2000014c   Data           1  app_com.o(.bss..L_MergedGlobals)
    [Anonymous Symbol]                       0x2000014c   Section        0  app_com.o(.bss..L_MergedGlobals)
    s_rx_mode                                0x2000014d   Data           1  app_com.o(.bss..L_MergedGlobals)
    s_rx_byte                                0x2000014e   Data           1  app_com.o(.bss..L_MergedGlobals)
    s_rx_wr                                  0x20000150   Data           2  app_com.o(.bss..L_MergedGlobals)
    s_rx_rd                                  0x20000152   Data           2  app_com.o(.bss..L_MergedGlobals)
    s_line_len                               0x20000154   Data           2  app_com.o(.bss..L_MergedGlobals)
    s_tx_wr                                  0x20000156   Data           2  app_com.o(.bss..L_MergedGlobals)
    s_tx_rd                                  0x20000158   Data           2  app_com.o(.bss..L_MergedGlobals)
    s_tx_last_len                            0x2000015a   Data           2  app_com.o(.bss..L_MergedGlobals)
    s_uart                                   0x2000015c   Data           4  app_com.o(.bss..L_MergedGlobals)
    .L_MergedGlobals.1                       0x20000160   Data         124  app_dsp.o(.bss..L_MergedGlobals.1)
    s_mode                                   0x20000160   Data           1  app_dsp.o(.bss..L_MergedGlobals.1)
    [Anonymous Symbol]                       0x20000160   Section        0  app_dsp.o(.bss..L_MergedGlobals.1)
    s_delay_l.1                              0x20000164   Data           1  app_dsp.o(.bss..L_MergedGlobals.1)
    s_delay_r.1                              0x20000168   Data           1  app_dsp.o(.bss..L_MergedGlobals.1)
    s_button_last_ms                         0x2000016c   Data           4  app_dsp.o(.bss..L_MergedGlobals.1)
    s_fx_mask                                0x20000170   Data           4  app_dsp.o(.bss..L_MergedGlobals.1)
    s_reverb_delay_idx_l                     0x20000174   Data           4  app_dsp.o(.bss..L_MergedGlobals.1)
    s_reverb_delay_idx_r                     0x20000178   Data           4  app_dsp.o(.bss..L_MergedGlobals.1)
    s_reverb_ap1_idx_l                       0x2000017c   Data           4  app_dsp.o(.bss..L_MergedGlobals.1)
    s_reverb_ap1_idx_r                       0x20000180   Data           4  app_dsp.o(.bss..L_MergedGlobals.1)
    s_reverb_ap2_idx_l                       0x20000184   Data           4  app_dsp.o(.bss..L_MergedGlobals.1)
    s_reverb_ap2_idx_r                       0x20000188   Data           4  app_dsp.o(.bss..L_MergedGlobals.1)
    s_reverb_lp_l                            0x2000018c   Data           4  app_dsp.o(.bss..L_MergedGlobals.1)
    s_reverb_lp_r                            0x20000190   Data           4  app_dsp.o(.bss..L_MergedGlobals.1)
    s_reverb_lfo_l                           0x20000194   Data           4  app_dsp.o(.bss..L_MergedGlobals.1)
    s_reverb_lfo_r                           0x20000198   Data           4  app_dsp.o(.bss..L_MergedGlobals.1)
    s_delay_l.0                              0x2000019c   Data           4  app_dsp.o(.bss..L_MergedGlobals.1)
    s_delay_l.2                              0x200001a0   Data           4  app_dsp.o(.bss..L_MergedGlobals.1)
    s_delay_l.3                              0x200001a4   Data           4  app_dsp.o(.bss..L_MergedGlobals.1)
    s_delay_r.0                              0x200001a8   Data           4  app_dsp.o(.bss..L_MergedGlobals.1)
    s_delay_r.2                              0x200001ac   Data           4  app_dsp.o(.bss..L_MergedGlobals.1)
    s_delay_r.3                              0x200001b0   Data           4  app_dsp.o(.bss..L_MergedGlobals.1)
    s_wet_lpf_delay_l                        0x200001b4   Data           4  app_dsp.o(.bss..L_MergedGlobals.1)
    s_wet_lpf_delay_r                        0x200001b8   Data           4  app_dsp.o(.bss..L_MergedGlobals.1)
    s_wet_lpf_reverb_l                       0x200001bc   Data           4  app_dsp.o(.bss..L_MergedGlobals.1)
    s_wet_lpf_reverb_r                       0x200001c0   Data           4  app_dsp.o(.bss..L_MergedGlobals.1)
    s_dc_l.0                                 0x200001c4   Data           4  app_dsp.o(.bss..L_MergedGlobals.1)
    s_dc_l.1                                 0x200001c8   Data           4  app_dsp.o(.bss..L_MergedGlobals.1)
    s_dc_r.0                                 0x200001cc   Data           4  app_dsp.o(.bss..L_MergedGlobals.1)
    s_dc_r.1                                 0x200001d0   Data           4  app_dsp.o(.bss..L_MergedGlobals.1)
    s_clean_hpf_l.0                          0x200001d4   Data           4  app_dsp.o(.bss..L_MergedGlobals.1)
    s_clean_hpf_l.1                          0x200001d8   Data           4  app_dsp.o(.bss..L_MergedGlobals.1)
    .L_MergedGlobals.2                       0x200001dc   Data         112  app_dsp.o(.bss..L_MergedGlobals.2)
    s_clean_hpf_r.0                          0x200001dc   Data           4  app_dsp.o(.bss..L_MergedGlobals.2)
    [Anonymous Symbol]                       0x200001dc   Section        0  app_dsp.o(.bss..L_MergedGlobals.2)
    s_clean_hpf_r.1                          0x200001e0   Data           4  app_dsp.o(.bss..L_MergedGlobals.2)
    s_wet_hpf_delay_l.0                      0x200001e4   Data           4  app_dsp.o(.bss..L_MergedGlobals.2)
    s_wet_hpf_delay_l.1                      0x200001e8   Data           4  app_dsp.o(.bss..L_MergedGlobals.2)
    s_wet_hpf_delay_r.0                      0x200001ec   Data           4  app_dsp.o(.bss..L_MergedGlobals.2)
    s_wet_hpf_delay_r.1                      0x200001f0   Data           4  app_dsp.o(.bss..L_MergedGlobals.2)
    s_wet_hpf_reverb_l.0                     0x200001f4   Data           4  app_dsp.o(.bss..L_MergedGlobals.2)
    s_wet_hpf_reverb_l.1                     0x200001f8   Data           4  app_dsp.o(.bss..L_MergedGlobals.2)
    s_wet_hpf_reverb_r.0                     0x200001fc   Data           4  app_dsp.o(.bss..L_MergedGlobals.2)
    s_wet_hpf_reverb_r.1                     0x20000200   Data           4  app_dsp.o(.bss..L_MergedGlobals.2)
    s_comp_l.0                               0x20000204   Data           4  app_dsp.o(.bss..L_MergedGlobals.2)
    s_comp_r.0                               0x20000208   Data           4  app_dsp.o(.bss..L_MergedGlobals.2)
    s_dist_l                                 0x2000020c   Data          16  app_dsp.o(.bss..L_MergedGlobals.2)
    s_dist_r                                 0x2000021c   Data          16  app_dsp.o(.bss..L_MergedGlobals.2)
    s_cab_l                                  0x2000022c   Data          16  app_dsp.o(.bss..L_MergedGlobals.2)
    s_cab_r                                  0x2000023c   Data          16  app_dsp.o(.bss..L_MergedGlobals.2)
    s_delay_buf_l                            0x2000044c   Data        2048  app_dsp.o(.bss.s_delay_buf_l)
    [Anonymous Symbol]                       0x2000044c   Section        0  app_dsp.o(.bss.s_delay_buf_l)
    s_delay_buf_r                            0x20000c4c   Data        2048  app_dsp.o(.bss.s_delay_buf_r)
    [Anonymous Symbol]                       0x20000c4c   Section        0  app_dsp.o(.bss.s_delay_buf_r)
    s_i2s_rx_buf                             0x2000144c   Data        1024  app_audio.o(.bss.s_i2s_rx_buf)
    [Anonymous Symbol]                       0x2000144c   Section        0  app_audio.o(.bss.s_i2s_rx_buf)
    s_i2s_tx_buf                             0x2000184c   Data        1024  app_audio.o(.bss.s_i2s_tx_buf)
    [Anonymous Symbol]                       0x2000184c   Section        0  app_audio.o(.bss.s_i2s_tx_buf)
    s_line                                   0x20001c4c   Data         160  app_com.o(.bss.s_line)
    [Anonymous Symbol]                       0x20001c4c   Section        0  app_com.o(.bss.s_line)
    s_reverb_ap_l                            0x20001cec   Data         512  app_dsp.o(.bss.s_reverb_ap_l)
    [Anonymous Symbol]                       0x20001cec   Section        0  app_dsp.o(.bss.s_reverb_ap_l)
    s_reverb_ap_r                            0x20001eec   Data         512  app_dsp.o(.bss.s_reverb_ap_r)
    [Anonymous Symbol]                       0x20001eec   Section        0  app_dsp.o(.bss.s_reverb_ap_r)
    s_reverb_delay_l                         0x200020ec   Data        8192  app_dsp.o(.bss.s_reverb_delay_l)
    [Anonymous Symbol]                       0x200020ec   Section        0  app_dsp.o(.bss.s_reverb_delay_l)
    s_reverb_delay_r                         0x200040ec   Data        8192  app_dsp.o(.bss.s_reverb_delay_r)
    [Anonymous Symbol]                       0x200040ec   Section        0  app_dsp.o(.bss.s_reverb_delay_r)
    s_ring_l                                 0x200060ec   Data        1024  app_audio.o(.bss.s_ring_l)
    [Anonymous Symbol]                       0x200060ec   Section        0  app_audio.o(.bss.s_ring_l)
    s_ring_r                                 0x200064ec   Data        1024  app_audio.o(.bss.s_ring_r)
    [Anonymous Symbol]                       0x200064ec   Section        0  app_audio.o(.bss.s_ring_r)
    s_rx_dma                                 0x200068ec   Data         512  app_com.o(.bss.s_rx_dma)
    [Anonymous Symbol]                       0x200068ec   Section        0  app_com.o(.bss.s_rx_dma)
    s_rx_ring                                0x20006aec   Data        1024  app_com.o(.bss.s_rx_ring)
    [Anonymous Symbol]                       0x20006aec   Section        0  app_com.o(.bss.s_rx_ring)
    s_tx_ring                                0x20006eec   Data         512  app_com.o(.bss.s_tx_ring)
    [Anonymous Symbol]                       0x20006eec   Section        0  app_com.o(.bss.s_tx_ring)
    Heap_Mem                                 0x200070f0   Data         512  startup_stm32g431xx.o(HEAP)
    HEAP                                     0x200070f0   Section      512  startup_stm32g431xx.o(HEAP)
    Stack_Mem                                0x200072f0   Data        1024  startup_stm32g431xx.o(STACK)
    STACK                                    0x200072f0   Section     1024  startup_stm32g431xx.o(STACK)
    __initial_sp                             0x200076f0   Data           0  startup_stm32g431xx.o(STACK)

    Global Symbols

    Symbol Name                              Value     Ov Type        Size  Object(Section)

    BuildAttributes$$THM_ISAv4$E$P$D$K$B$S$7EM$VFPi3$EXTD16$VFPS$VFMA$PE$A:L22UL41UL21$X:L11$S22US41US21$IEEE1$IW$~IW$USESV6$~STKCKD$USESV7$~SHL$OTIME$ROPI$EBA8$UX$STANDARDLIB$REQ8$PRES8$EABIv2 0x00000000   Number         0  anon$$obj.o ABSOLUTE
    _printf_flags                            0x00000000   Number         0  printf_stubs.o ABSOLUTE
    _printf_return_value                     0x00000000   Number         0  printf_stubs.o ABSOLUTE
    _printf_sizespec                         0x00000000   Number         0  printf_stubs.o ABSOLUTE
    _printf_widthprec                        0x00000000   Number         0  printf_stubs.o ABSOLUTE
    __ARM_exceptions_init                     - Undefined Weak Reference
    __alloca_initialize                       - Undefined Weak Reference
    __arm_preinit_                            - Undefined Weak Reference
    __arm_relocate_pie_                       - Undefined Weak Reference
    __cpp_initialize__aeabi_                  - Undefined Weak Reference
    __cxa_finalize                            - Undefined Weak Reference
    __sigvec_lookup                           - Undefined Weak Reference
    _atexit_init                              - Undefined Weak Reference
    _call_atexit_fns                          - Undefined Weak Reference
    _clock_init                               - Undefined Weak Reference
    _fp_trap_init                             - Undefined Weak Reference
    _fp_trap_shutdown                         - Undefined Weak Reference
    _get_lc_collate                           - Undefined Weak Reference
    _get_lc_monetary                          - Undefined Weak Reference
    _get_lc_numeric                           - Undefined Weak Reference
    _get_lc_time                              - Undefined Weak Reference
    _getenv_init                              - Undefined Weak Reference
    _handle_redirection                       - Undefined Weak Reference
    _init_alloc                               - Undefined Weak Reference
    _init_user_alloc                          - Undefined Weak Reference
    _initio                                   - Undefined Weak Reference
    _printf_mbtowc                            - Undefined Weak Reference
    _printf_post_padding                      - Undefined Weak Reference
    _printf_pre_padding                       - Undefined Weak Reference
    _printf_truncate_signed                   - Undefined Weak Reference
    _printf_truncate_unsigned                 - Undefined Weak Reference
    _rand_init                                - Undefined Weak Reference
    _signal_finish                            - Undefined Weak Reference
    _signal_init                              - Undefined Weak Reference
    _terminate_alloc                          - Undefined Weak Reference
    _terminate_user_alloc                     - Undefined Weak Reference
    _terminateio                              - Undefined Weak Reference
    __Vectors_Size                           0x000001d8   Number         0  startup_stm32g431xx.o ABSOLUTE
    __Vectors                                0x08000000   Data           4  startup_stm32g431xx.o(RESET)
    __Vectors_End                            0x080001d8   Data           0  startup_stm32g431xx.o(RESET)
    __main                                   0x080001d9   Thumb Code     8  __main.o(!!!main)
    __scatterload                            0x080001e1   Thumb Code     0  __scatter.o(!!!scatter)
    __scatterload_rt2                        0x080001e1   Thumb Code    84  __scatter.o(!!!scatter)
    __scatterload_rt2_thumb_only             0x080001e1   Thumb Code     0  __scatter.o(!!!scatter)
    __scatterload_loop                       0x080001eb   Thumb Code     0  __scatter.o(!!!scatter)
    __scatterload_copy                       0x0800023d   Thumb Code    26  __scatter_copy.o(!!handler_copy)
    __scatterload_null                       0x08000259   Thumb Code     2  __scatter.o(!!handler_null)
    __scatterload_zeroinit                   0x0800025d   Thumb Code    28  __scatter_zi.o(!!handler_zi)
    _printf_d                                0x08000279   Thumb Code     0  _printf_d.o(.ARM.Collect$$_printf_percent$$00000009)
    _printf_percent                          0x08000279   Thumb Code     0  _printf_percent.o(.ARM.Collect$$_printf_percent$$00000000)
    _printf_u                                0x0800027f   Thumb Code     0  _printf_u.o(.ARM.Collect$$_printf_percent$$0000000A)
    _printf_s                                0x08000285   Thumb Code     0  _printf_s.o(.ARM.Collect$$_printf_percent$$00000014)
    _printf_percent_end                      0x0800028b   Thumb Code     0  _printf_percent_end.o(.ARM.Collect$$_printf_percent$$00000017)
    __rt_lib_init                            0x0800028f   Thumb Code     0  libinit.o(.ARM.Collect$$libinit$$00000000)
    __rt_lib_init_fp_1                       0x08000291   Thumb Code     0  libinit2.o(.ARM.Collect$$libinit$$00000001)
    __rt_lib_init_heap_1                     0x08000295   Thumb Code     0  libinit2.o(.ARM.Collect$$libinit$$0000000C)
    __rt_lib_init_lc_common                  0x08000295   Thumb Code     0  libinit2.o(.ARM.Collect$$libinit$$00000011)
    __rt_lib_init_preinit_1                  0x08000295   Thumb Code     0  libinit2.o(.ARM.Collect$$libinit$$00000006)
    __rt_lib_init_rand_1                     0x08000295   Thumb Code     0  libinit2.o(.ARM.Collect$$libinit$$00000010)
    __rt_lib_init_relocate_pie_1             0x08000295   Thumb Code     0  libinit2.o(.ARM.Collect$$libinit$$00000004)
    __rt_lib_init_user_alloc_1               0x08000295   Thumb Code     0  libinit2.o(.ARM.Collect$$libinit$$0000000E)
    __rt_lib_init_lc_collate_1               0x0800029b   Thumb Code     0  libinit2.o(.ARM.Collect$$libinit$$00000013)
    __rt_lib_init_lc_ctype_2                 0x0800029b   Thumb Code     0  libinit2.o(.ARM.Collect$$libinit$$00000014)
    __rt_lib_init_alloca_1                   0x080002a7   Thumb Code     0  libinit2.o(.ARM.Collect$$libinit$$00000030)
    __rt_lib_init_argv_1                     0x080002a7   Thumb Code     0  libinit2.o(.ARM.Collect$$libinit$$0000002E)
    __rt_lib_init_atexit_1                   0x080002a7   Thumb Code     0  libinit2.o(.ARM.Collect$$libinit$$0000001D)
    __rt_lib_init_clock_1                    0x080002a7   Thumb Code     0  libinit2.o(.ARM.Collect$$libinit$$00000023)
    __rt_lib_init_cpp_1                      0x080002a7   Thumb Code     0  libinit2.o(.ARM.Collect$$libinit$$00000034)
    __rt_lib_init_exceptions_1               0x080002a7   Thumb Code     0  libinit2.o(.ARM.Collect$$libinit$$00000032)
    __rt_lib_init_fp_trap_1                  0x080002a7   Thumb Code     0  libinit2.o(.ARM.Collect$$libinit$$00000021)
    __rt_lib_init_getenv_1                   0x080002a7   Thumb Code     0  libinit2.o(.ARM.Collect$$libinit$$00000025)
    __rt_lib_init_lc_ctype_1                 0x080002a7   Thumb Code     0  libinit2.o(.ARM.Collect$$libinit$$00000015)
    __rt_lib_init_lc_monetary_1              0x080002a7   Thumb Code     0  libinit2.o(.ARM.Collect$$libinit$$00000017)
    __rt_lib_init_lc_numeric_1               0x080002a7   Thumb Code     0  libinit2.o(.ARM.Collect$$libinit$$00000019)
    __rt_lib_init_lc_time_1                  0x080002a7   Thumb Code     0  libinit2.o(.ARM.Collect$$libinit$$0000001B)
    __rt_lib_init_return                     0x080002a7   Thumb Code     0  libinit2.o(.ARM.Collect$$libinit$$00000035)
    __rt_lib_init_signal_1                   0x080002a7   Thumb Code     0  libinit2.o(.ARM.Collect$$libinit$$0000001F)
    __rt_lib_init_stdio_1                    0x080002a7   Thumb Code     0  libinit2.o(.ARM.Collect$$libinit$$00000027)
    __rt_lib_shutdown                        0x080002a9   Thumb Code     0  libshutdown.o(.ARM.Collect$$libshutdown$$00000000)
    __rt_lib_shutdown_cpp_1                  0x080002ab   Thumb Code     0  libshutdown2.o(.ARM.Collect$$libshutdown$$00000002)
    __rt_lib_shutdown_fp_trap_1              0x080002ab   Thumb Code     0  libshutdown2.o(.ARM.Collect$$libshutdown$$00000007)
    __rt_lib_shutdown_heap_1                 0x080002ab   Thumb Code     0  libshutdown2.o(.ARM.Collect$$libshutdown$$0000000F)
    __rt_lib_shutdown_return                 0x080002ab   Thumb Code     0  libshutdown2.o(.ARM.Collect$$libshutdown$$00000010)
    __rt_lib_shutdown_signal_1               0x080002ab   Thumb Code     0  libshutdown2.o(.ARM.Collect$$libshutdown$$0000000A)
    __rt_lib_shutdown_stdio_1                0x080002ab   Thumb Code     0  libshutdown2.o(.ARM.Collect$$libshutdown$$00000004)
    __rt_lib_shutdown_user_alloc_1           0x080002ab   Thumb Code     0  libshutdown2.o(.ARM.Collect$$libshutdown$$0000000C)
    __rt_entry                               0x080002ad   Thumb Code     0  __rtentry.o(.ARM.Collect$$rtentry$$00000000)
    __rt_entry_presh_1                       0x080002ad   Thumb Code     0  __rtentry2.o(.ARM.Collect$$rtentry$$00000002)
    __rt_entry_sh                            0x080002ad   Thumb Code     0  __rtentry4.o(.ARM.Collect$$rtentry$$00000004)
    __rt_entry_li                            0x080002b3   Thumb Code     0  __rtentry2.o(.ARM.Collect$$rtentry$$0000000A)
    __rt_entry_postsh_1                      0x080002b3   Thumb Code     0  __rtentry2.o(.ARM.Collect$$rtentry$$00000009)
    __rt_entry_main                          0x080002b7   Thumb Code     0  __rtentry2.o(.ARM.Collect$$rtentry$$0000000D)
    __rt_entry_postli_1                      0x080002b7   Thumb Code     0  __rtentry2.o(.ARM.Collect$$rtentry$$0000000C)
    __rt_exit                                0x080002bf   Thumb Code     0  rtexit.o(.ARM.Collect$$rtexit$$00000000)
    __rt_exit_ls                             0x080002c1   Thumb Code     0  rtexit2.o(.ARM.Collect$$rtexit$$00000003)
    __rt_exit_prels_1                        0x080002c1   Thumb Code     0  rtexit2.o(.ARM.Collect$$rtexit$$00000002)
    __rt_exit_exit                           0x080002c5   Thumb Code     0  rtexit2.o(.ARM.Collect$$rtexit$$00000004)
    Reset_Handler                            0x080002cd   Thumb Code     8  startup_stm32g431xx.o(.text)
    ADC1_2_IRQHandler                        0x080002e7   Thumb Code     0  startup_stm32g431xx.o(.text)
    COMP1_2_3_IRQHandler                     0x080002e7   Thumb Code     0  startup_stm32g431xx.o(.text)
    COMP4_IRQHandler                         0x080002e7   Thumb Code     0  startup_stm32g431xx.o(.text)
    CORDIC_IRQHandler                        0x080002e7   Thumb Code     0  startup_stm32g431xx.o(.text)
    CRS_IRQHandler                           0x080002e7   Thumb Code     0  startup_stm32g431xx.o(.text)
    DMA1_Channel4_IRQHandler                 0x080002e7   Thumb Code     0  startup_stm32g431xx.o(.text)
    DMA1_Channel5_IRQHandler                 0x080002e7   Thumb Code     0  startup_stm32g431xx.o(.text)
    DMA1_Channel6_IRQHandler                 0x080002e7   Thumb Code     0  startup_stm32g431xx.o(.text)
    DMA2_Channel1_IRQHandler                 0x080002e7   Thumb Code     0  startup_stm32g431xx.o(.text)
    DMA2_Channel2_IRQHandler                 0x080002e7   Thumb Code     0  startup_stm32g431xx.o(.text)
    DMA2_Channel3_IRQHandler                 0x080002e7   Thumb Code     0  startup_stm32g431xx.o(.text)
    DMA2_Channel4_IRQHandler                 0x080002e7   Thumb Code     0  startup_stm32g431xx.o(.text)
    DMA2_Channel5_IRQHandler                 0x080002e7   Thumb Code     0  startup_stm32g431xx.o(.text)
    DMA2_Channel6_IRQHandler                 0x080002e7   Thumb Code     0  startup_stm32g431xx.o(.text)
    DMAMUX_OVR_IRQHandler                    0x080002e7   Thumb Code     0  startup_stm32g431xx.o(.text)
    EXTI0_IRQHandler                         0x080002e7   Thumb Code     0  startup_stm32g431xx.o(.text)
    EXTI1_IRQHandler                         0x080002e7   Thumb Code     0  startup_stm32g431xx.o(.text)
    EXTI2_IRQHandler                         0x080002e7   Thumb Code     0  startup_stm32g431xx.o(.text)
    EXTI3_IRQHandler                         0x080002e7   Thumb Code     0  startup_stm32g431xx.o(.text)
    EXTI4_IRQHandler                         0x080002e7   Thumb Code     0  startup_stm32g431xx.o(.text)
    EXTI9_5_IRQHandler                       0x080002e7   Thumb Code     0  startup_stm32g431xx.o(.text)
    FDCAN1_IT0_IRQHandler                    0x080002e7   Thumb Code     0  startup_stm32g431xx.o(.text)
    FDCAN1_IT1_IRQHandler                    0x080002e7   Thumb Code     0  startup_stm32g431xx.o(.text)
    FLASH_IRQHandler                         0x080002e7   Thumb Code     0  startup_stm32g431xx.o(.text)
    FMAC_IRQHandler                          0x080002e7   Thumb Code     0  startup_stm32g431xx.o(.text)
    FPU_IRQHandler                           0x080002e7   Thumb Code     0  startup_stm32g431xx.o(.text)
    I2C1_ER_IRQHandler                       0x080002e7   Thumb Code     0  startup_stm32g431xx.o(.text)
    I2C1_EV_IRQHandler                       0x080002e7   Thumb Code     0  startup_stm32g431xx.o(.text)
    I2C2_ER_IRQHandler                       0x080002e7   Thumb Code     0  startup_stm32g431xx.o(.text)
    I2C2_EV_IRQHandler                       0x080002e7   Thumb Code     0  startup_stm32g431xx.o(.text)
    I2C3_ER_IRQHandler                       0x080002e7   Thumb Code     0  startup_stm32g431xx.o(.text)
    I2C3_EV_IRQHandler                       0x080002e7   Thumb Code     0  startup_stm32g431xx.o(.text)
    LPTIM1_IRQHandler                        0x080002e7   Thumb Code     0  startup_stm32g431xx.o(.text)
    LPUART1_IRQHandler                       0x080002e7   Thumb Code     0  startup_stm32g431xx.o(.text)
    PVD_PVM_IRQHandler                       0x080002e7   Thumb Code     0  startup_stm32g431xx.o(.text)
    RCC_IRQHandler                           0x080002e7   Thumb Code     0  startup_stm32g431xx.o(.text)
    RNG_IRQHandler                           0x080002e7   Thumb Code     0  startup_stm32g431xx.o(.text)
    RTC_Alarm_IRQHandler                     0x080002e7   Thumb Code     0  startup_stm32g431xx.o(.text)
    RTC_TAMP_LSECSS_IRQHandler               0x080002e7   Thumb Code     0  startup_stm32g431xx.o(.text)
    RTC_WKUP_IRQHandler                      0x080002e7   Thumb Code     0  startup_stm32g431xx.o(.text)
    SAI1_IRQHandler                          0x080002e7   Thumb Code     0  startup_stm32g431xx.o(.text)
    SPI1_IRQHandler                          0x080002e7   Thumb Code     0  startup_stm32g431xx.o(.text)
    SPI2_IRQHandler                          0x080002e7   Thumb Code     0  startup_stm32g431xx.o(.text)
    SPI3_IRQHandler                          0x080002e7   Thumb Code     0  startup_stm32g431xx.o(.text)
    TIM1_BRK_TIM15_IRQHandler                0x080002e7   Thumb Code     0  startup_stm32g431xx.o(.text)
    TIM1_CC_IRQHandler                       0x080002e7   Thumb Code     0  startup_stm32g431xx.o(.text)
    TIM1_TRG_COM_TIM17_IRQHandler            0x080002e7   Thumb Code     0  startup_stm32g431xx.o(.text)
    TIM1_UP_TIM16_IRQHandler                 0x080002e7   Thumb Code     0  startup_stm32g431xx.o(.text)
    TIM3_IRQHandler                          0x080002e7   Thumb Code     0  startup_stm32g431xx.o(.text)
    TIM4_IRQHandler                          0x080002e7   Thumb Code     0  startup_stm32g431xx.o(.text)
    TIM6_DAC_IRQHandler                      0x080002e7   Thumb Code     0  startup_stm32g431xx.o(.text)
    TIM7_IRQHandler                          0x080002e7   Thumb Code     0  startup_stm32g431xx.o(.text)
    TIM8_BRK_IRQHandler                      0x080002e7   Thumb Code     0  startup_stm32g431xx.o(.text)
    TIM8_CC_IRQHandler                       0x080002e7   Thumb Code     0  startup_stm32g431xx.o(.text)
    TIM8_TRG_COM_IRQHandler                  0x080002e7   Thumb Code     0  startup_stm32g431xx.o(.text)
    TIM8_UP_IRQHandler                       0x080002e7   Thumb Code     0  startup_stm32g431xx.o(.text)
    UART4_IRQHandler                         0x080002e7   Thumb Code     0  startup_stm32g431xx.o(.text)
    UCPD1_IRQHandler                         0x080002e7   Thumb Code     0  startup_stm32g431xx.o(.text)
    USART1_IRQHandler                        0x080002e7   Thumb Code     0  startup_stm32g431xx.o(.text)
    USART3_IRQHandler                        0x080002e7   Thumb Code     0  startup_stm32g431xx.o(.text)
    USBWakeUp_IRQHandler                     0x080002e7   Thumb Code     0  startup_stm32g431xx.o(.text)
    USB_HP_IRQHandler                        0x080002e7   Thumb Code     0  startup_stm32g431xx.o(.text)
    USB_LP_IRQHandler                        0x080002e7   Thumb Code     0  startup_stm32g431xx.o(.text)
    WWDG_IRQHandler                          0x080002e7   Thumb Code     0  startup_stm32g431xx.o(.text)
    __user_initial_stackheap                 0x080002e9   Thumb Code     0  startup_stm32g431xx.o(.text)
    __rt_ctype_table                         0x0800030d   Thumb Code    16  rt_ctype_table.o(.text)
    __aeabi_uldivmod                         0x0800031d   Thumb Code     0  lludivv7m.o(.text)
    _ll_udiv                                 0x0800031d   Thumb Code   240  lludivv7m.o(.text)
    __2snprintf                              0x0800040d   Thumb Code    58  noretval__2snprintf.o(.text)
    _printf_str                              0x0800044d   Thumb Code    82  _printf_str.o(.text)
    _printf_int_dec                          0x080004a1   Thumb Code   104  _printf_dec.o(.text)
    __printf                                 0x08000519   Thumb Code   184  __printf_ss.o(.text)
    strtol                                   0x080005d1   Thumb Code   112  strtol.o(.text)
    strtoul                                  0x08000641   Thumb Code   114  strtoul.o(.text)
    strtok                                   0x080006b5   Thumb Code     6  strtok.o(.text)
    strlen                                   0x080006c1   Thumb Code    62  strlen.o(.text)
    __aeabi_memmove                          0x080006ff   Thumb Code     0  rt_memmove_v6.o(.text)
    __rt_memmove                             0x080006ff   Thumb Code   132  rt_memmove_v6.o(.text)
    __memmove_lastfew                        0x0800075f   Thumb Code     0  rt_memmove_v6.o(.text)
    __aeabi_memclr4                          0x08000783   Thumb Code     0  rt_memclr_w.o(.text)
    __aeabi_memclr8                          0x08000783   Thumb Code     0  rt_memclr_w.o(.text)
    __rt_memclr_w                            0x08000783   Thumb Code     0  rt_memclr_w.o(.text)
    _memset_w                                0x08000787   Thumb Code    74  rt_memclr_w.o(.text)
    strcmp                                   0x080007d1   Thumb Code   124  strcmpv7em.o(.text)
    __use_two_region_memory                  0x0800084d   Thumb Code     2  heapauxi.o(.text)
    __rt_heap_escrow$2region                 0x0800084f   Thumb Code     2  heapauxi.o(.text)
    __rt_heap_expand$2region                 0x08000851   Thumb Code     2  heapauxi.o(.text)
    __rt_locale                              0x08000855   Thumb Code     8  rt_locale_intlibspace.o(.text)
    __aeabi_errno_addr                       0x0800085d   Thumb Code     8  rt_errno_addr_intlibspace.o(.text)
    __errno$intlibspace                      0x0800085d   Thumb Code     0  rt_errno_addr_intlibspace.o(.text)
    __rt_errno_addr$intlibspace              0x0800085d   Thumb Code     0  rt_errno_addr_intlibspace.o(.text)
    _printf_int_common                       0x08000865   Thumb Code   178  _printf_intcommon.o(.text)
    _printf_char_common                      0x08000923   Thumb Code    32  _printf_char_common.o(.text)
    _snputc                                  0x08000949   Thumb Code    16  _snputc.o(.text)
    _printf_cs_common                        0x08000959   Thumb Code    20  _printf_char.o(.text)
    _printf_char                             0x0800096d   Thumb Code    16  _printf_char.o(.text)
    _printf_string                           0x0800097d   Thumb Code     8  _printf_char.o(.text)
    _strtoul                                 0x08000985   Thumb Code   158  _strtoul.o(.text)
    __strtok_internal                        0x08000a25   Thumb Code    64  strtok_int.o(.text)
    __aeabi_memcpy                           0x08000a69   Thumb Code     0  rt_memcpy_v6.o(.text)
    __rt_memcpy                              0x08000a69   Thumb Code   138  rt_memcpy_v6.o(.text)
    _memcpy_lastbytes                        0x08000acf   Thumb Code     0  rt_memcpy_v6.o(.text)
    __aeabi_memmove4                         0x08000af3   Thumb Code     0  rt_memmove_w.o(.text)
    __aeabi_memmove8                         0x08000af3   Thumb Code     0  rt_memmove_w.o(.text)
    __rt_memmove_w                           0x08000af3   Thumb Code   122  rt_memmove_w.o(.text)
    __memmove_aligned                        0x08000b19   Thumb Code     0  rt_memmove_w.o(.text)
    __memmove_lastfew_aligned                0x08000b51   Thumb Code     0  rt_memmove_w.o(.text)
    __user_libspace                          0x08000b6d   Thumb Code     8  libspace.o(.text)
    __user_perproc_libspace                  0x08000b6d   Thumb Code     0  libspace.o(.text)
    __user_perthread_libspace                0x08000b6d   Thumb Code     0  libspace.o(.text)
    _chval                                   0x08000b75   Thumb Code    28  _chval.o(.text)
    strcspn                                  0x08000b91   Thumb Code    32  strcspn.o(.text)
    strspn                                   0x08000bb1   Thumb Code    28  strspn.o(.text)
    __aeabi_memcpy4                          0x08000bcd   Thumb Code     0  rt_memcpy_w.o(.text)
    __aeabi_memcpy8                          0x08000bcd   Thumb Code     0  rt_memcpy_w.o(.text)
    __rt_memcpy_w                            0x08000bcd   Thumb Code   100  rt_memcpy_w.o(.text)
    _memcpy_lastbytes_aligned                0x08000c15   Thumb Code     0  rt_memcpy_w.o(.text)
    __user_setup_stackheap                   0x08000c31   Thumb Code    74  sys_stackheap_outer.o(.text)
    exit                                     0x08000c7b   Thumb Code    18  exit.o(.text)
    _sys_exit                                0x08000c8d   Thumb Code     8  sys_exit.o(.text)
    __I$use$semihosting                      0x08000c99   Thumb Code     0  use_no_semi.o(.text)
    __use_no_semihosting_swi                 0x08000c99   Thumb Code     2  use_no_semi.o(.text)
    __semihosting_library_function           0x08000c9b   Thumb Code     0  indicate_semi.o(.text)
    AppAudio_Init                            0x08000c9d   Thumb Code    14  app_audio.o(.text.AppAudio_Init)
    AppAudio_OnError                         0x08000cad   Thumb Code    20  app_audio.o(.text.AppAudio_OnError)
    AppAudio_OnRxCplt                        0x08000cc1   Thumb Code   170  app_audio.o(.text.AppAudio_OnRxCplt)
    AppAudio_OnRxHalfCplt                    0x08000d6d   Thumb Code   162  app_audio.o(.text.AppAudio_OnRxHalfCplt)
    AppAudio_OnTxCplt                        0x08000e11   Thumb Code    22  app_audio.o(.text.AppAudio_OnTxCplt)
    AppAudio_OnTxHalfCplt                    0x08000e29   Thumb Code    22  app_audio.o(.text.AppAudio_OnTxHalfCplt)
    AppAudio_RuntimeFailed                   0x08000e41   Thumb Code    18  app_audio.o(.text.AppAudio_RuntimeFailed)
    AppAudio_Start                           0x08000e55   Thumb Code   132  app_audio.o(.text.AppAudio_Start)
    AppAudio_StartFailed                     0x08000ed9   Thumb Code    18  app_audio.o(.text.AppAudio_StartFailed)
    AppCom_Init                              0x08000eed   Thumb Code   176  app_com.o(.text.AppCom_Init)
    AppCom_OnUartError                       0x08000fa5   Thumb Code   202  app_com.o(.text.AppCom_OnUartError)
    AppCom_OnUartRxCplt                      0x08001071   Thumb Code    78  app_com.o(.text.AppCom_OnUartRxCplt)
    AppCom_OnUartRxEvent                     0x080010c1   Thumb Code   378  app_com.o(.text.AppCom_OnUartRxEvent)
    AppCom_OnUartTxCplt                      0x0800123d   Thumb Code   116  app_com.o(.text.AppCom_OnUartTxCplt)
    AppCom_Poll                              0x080012b1   Thumb Code  1056  app_com.o(.text.AppCom_Poll)
    AppDsp_GetFxMask                         0x08001781   Thumb Code    12  app_dsp.o(.text.AppDsp_GetFxMask)
    AppDsp_GetMode                           0x0800178d   Thumb Code    12  app_dsp.o(.text.AppDsp_GetMode)
    AppDsp_GetParam                          0x08001799   Thumb Code    20  app_dsp.o(.text.AppDsp_GetParam)
    AppDsp_Init                              0x080017c9   Thumb Code   254  app_dsp.o(.text.AppDsp_Init)
    AppDsp_ProcessFrame                      0x080018c9   Thumb Code  2654  app_dsp.o(.text.AppDsp_ProcessFrame)
    AppDsp_SetFxMask                         0x08002329   Thumb Code    28  app_dsp.o(.text.AppDsp_SetFxMask)
    AppDsp_SetParam                          0x0800234d   Thumb Code   238  app_dsp.o(.text.AppDsp_SetParam)
    AppError_BlinkForever                    0x0800243d   Thumb Code   144  app_error.o(.text.AppError_BlinkForever)
    BusFault_Handler                         0x080024cd   Thumb Code     2  stm32g4xx_it.o(.text.BusFault_Handler)
    DMA1_Channel1_IRQHandler                 0x080024d1   Thumb Code    12  stm32g4xx_it.o(.text.DMA1_Channel1_IRQHandler)
    DMA1_Channel2_IRQHandler                 0x080024dd   Thumb Code    12  stm32g4xx_it.o(.text.DMA1_Channel2_IRQHandler)
    DMA1_Channel3_IRQHandler                 0x080024e9   Thumb Code    12  stm32g4xx_it.o(.text.DMA1_Channel3_IRQHandler)
    DebugMon_Handler                         0x080024f5   Thumb Code     2  stm32g4xx_it.o(.text.DebugMon_Handler)
    EXTI15_10_IRQHandler                     0x080024f9   Thumb Code     2  stm32g4xx_it.o(.text.EXTI15_10_IRQHandler)
    Error_Handler                            0x080024fd   Thumb Code     4  main.o(.text.Error_Handler)
    HAL_DMA_Abort                            0x08002501   Thumb Code   112  stm32g4xx_hal_dma.o(.text.HAL_DMA_Abort)
    HAL_DMA_Abort_IT                         0x08002571   Thumb Code   128  stm32g4xx_hal_dma.o(.text.HAL_DMA_Abort_IT)
    HAL_DMA_GetError                         0x080025f1   Thumb Code     4  stm32g4xx_hal_dma.o(.text.HAL_DMA_GetError)
    HAL_DMA_IRQHandler                       0x080025f5   Thumb Code   170  stm32g4xx_hal_dma.o(.text.HAL_DMA_IRQHandler)
    HAL_DMA_Init                             0x080026a1   Thumb Code   280  stm32g4xx_hal_dma.o(.text.HAL_DMA_Init)
    HAL_DMA_Start_IT                         0x080027b9   Thumb Code   232  stm32g4xx_hal_dma.o(.text.HAL_DMA_Start_IT)
    HAL_GPIO_Init                            0x080028a1   Thumb Code   434  stm32g4xx_hal_gpio.o(.text.HAL_GPIO_Init)
    HAL_GPIO_TogglePin                       0x08002a55   Thumb Code    16  stm32g4xx_hal_gpio.o(.text.HAL_GPIO_TogglePin)
    HAL_GPIO_WritePin                        0x08002a65   Thumb Code    12  stm32g4xx_hal_gpio.o(.text.HAL_GPIO_WritePin)
    HAL_GetTick                              0x08002a71   Thumb Code    12  stm32g4xx_hal.o(.text.HAL_GetTick)
    HAL_I2S_ErrorCallback                    0x08002a7d   Thumb Code     4  main.o(.text.HAL_I2S_ErrorCallback)
    HAL_I2S_Init                             0x08002a81   Thumb Code   260  stm32g4xx_hal_i2s.o(.text.HAL_I2S_Init)
    HAL_I2S_MspInit                          0x08002b85   Thumb Code   506  stm32g4xx_hal_msp.o(.text.HAL_I2S_MspInit)
    HAL_I2S_Receive_DMA                      0x08002d81   Thumb Code   256  stm32g4xx_hal_i2s.o(.text.HAL_I2S_Receive_DMA)
    HAL_I2S_RxCpltCallback                   0x08002e81   Thumb Code     4  main.o(.text.HAL_I2S_RxCpltCallback)
    HAL_I2S_RxHalfCpltCallback               0x08002e85   Thumb Code     4  main.o(.text.HAL_I2S_RxHalfCpltCallback)
    HAL_I2S_Transmit_DMA                     0x08002e89   Thumb Code   218  stm32g4xx_hal_i2s.o(.text.HAL_I2S_Transmit_DMA)
    HAL_I2S_TxCpltCallback                   0x08002f65   Thumb Code     4  main.o(.text.HAL_I2S_TxCpltCallback)
    HAL_I2S_TxHalfCpltCallback               0x08002f69   Thumb Code     4  main.o(.text.HAL_I2S_TxHalfCpltCallback)
    HAL_IncTick                              0x08002f6d   Thumb Code    26  stm32g4xx_hal.o(.text.HAL_IncTick)
    HAL_Init                                 0x08002f89   Thumb Code    30  stm32g4xx_hal.o(.text.HAL_Init)
    HAL_InitTick                             0x08002fa9   Thumb Code   162  stm32g4xx_hal_timebase_tim.o(.text.HAL_InitTick)
    HAL_MspInit                              0x0800304d   Thumb Code    52  stm32g4xx_hal_msp.o(.text.HAL_MspInit)
    HAL_NVIC_EnableIRQ                       0x08003081   Thumb Code    34  stm32g4xx_hal_cortex.o(.text.HAL_NVIC_EnableIRQ)
    HAL_NVIC_SetPriority                     0x080030a5   Thumb Code    86  stm32g4xx_hal_cortex.o(.text.HAL_NVIC_SetPriority)
    HAL_NVIC_SetPriorityGrouping             0x080030fd   Thumb Code    32  stm32g4xx_hal_cortex.o(.text.HAL_NVIC_SetPriorityGrouping)
    HAL_PWREx_ControlVoltageScaling          0x0800311d   Thumb Code   270  stm32g4xx_hal_pwr_ex.o(.text.HAL_PWREx_ControlVoltageScaling)
    HAL_PWREx_DisableUCPDDeadBattery         0x0800322d   Thumb Code    18  stm32g4xx_hal_pwr_ex.o(.text.HAL_PWREx_DisableUCPDDeadBattery)
    HAL_RCCEx_GetPeriphCLKFreq               0x08003241   Thumb Code  1188  stm32g4xx_hal_rcc_ex.o(.text.HAL_RCCEx_GetPeriphCLKFreq)
    HAL_RCCEx_PeriphCLKConfig                0x080036e5   Thumb Code   618  stm32g4xx_hal_rcc_ex.o(.text.HAL_RCCEx_PeriphCLKConfig)
    HAL_RCC_ClockConfig                      0x08003951   Thumb Code   772  stm32g4xx_hal_rcc.o(.text.HAL_RCC_ClockConfig)
    HAL_RCC_GetClockConfig                   0x08003c55   Thumb Code    66  stm32g4xx_hal_rcc.o(.text.HAL_RCC_GetClockConfig)
    HAL_RCC_GetPCLK1Freq                     0x08003c99   Thumb Code    42  stm32g4xx_hal_rcc.o(.text.HAL_RCC_GetPCLK1Freq)
    HAL_RCC_GetPCLK2Freq                     0x08003cc5   Thumb Code    42  stm32g4xx_hal_rcc.o(.text.HAL_RCC_GetPCLK2Freq)
    HAL_RCC_GetSysClockFreq                  0x08003cf1   Thumb Code   130  stm32g4xx_hal_rcc.o(.text.HAL_RCC_GetSysClockFreq)
    HAL_RCC_OscConfig                        0x08003d75   Thumb Code  1230  stm32g4xx_hal_rcc.o(.text.HAL_RCC_OscConfig)
    HAL_TIMEx_Break2Callback                 0x08004245   Thumb Code     2  stm32g4xx_hal_tim_ex.o(.text.HAL_TIMEx_Break2Callback)
    HAL_TIMEx_BreakCallback                  0x08004249   Thumb Code     2  stm32g4xx_hal_tim_ex.o(.text.HAL_TIMEx_BreakCallback)
    HAL_TIMEx_CommutCallback                 0x0800424d   Thumb Code     2  stm32g4xx_hal_tim_ex.o(.text.HAL_TIMEx_CommutCallback)
    HAL_TIMEx_DirectionChangeCallback        0x08004251   Thumb Code     2  stm32g4xx_hal_tim_ex.o(.text.HAL_TIMEx_DirectionChangeCallback)
    HAL_TIMEx_EncoderIndexCallback           0x08004255   Thumb Code     2  stm32g4xx_hal_tim_ex.o(.text.HAL_TIMEx_EncoderIndexCallback)
    HAL_TIMEx_IndexErrorCallback             0x08004259   Thumb Code     2  stm32g4xx_hal_tim_ex.o(.text.HAL_TIMEx_IndexErrorCallback)
    HAL_TIMEx_TransitionErrorCallback        0x0800425d   Thumb Code     2  stm32g4xx_hal_tim_ex.o(.text.HAL_TIMEx_TransitionErrorCallback)
    HAL_TIM_Base_Init                        0x08004261   Thumb Code    98  stm32g4xx_hal_tim.o(.text.HAL_TIM_Base_Init)
    HAL_TIM_Base_MspInit                     0x080042c5   Thumb Code     2  stm32g4xx_hal_tim.o(.text.HAL_TIM_Base_MspInit)
    HAL_TIM_Base_Start_IT                    0x080042c9   Thumb Code   146  stm32g4xx_hal_tim.o(.text.HAL_TIM_Base_Start_IT)
    HAL_TIM_IC_CaptureCallback               0x0800435d   Thumb Code     2  stm32g4xx_hal_tim.o(.text.HAL_TIM_IC_CaptureCallback)
    HAL_TIM_IRQHandler                       0x08004361   Thumb Code   460  stm32g4xx_hal_tim.o(.text.HAL_TIM_IRQHandler)
    HAL_TIM_OC_DelayElapsedCallback          0x0800452d   Thumb Code     2  stm32g4xx_hal_tim.o(.text.HAL_TIM_OC_DelayElapsedCallback)
    HAL_TIM_PWM_PulseFinishedCallback        0x08004531   Thumb Code     2  stm32g4xx_hal_tim.o(.text.HAL_TIM_PWM_PulseFinishedCallback)
    HAL_TIM_PeriodElapsedCallback            0x08004535   Thumb Code    14  main.o(.text.HAL_TIM_PeriodElapsedCallback)
    HAL_TIM_TriggerCallback                  0x08004545   Thumb Code     2  stm32g4xx_hal_tim.o(.text.HAL_TIM_TriggerCallback)
    HAL_UARTEx_ReceiveToIdle_DMA             0x08004549   Thumb Code   152  stm32g4xx_hal_uart_ex.o(.text.HAL_UARTEx_ReceiveToIdle_DMA)
    HAL_UARTEx_ReceiveToIdle_IT              0x080045e1   Thumb Code   138  stm32g4xx_hal_uart_ex.o(.text.HAL_UARTEx_ReceiveToIdle_IT)
    HAL_UARTEx_RxEventCallback               0x0800466d   Thumb Code     4  main.o(.text.HAL_UARTEx_RxEventCallback)
    HAL_UARTEx_RxFifoFullCallback            0x08004671   Thumb Code     2  stm32g4xx_hal_uart_ex.o(.text.HAL_UARTEx_RxFifoFullCallback)
    HAL_UARTEx_TxFifoEmptyCallback           0x08004675   Thumb Code     2  stm32g4xx_hal_uart_ex.o(.text.HAL_UARTEx_TxFifoEmptyCallback)
    HAL_UARTEx_WakeupCallback                0x08004679   Thumb Code     2  stm32g4xx_hal_uart_ex.o(.text.HAL_UARTEx_WakeupCallback)
    HAL_UART_AbortReceive                    0x0800467d   Thumb Code   386  stm32g4xx_hal_uart.o(.text.HAL_UART_AbortReceive)
    HAL_UART_AbortReceiveCpltCallback        0x08004801   Thumb Code     2  stm32g4xx_hal_uart.o(.text.HAL_UART_AbortReceiveCpltCallback)
    HAL_UART_AbortReceive_IT                 0x08004805   Thumb Code   414  stm32g4xx_hal_uart.o(.text.HAL_UART_AbortReceive_IT)
    HAL_UART_AbortTransmitCpltCallback       0x080049a5   Thumb Code     2  stm32g4xx_hal_uart.o(.text.HAL_UART_AbortTransmitCpltCallback)
    HAL_UART_AbortTransmit_IT                0x080049a9   Thumb Code   318  stm32g4xx_hal_uart.o(.text.HAL_UART_AbortTransmit_IT)
    HAL_UART_ErrorCallback                   0x08004ae9   Thumb Code     4  main.o(.text.HAL_UART_ErrorCallback)
    HAL_UART_IRQHandler                      0x08004aed   Thumb Code  1614  stm32g4xx_hal_uart.o(.text.HAL_UART_IRQHandler)
    HAL_UART_Init                            0x0800513d   Thumb Code   100  stm32g4xx_hal_uart.o(.text.HAL_UART_Init)
    HAL_UART_MspInit                         0x080051a1   Thumb Code   184  stm32g4xx_hal_msp.o(.text.HAL_UART_MspInit)
    HAL_UART_Receive_IT                      0x08005259   Thumb Code   170  stm32g4xx_hal_uart.o(.text.HAL_UART_Receive_IT)
    HAL_UART_RxCpltCallback                  0x08005305   Thumb Code     4  main.o(.text.HAL_UART_RxCpltCallback)
    HAL_UART_RxHalfCpltCallback              0x08005309   Thumb Code     2  stm32g4xx_hal_uart.o(.text.HAL_UART_RxHalfCpltCallback)
    HAL_UART_Transmit_IT                     0x0800530d   Thumb Code   294  stm32g4xx_hal_uart.o(.text.HAL_UART_Transmit_IT)
    HAL_UART_TxCpltCallback                  0x08005435   Thumb Code     4  main.o(.text.HAL_UART_TxCpltCallback)
    HardFault_Handler                        0x08005439   Thumb Code     2  stm32g4xx_it.o(.text.HardFault_Handler)
    MemManage_Handler                        0x080054b9   Thumb Code     2  stm32g4xx_it.o(.text.MemManage_Handler)
    NMI_Handler                              0x080054bd   Thumb Code     2  stm32g4xx_it.o(.text.NMI_Handler)
    PendSV_Handler                           0x080054c1   Thumb Code     2  stm32g4xx_it.o(.text.PendSV_Handler)
    SVC_Handler                              0x080054c5   Thumb Code     2  stm32g4xx_it.o(.text.SVC_Handler)
    SysTick_Handler                          0x080054c9   Thumb Code     2  stm32g4xx_it.o(.text.SysTick_Handler)
    SystemClock_Config                       0x080054cd   Thumb Code   104  main.o(.text.SystemClock_Config)
    SystemInit                               0x08005535   Thumb Code    18  system_stm32g4xx.o(.text.SystemInit)
    TIM2_IRQHandler                          0x08005549   Thumb Code    12  stm32g4xx_it.o(.text.TIM2_IRQHandler)
    TIM_Base_SetConfig                       0x08005555   Thumb Code   308  stm32g4xx_hal_tim.o(.text.TIM_Base_SetConfig)
    UART_AdvFeatureConfig                    0x08005689   Thumb Code   230  stm32g4xx_hal_uart.o(.text.UART_AdvFeatureConfig)
    UART_CheckIdleState                      0x08005771   Thumb Code   362  stm32g4xx_hal_uart.o(.text.UART_CheckIdleState)
    UART_SetConfig                           0x0800663d   Thumb Code   648  stm32g4xx_hal_uart.o(.text.UART_SetConfig)
    UART_Start_Receive_DMA                   0x080068d5   Thumb Code   326  stm32g4xx_hal_uart.o(.text.UART_Start_Receive_DMA)
    UART_Start_Receive_IT                    0x08006a1d   Thumb Code   610  stm32g4xx_hal_uart.o(.text.UART_Start_Receive_IT)
    UART_WaitOnFlagUntilTimeout              0x08006fd1   Thumb Code   822  stm32g4xx_hal_uart.o(.text.UART_WaitOnFlagUntilTimeout)
    USART2_IRQHandler                        0x08007309   Thumb Code    12  stm32g4xx_it.o(.text.USART2_IRQHandler)
    UsageFault_Handler                       0x08007315   Thumb Code     2  stm32g4xx_it.o(.text.UsageFault_Handler)
    main                                     0x08007319   Thumb Code   496  main.o(.text.main)
    _get_lc_ctype                            0x08007825   Thumb Code    44  lc_ctype_c.o(locale$$code)
    _fp_init                                 0x08007851   Thumb Code    26  fpinit.o(x$fpl$fpinit)
    __fplib_config_fpu_vfp                   0x08007869   Thumb Code     0  fpinit.o(x$fpl$fpinit)
    __fplib_config_pureend_doubles           0x08007869   Thumb Code     0  fpinit.o(x$fpl$fpinit)
    AHBPrescTable                            0x0800786a   Data          16  system_stm32g4xx.o(.rodata.AHBPrescTable)
    APBPrescTable                            0x0800787a   Data           8  system_stm32g4xx.o(.rodata.APBPrescTable)
    UARTPrescTable                           0x08007882   Data          24  stm32g4xx_hal_uart.o(.rodata.UARTPrescTable)
    Region$$Table$$Base                      0x08007998   Number         0  anon$$obj.o(Region$$Table)
    Region$$Table$$Limit                     0x080079b8   Number         0  anon$$obj.o(Region$$Table)
    __ctype                                  0x080079c5   Data           0  lc_ctype_c.o(locale$$data)
    uwTickPrio                               0x20000030   Data           4  stm32g4xx_hal.o(.data..L_MergedGlobals)
    uwTickFreq                               0x20000034   Data           4  stm32g4xx_hal.o(.data..L_MergedGlobals)
    SystemCoreClock                          0x20000038   Data           4  system_stm32g4xx.o(.data.SystemCoreClock)
    __libspace_start                         0x20000040   Data          96  libspace.o(.bss)
    __temporary_stack_top$libspace           0x200000a0   Data           0  libspace.o(.bss)
    hi2s2                                    0x200000a0   Data          60  main.o(.bss..L_MergedGlobals)
    hi2s3                                    0x200000dc   Data          60  main.o(.bss..L_MergedGlobals)
    hdma_spi2_rx                             0x2000024c   Data          96  main.o(.bss.hdma_spi2_rx)
    hdma_spi3_tx                             0x200002ac   Data          96  main.o(.bss.hdma_spi3_tx)
    hdma_usart2_rx                           0x2000030c   Data          96  main.o(.bss.hdma_usart2_rx)
    htim2                                    0x2000036c   Data          76  stm32g4xx_hal_timebase_tim.o(.bss.htim2)
    huart2                                   0x200003b8   Data         148  main.o(.bss.huart2)
    uwTick                                   0x200070ec   Data           4  stm32g4xx_hal.o(.bss.uwTick)



==============================================================================

Memory Map of the image

  Image Entry point : 0x080001d9

  Load Region LR_IROM1 (Base: 0x08000000, Size: 0x00007b08, Max: 0x00020000, ABSOLUTE)

    Execution Region ER_IROM1 (Exec base: 0x08000000, Load base: 0x08000000, Size: 0x00007ac8, Max: 0x00020000, ABSOLUTE)

    Exec Addr    Load Addr    Size         Type   Attr      Idx    E Section Name        Object

    0x08000000   0x08000000   0x000001d8   Data   RO            3    RESET               startup_stm32g431xx.o
    0x080001d8   0x080001d8   0x00000008   Code   RO         1428  * !!!main             c_w.l(__main.o)
    0x080001e0   0x080001e0   0x0000005c   Code   RO         1643    !!!scatter          c_w.l(__scatter.o)
    0x0800023c   0x0800023c   0x0000001a   Code   RO         1647    !!handler_copy      c_w.l(__scatter_copy.o)
    0x08000256   0x08000256   0x00000002   PAD
    0x08000258   0x08000258   0x00000002   Code   RO         1644    !!handler_null      c_w.l(__scatter.o)
    0x0800025a   0x0800025a   0x00000002   PAD
    0x0800025c   0x0800025c   0x0000001c   Code   RO         1649    !!handler_zi        c_w.l(__scatter_zi.o)
    0x08000278   0x08000278   0x00000000   Code   RO         1410    .ARM.Collect$$_printf_percent$$00000000  c_w.l(_printf_percent.o)
    0x08000278   0x08000278   0x00000006   Code   RO         1408    .ARM.Collect$$_printf_percent$$00000009  c_w.l(_printf_d.o)
    0x0800027e   0x0800027e   0x00000006   Code   RO         1409    .ARM.Collect$$_printf_percent$$0000000A  c_w.l(_printf_u.o)
    0x08000284   0x08000284   0x00000006   Code   RO         1407    .ARM.Collect$$_printf_percent$$00000014  c_w.l(_printf_s.o)
    0x0800028a   0x0800028a   0x00000004   Code   RO         1453    .ARM.Collect$$_printf_percent$$00000017  c_w.l(_printf_percent_end.o)
    0x0800028e   0x0800028e   0x00000002   Code   RO         1557    .ARM.Collect$$libinit$$00000000  c_w.l(libinit.o)
    0x08000290   0x08000290   0x00000004   Code   RO         1495    .ARM.Collect$$libinit$$00000001  c_w.l(libinit2.o)
    0x08000294   0x08000294   0x00000000   Code   RO         1498    .ARM.Collect$$libinit$$00000004  c_w.l(libinit2.o)
    0x08000294   0x08000294   0x00000000   Code   RO         1500    .ARM.Collect$$libinit$$00000006  c_w.l(libinit2.o)
    0x08000294   0x08000294   0x00000000   Code   RO         1503    .ARM.Collect$$libinit$$0000000C  c_w.l(libinit2.o)
    0x08000294   0x08000294   0x00000000   Code   RO         1505    .ARM.Collect$$libinit$$0000000E  c_w.l(libinit2.o)
    0x08000294   0x08000294   0x00000000   Code   RO         1507    .ARM.Collect$$libinit$$00000010  c_w.l(libinit2.o)
    0x08000294   0x08000294   0x00000006   Code   RO         1508    .ARM.Collect$$libinit$$00000011  c_w.l(libinit2.o)
    0x0800029a   0x0800029a   0x00000000   Code   RO         1510    .ARM.Collect$$libinit$$00000013  c_w.l(libinit2.o)
    0x0800029a   0x0800029a   0x0000000c   Code   RO         1511    .ARM.Collect$$libinit$$00000014  c_w.l(libinit2.o)
    0x080002a6   0x080002a6   0x00000000   Code   RO         1512    .ARM.Collect$$libinit$$00000015  c_w.l(libinit2.o)
    0x080002a6   0x080002a6   0x00000000   Code   RO         1514    .ARM.Collect$$libinit$$00000017  c_w.l(libinit2.o)
    0x080002a6   0x080002a6   0x00000000   Code   RO         1516    .ARM.Collect$$libinit$$00000019  c_w.l(libinit2.o)
    0x080002a6   0x080002a6   0x00000000   Code   RO         1518    .ARM.Collect$$libinit$$0000001B  c_w.l(libinit2.o)
    0x080002a6   0x080002a6   0x00000000   Code   RO         1520    .ARM.Collect$$libinit$$0000001D  c_w.l(libinit2.o)
    0x080002a6   0x080002a6   0x00000000   Code   RO         1522    .ARM.Collect$$libinit$$0000001F  c_w.l(libinit2.o)
    0x080002a6   0x080002a6   0x00000000   Code   RO         1524    .ARM.Collect$$libinit$$00000021  c_w.l(libinit2.o)
    0x080002a6   0x080002a6   0x00000000   Code   RO         1526    .ARM.Collect$$libinit$$00000023  c_w.l(libinit2.o)
    0x080002a6   0x080002a6   0x00000000   Code   RO         1528    .ARM.Collect$$libinit$$00000025  c_w.l(libinit2.o)
    0x080002a6   0x080002a6   0x00000000   Code   RO         1530    .ARM.Collect$$libinit$$00000027  c_w.l(libinit2.o)
    0x080002a6   0x080002a6   0x00000000   Code   RO         1534    .ARM.Collect$$libinit$$0000002E  c_w.l(libinit2.o)
    0x080002a6   0x080002a6   0x00000000   Code   RO         1536    .ARM.Collect$$libinit$$00000030  c_w.l(libinit2.o)
    0x080002a6   0x080002a6   0x00000000   Code   RO         1538    .ARM.Collect$$libinit$$00000032  c_w.l(libinit2.o)
    0x080002a6   0x080002a6   0x00000000   Code   RO         1540    .ARM.Collect$$libinit$$00000034  c_w.l(libinit2.o)
    0x080002a6   0x080002a6   0x00000002   Code   RO         1541    .ARM.Collect$$libinit$$00000035  c_w.l(libinit2.o)
    0x080002a8   0x080002a8   0x00000002   Code   RO         1610    .ARM.Collect$$libshutdown$$00000000  c_w.l(libshutdown.o)
    0x080002aa   0x080002aa   0x00000000   Code   RO         1626    .ARM.Collect$$libshutdown$$00000002  c_w.l(libshutdown2.o)
    0x080002aa   0x080002aa   0x00000000   Code   RO         1628    .ARM.Collect$$libshutdown$$00000004  c_w.l(libshutdown2.o)
    0x080002aa   0x080002aa   0x00000000   Code   RO         1631    .ARM.Collect$$libshutdown$$00000007  c_w.l(libshutdown2.o)
    0x080002aa   0x080002aa   0x00000000   Code   RO         1634    .ARM.Collect$$libshutdown$$0000000A  c_w.l(libshutdown2.o)
    0x080002aa   0x080002aa   0x00000000   Code   RO         1636    .ARM.Collect$$libshutdown$$0000000C  c_w.l(libshutdown2.o)
    0x080002aa   0x080002aa   0x00000000   Code   RO         1639    .ARM.Collect$$libshutdown$$0000000F  c_w.l(libshutdown2.o)
    0x080002aa   0x080002aa   0x00000002   Code   RO         1640    .ARM.Collect$$libshutdown$$00000010  c_w.l(libshutdown2.o)
    0x080002ac   0x080002ac   0x00000000   Code   RO         1430    .ARM.Collect$$rtentry$$00000000  c_w.l(__rtentry.o)
    0x080002ac   0x080002ac   0x00000000   Code   RO         1469    .ARM.Collect$$rtentry$$00000002  c_w.l(__rtentry2.o)
    0x080002ac   0x080002ac   0x00000006   Code   RO         1481    .ARM.Collect$$rtentry$$00000004  c_w.l(__rtentry4.o)
    0x080002b2   0x080002b2   0x00000000   Code   RO         1471    .ARM.Collect$$rtentry$$00000009  c_w.l(__rtentry2.o)
    0x080002b2   0x080002b2   0x00000004   Code   RO         1472    .ARM.Collect$$rtentry$$0000000A  c_w.l(__rtentry2.o)
    0x080002b6   0x080002b6   0x00000000   Code   RO         1474    .ARM.Collect$$rtentry$$0000000C  c_w.l(__rtentry2.o)
    0x080002b6   0x080002b6   0x00000008   Code   RO         1475    .ARM.Collect$$rtentry$$0000000D  c_w.l(__rtentry2.o)
    0x080002be   0x080002be   0x00000002   Code   RO         1560    .ARM.Collect$$rtexit$$00000000  c_w.l(rtexit.o)
    0x080002c0   0x080002c0   0x00000000   Code   RO         1581    .ARM.Collect$$rtexit$$00000002  c_w.l(rtexit2.o)
    0x080002c0   0x080002c0   0x00000004   Code   RO         1582    .ARM.Collect$$rtexit$$00000003  c_w.l(rtexit2.o)
    0x080002c4   0x080002c4   0x00000006   Code   RO         1583    .ARM.Collect$$rtexit$$00000004  c_w.l(rtexit2.o)
    0x080002ca   0x080002ca   0x00000002   PAD
    0x080002cc   0x080002cc   0x00000040   Code   RO            4    .text               startup_stm32g431xx.o
    0x0800030c   0x0800030c   0x00000010   Code   RO         1373    .text               c_w.l(rt_ctype_table.o)
    0x0800031c   0x0800031c   0x000000f0   Code   RO         1375    .text               c_w.l(lludivv7m.o)
    0x0800040c   0x0800040c   0x00000040   Code   RO         1379    .text               c_w.l(noretval__2snprintf.o)
    0x0800044c   0x0800044c   0x00000052   Code   RO         1383    .text               c_w.l(_printf_str.o)
    0x0800049e   0x0800049e   0x00000002   PAD
    0x080004a0   0x080004a0   0x00000078   Code   RO         1385    .text               c_w.l(_printf_dec.o)
    0x08000518   0x08000518   0x000000b8   Code   RO         1390    .text               c_w.l(__printf_ss.o)
    0x080005d0   0x080005d0   0x00000070   Code   RO         1411    .text               c_w.l(strtol.o)
    0x08000640   0x08000640   0x00000072   Code   RO         1413    .text               c_w.l(strtoul.o)
    0x080006b2   0x080006b2   0x00000002   PAD
    0x080006b4   0x080006b4   0x0000000c   Code   RO         1415    .text               c_w.l(strtok.o)
    0x080006c0   0x080006c0   0x0000003e   Code   RO         1418    .text               c_w.l(strlen.o)
    0x080006fe   0x080006fe   0x00000084   Code   RO         1420    .text               c_w.l(rt_memmove_v6.o)
    0x08000782   0x08000782   0x0000004e   Code   RO         1422    .text               c_w.l(rt_memclr_w.o)
    0x080007d0   0x080007d0   0x0000007c   Code   RO         1424    .text               c_w.l(strcmpv7em.o)
    0x0800084c   0x0800084c   0x00000006   Code   RO         1426    .text               c_w.l(heapauxi.o)
    0x08000852   0x08000852   0x00000002   PAD
    0x08000854   0x08000854   0x00000008   Code   RO         1438    .text               c_w.l(rt_locale_intlibspace.o)
    0x0800085c   0x0800085c   0x00000008   Code   RO         1443    .text               c_w.l(rt_errno_addr_intlibspace.o)
    0x08000864   0x08000864   0x000000b2   Code   RO         1445    .text               c_w.l(_printf_intcommon.o)
    0x08000916   0x08000916   0x00000002   PAD
    0x08000918   0x08000918   0x00000030   Code   RO         1447    .text               c_w.l(_printf_char_common.o)
    0x08000948   0x08000948   0x00000010   Code   RO         1449    .text               c_w.l(_snputc.o)
    0x08000958   0x08000958   0x0000002c   Code   RO         1451    .text               c_w.l(_printf_char.o)
    0x08000984   0x08000984   0x0000009e   Code   RO         1454    .text               c_w.l(_strtoul.o)
    0x08000a22   0x08000a22   0x00000002   PAD
    0x08000a24   0x08000a24   0x00000044   Code   RO         1459    .text               c_w.l(strtok_int.o)
    0x08000a68   0x08000a68   0x0000008a   Code   RO         1461    .text               c_w.l(rt_memcpy_v6.o)
    0x08000af2   0x08000af2   0x0000007a   Code   RO         1463    .text               c_w.l(rt_memmove_w.o)
    0x08000b6c   0x08000b6c   0x00000008   Code   RO         1465    .text               c_w.l(libspace.o)
    0x08000b74   0x08000b74   0x0000001c   Code   RO         1487    .text               c_w.l(_chval.o)
    0x08000b90   0x08000b90   0x00000020   Code   RO         1489    .text               c_w.l(strcspn.o)
    0x08000bb0   0x08000bb0   0x0000001c   Code   RO         1491    .text               c_w.l(strspn.o)
    0x08000bcc   0x08000bcc   0x00000064   Code   RO         1493    .text               c_w.l(rt_memcpy_w.o)
    0x08000c30   0x08000c30   0x0000004a   Code   RO         1542    .text               c_w.l(sys_stackheap_outer.o)
    0x08000c7a   0x08000c7a   0x00000012   Code   RO         1544    .text               c_w.l(exit.o)
    0x08000c8c   0x08000c8c   0x0000000c   Code   RO         1574    .text               c_w.l(sys_exit.o)
    0x08000c98   0x08000c98   0x00000002   Code   RO         1601    .text               c_w.l(use_no_semi.o)
    0x08000c9a   0x08000c9a   0x00000000   Code   RO         1603    .text               c_w.l(indicate_semi.o)
    0x08000c9a   0x08000c9a   0x00000002   PAD
    0x08000c9c   0x08000c9c   0x0000000e   Code   RO           51    .text.AppAudio_Init  app_audio.o
    0x08000caa   0x08000caa   0x00000002   PAD
    0x08000cac   0x08000cac   0x00000014   Code   RO           69    .text.AppAudio_OnError  app_audio.o
    0x08000cc0   0x08000cc0   0x000000aa   Code   RO           61    .text.AppAudio_OnRxCplt  app_audio.o
    0x08000d6a   0x08000d6a   0x00000002   PAD
    0x08000d6c   0x08000d6c   0x000000a2   Code   RO           59    .text.AppAudio_OnRxHalfCplt  app_audio.o
    0x08000e0e   0x08000e0e   0x00000002   PAD
    0x08000e10   0x08000e10   0x00000016   Code   RO           67    .text.AppAudio_OnTxCplt  app_audio.o
    0x08000e26   0x08000e26   0x00000002   PAD
    0x08000e28   0x08000e28   0x00000016   Code   RO           63    .text.AppAudio_OnTxHalfCplt  app_audio.o
    0x08000e3e   0x08000e3e   0x00000002   PAD
    0x08000e40   0x08000e40   0x00000012   Code   RO           57    .text.AppAudio_RuntimeFailed  app_audio.o
    0x08000e52   0x08000e52   0x00000002   PAD
    0x08000e54   0x08000e54   0x00000084   Code   RO           53    .text.AppAudio_Start  app_audio.o
    0x08000ed8   0x08000ed8   0x00000012   Code   RO           55    .text.AppAudio_StartFailed  app_audio.o
    0x08000eea   0x08000eea   0x00000002   PAD
    0x08000eec   0x08000eec   0x000000b8   Code   RO           84    .text.AppCom_Init   app_com.o
    0x08000fa4   0x08000fa4   0x000000ca   Code   RO           92    .text.AppCom_OnUartError  app_com.o
    0x0800106e   0x0800106e   0x00000002   PAD
    0x08001070   0x08001070   0x0000004e   Code   RO           88    .text.AppCom_OnUartRxCplt  app_com.o
    0x080010be   0x080010be   0x00000002   PAD
    0x080010c0   0x080010c0   0x0000017a   Code   RO           90    .text.AppCom_OnUartRxEvent  app_com.o
    0x0800123a   0x0800123a   0x00000002   PAD
    0x0800123c   0x0800123c   0x00000074   Code   RO           86    .text.AppCom_OnUartTxCplt  app_com.o
    0x080012b0   0x080012b0   0x000004d0   Code   RO           94    .text.AppCom_Poll   app_com.o
    0x08001780   0x08001780   0x0000000c   Code   RO          120    .text.AppDsp_GetFxMask  app_dsp.o
    0x0800178c   0x0800178c   0x0000000c   Code   RO          116    .text.AppDsp_GetMode  app_dsp.o
    0x08001798   0x08001798   0x00000030   Code   RO          124    .text.AppDsp_GetParam  app_dsp.o
    0x080017c8   0x080017c8   0x000000fe   Code   RO          112    .text.AppDsp_Init   app_dsp.o
    0x080018c6   0x080018c6   0x00000002   PAD
    0x080018c8   0x080018c8   0x00000a5e   Code   RO          126    .text.AppDsp_ProcessFrame  app_dsp.o
    0x08002326   0x08002326   0x00000002   PAD
    0x08002328   0x08002328   0x00000024   Code   RO          118    .text.AppDsp_SetFxMask  app_dsp.o
    0x0800234c   0x0800234c   0x000000ee   Code   RO          122    .text.AppDsp_SetParam  app_dsp.o
    0x0800243a   0x0800243a   0x00000002   PAD
    0x0800243c   0x0800243c   0x00000090   Code   RO          145    .text.AppError_BlinkForever  app_error.o
    0x080024cc   0x080024cc   0x00000002   Code   RO          160    .text.BusFault_Handler  stm32g4xx_it.o
    0x080024ce   0x080024ce   0x00000002   PAD
    0x080024d0   0x080024d0   0x0000000c   Code   RO          172    .text.DMA1_Channel1_IRQHandler  stm32g4xx_it.o
    0x080024dc   0x080024dc   0x0000000c   Code   RO          174    .text.DMA1_Channel2_IRQHandler  stm32g4xx_it.o
    0x080024e8   0x080024e8   0x0000000c   Code   RO          176    .text.DMA1_Channel3_IRQHandler  stm32g4xx_it.o
    0x080024f4   0x080024f4   0x00000002   Code   RO          166    .text.DebugMon_Handler  stm32g4xx_it.o
    0x080024f6   0x080024f6   0x00000002   PAD
    0x080024f8   0x080024f8   0x00000002   Code   RO          180    .text.EXTI15_10_IRQHandler  stm32g4xx_it.o
    0x080024fa   0x080024fa   0x00000002   PAD
    0x080024fc   0x080024fc   0x00000004   Code   RO           15    .text.Error_Handler  main.o
    0x08002500   0x08002500   0x00000070   Code   RO         1143    .text.HAL_DMA_Abort  stm32g4xx_hal_dma.o
    0x08002570   0x08002570   0x00000080   Code   RO         1145    .text.HAL_DMA_Abort_IT  stm32g4xx_hal_dma.o
    0x080025f0   0x080025f0   0x00000004   Code   RO         1157    .text.HAL_DMA_GetError  stm32g4xx_hal_dma.o
    0x080025f4   0x080025f4   0x000000aa   Code   RO         1149    .text.HAL_DMA_IRQHandler  stm32g4xx_hal_dma.o
    0x0800269e   0x0800269e   0x00000002   PAD
    0x080026a0   0x080026a0   0x00000118   Code   RO         1135    .text.HAL_DMA_Init  stm32g4xx_hal_dma.o
    0x080027b8   0x080027b8   0x000000e8   Code   RO         1141    .text.HAL_DMA_Start_IT  stm32g4xx_hal_dma.o
    0x080028a0   0x080028a0   0x000001b2   Code   RO         1085    .text.HAL_GPIO_Init  stm32g4xx_hal_gpio.o
    0x08002a52   0x08002a52   0x00000002   PAD
    0x08002a54   0x08002a54   0x00000010   Code   RO         1093    .text.HAL_GPIO_TogglePin  stm32g4xx_hal_gpio.o
    0x08002a64   0x08002a64   0x0000000c   Code   RO         1091    .text.HAL_GPIO_WritePin  stm32g4xx_hal_gpio.o
    0x08002a70   0x08002a70   0x0000000c   Code   RO          857    .text.HAL_GetTick   stm32g4xx_hal.o
    0x08002a7c   0x08002a7c   0x00000004   Code   RO           33    .text.HAL_I2S_ErrorCallback  main.o
    0x08002a80   0x08002a80   0x00000104   Code   RO          598    .text.HAL_I2S_Init  stm32g4xx_hal_i2s.o
    0x08002b84   0x08002b84   0x000001fa   Code   RO          193    .text.HAL_I2S_MspInit  stm32g4xx_hal_msp.o
    0x08002d7e   0x08002d7e   0x00000002   PAD
    0x08002d80   0x08002d80   0x00000100   Code   RO          624    .text.HAL_I2S_Receive_DMA  stm32g4xx_hal_i2s.o
    0x08002e80   0x08002e80   0x00000004   Code   RO           27    .text.HAL_I2S_RxCpltCallback  main.o
    0x08002e84   0x08002e84   0x00000004   Code   RO           25    .text.HAL_I2S_RxHalfCpltCallback  main.o
    0x08002e88   0x08002e88   0x000000da   Code   RO          616    .text.HAL_I2S_Transmit_DMA  stm32g4xx_hal_i2s.o
    0x08002f62   0x08002f62   0x00000002   PAD
    0x08002f64   0x08002f64   0x00000004   Code   RO           31    .text.HAL_I2S_TxCpltCallback  main.o
    0x08002f68   0x08002f68   0x00000004   Code   RO           29    .text.HAL_I2S_TxHalfCpltCallback  main.o
    0x08002f6c   0x08002f6c   0x0000001a   Code   RO          855    .text.HAL_IncTick   stm32g4xx_hal.o
    0x08002f86   0x08002f86   0x00000002   PAD
    0x08002f88   0x08002f88   0x0000001e   Code   RO          845    .text.HAL_Init      stm32g4xx_hal.o
    0x08002fa6   0x08002fa6   0x00000002   PAD
    0x08002fa8   0x08002fa8   0x000000a2   Code   RO          209    .text.HAL_InitTick  stm32g4xx_hal_timebase_tim.o
    0x0800304a   0x0800304a   0x00000002   PAD
    0x0800304c   0x0800304c   0x00000034   Code   RO          191    .text.HAL_MspInit   stm32g4xx_hal_msp.o
    0x08003080   0x08003080   0x00000022   Code   RO         1311    .text.HAL_NVIC_EnableIRQ  stm32g4xx_hal_cortex.o
    0x080030a2   0x080030a2   0x00000002   PAD
    0x080030a4   0x080030a4   0x00000056   Code   RO         1309    .text.HAL_NVIC_SetPriority  stm32g4xx_hal_cortex.o
    0x080030fa   0x080030fa   0x00000002   PAD
    0x080030fc   0x080030fc   0x00000020   Code   RO         1307    .text.HAL_NVIC_SetPriorityGrouping  stm32g4xx_hal_cortex.o
    0x0800311c   0x0800311c   0x0000010e   Code   RO         1227    .text.HAL_PWREx_ControlVoltageScaling  stm32g4xx_hal_pwr_ex.o
    0x0800322a   0x0800322a   0x00000002   PAD
    0x0800322c   0x0800322c   0x00000012   Code   RO         1297    .text.HAL_PWREx_DisableUCPDDeadBattery  stm32g4xx_hal_pwr_ex.o
    0x0800323e   0x0800323e   0x00000002   PAD
    0x08003240   0x08003240   0x000004a4   Code   RO          973    .text.HAL_RCCEx_GetPeriphCLKFreq  stm32g4xx_hal_rcc_ex.o
    0x080036e4   0x080036e4   0x0000026a   Code   RO          969    .text.HAL_RCCEx_PeriphCLKConfig  stm32g4xx_hal_rcc_ex.o
    0x0800394e   0x0800394e   0x00000002   PAD
    0x08003950   0x08003950   0x00000304   Code   RO          935    .text.HAL_RCC_ClockConfig  stm32g4xx_hal_rcc.o
    0x08003c54   0x08003c54   0x00000042   Code   RO          949    .text.HAL_RCC_GetClockConfig  stm32g4xx_hal_rcc.o
    0x08003c96   0x08003c96   0x00000002   PAD
    0x08003c98   0x08003c98   0x0000002a   Code   RO          943    .text.HAL_RCC_GetPCLK1Freq  stm32g4xx_hal_rcc.o
    0x08003cc2   0x08003cc2   0x00000002   PAD
    0x08003cc4   0x08003cc4   0x0000002a   Code   RO          945    .text.HAL_RCC_GetPCLK2Freq  stm32g4xx_hal_rcc.o
    0x08003cee   0x08003cee   0x00000002   PAD
    0x08003cf0   0x08003cf0   0x00000082   Code   RO          937    .text.HAL_RCC_GetSysClockFreq  stm32g4xx_hal_rcc.o
    0x08003d72   0x08003d72   0x00000002   PAD
    0x08003d74   0x08003d74   0x000004ce   Code   RO          933    .text.HAL_RCC_OscConfig  stm32g4xx_hal_rcc.o
    0x08004242   0x08004242   0x00000002   PAD
    0x08004244   0x08004244   0x00000002   Code   RO          575    .text.HAL_TIMEx_Break2Callback  stm32g4xx_hal_tim_ex.o
    0x08004246   0x08004246   0x00000002   PAD
    0x08004248   0x08004248   0x00000002   Code   RO          573    .text.HAL_TIMEx_BreakCallback  stm32g4xx_hal_tim_ex.o
    0x0800424a   0x0800424a   0x00000002   PAD
    0x0800424c   0x0800424c   0x00000002   Code   RO          569    .text.HAL_TIMEx_CommutCallback  stm32g4xx_hal_tim_ex.o
    0x0800424e   0x0800424e   0x00000002   PAD
    0x08004250   0x08004250   0x00000002   Code   RO          579    .text.HAL_TIMEx_DirectionChangeCallback  stm32g4xx_hal_tim_ex.o
    0x08004252   0x08004252   0x00000002   PAD
    0x08004254   0x08004254   0x00000002   Code   RO          577    .text.HAL_TIMEx_EncoderIndexCallback  stm32g4xx_hal_tim_ex.o
    0x08004256   0x08004256   0x00000002   PAD
    0x08004258   0x08004258   0x00000002   Code   RO          581    .text.HAL_TIMEx_IndexErrorCallback  stm32g4xx_hal_tim_ex.o
    0x0800425a   0x0800425a   0x00000002   PAD
    0x0800425c   0x0800425c   0x00000002   Code   RO          583    .text.HAL_TIMEx_TransitionErrorCallback  stm32g4xx_hal_tim_ex.o
    0x0800425e   0x0800425e   0x00000002   PAD
    0x08004260   0x08004260   0x00000062   Code   RO          224    .text.HAL_TIM_Base_Init  stm32g4xx_hal_tim.o
    0x080042c2   0x080042c2   0x00000002   PAD
    0x080042c4   0x080042c4   0x00000002   Code   RO          226    .text.HAL_TIM_Base_MspInit  stm32g4xx_hal_tim.o
    0x080042c6   0x080042c6   0x00000002   PAD
    0x080042c8   0x080042c8   0x00000092   Code   RO          238    .text.HAL_TIM_Base_Start_IT  stm32g4xx_hal_tim.o
    0x0800435a   0x0800435a   0x00000002   PAD
    0x0800435c   0x0800435c   0x00000002   Code   RO          360    .text.HAL_TIM_IC_CaptureCallback  stm32g4xx_hal_tim.o
    0x0800435e   0x0800435e   0x00000002   PAD
    0x08004360   0x08004360   0x000001cc   Code   RO          358    .text.HAL_TIM_IRQHandler  stm32g4xx_hal_tim.o
    0x0800452c   0x0800452c   0x00000002   Code   RO          362    .text.HAL_TIM_OC_DelayElapsedCallback  stm32g4xx_hal_tim.o
    0x0800452e   0x0800452e   0x00000002   PAD
    0x08004530   0x08004530   0x00000002   Code   RO          364    .text.HAL_TIM_PWM_PulseFinishedCallback  stm32g4xx_hal_tim.o
    0x08004532   0x08004532   0x00000002   PAD
    0x08004534   0x08004534   0x0000000e   Code   RO           35    .text.HAL_TIM_PeriodElapsedCallback  main.o
    0x08004542   0x08004542   0x00000002   PAD
    0x08004544   0x08004544   0x00000002   Code   RO          368    .text.HAL_TIM_TriggerCallback  stm32g4xx_hal_tim.o
    0x08004546   0x08004546   0x00000002   PAD
    0x08004548   0x08004548   0x00000098   Code   RO          832    .text.HAL_UARTEx_ReceiveToIdle_DMA  stm32g4xx_hal_uart_ex.o
    0x080045e0   0x080045e0   0x0000008a   Code   RO          830    .text.HAL_UARTEx_ReceiveToIdle_IT  stm32g4xx_hal_uart_ex.o
    0x0800466a   0x0800466a   0x00000002   PAD
    0x0800466c   0x0800466c   0x00000004   Code   RO           19    .text.HAL_UARTEx_RxEventCallback  main.o
    0x08004670   0x08004670   0x00000002   Code   RO          808    .text.HAL_UARTEx_RxFifoFullCallback  stm32g4xx_hal_uart_ex.o
    0x08004672   0x08004672   0x00000002   PAD
    0x08004674   0x08004674   0x00000002   Code   RO          810    .text.HAL_UARTEx_TxFifoEmptyCallback  stm32g4xx_hal_uart_ex.o
    0x08004676   0x08004676   0x00000002   PAD
    0x08004678   0x08004678   0x00000002   Code   RO          806    .text.HAL_UARTEx_WakeupCallback  stm32g4xx_hal_uart_ex.o
    0x0800467a   0x0800467a   0x00000002   PAD
    0x0800467c   0x0800467c   0x00000182   Code   RO          722    .text.HAL_UART_AbortReceive  stm32g4xx_hal_uart.o
    0x080047fe   0x080047fe   0x00000002   PAD
    0x08004800   0x08004800   0x00000002   Code   RO          742    .text.HAL_UART_AbortReceiveCpltCallback  stm32g4xx_hal_uart.o
    0x08004802   0x08004802   0x00000002   PAD
    0x08004804   0x08004804   0x0000019e   Code   RO          738    .text.HAL_UART_AbortReceive_IT  stm32g4xx_hal_uart.o
    0x080049a2   0x080049a2   0x00000002   PAD
    0x080049a4   0x080049a4   0x00000002   Code   RO          736    .text.HAL_UART_AbortTransmitCpltCallback  stm32g4xx_hal_uart.o
    0x080049a6   0x080049a6   0x00000002   PAD
    0x080049a8   0x080049a8   0x0000013e   Code   RO          732    .text.HAL_UART_AbortTransmit_IT  stm32g4xx_hal_uart.o
    0x08004ae6   0x08004ae6   0x00000002   PAD
    0x08004ae8   0x08004ae8   0x00000004   Code   RO           23    .text.HAL_UART_ErrorCallback  main.o
    0x08004aec   0x08004aec   0x0000064e   Code   RO          744    .text.HAL_UART_IRQHandler  stm32g4xx_hal_uart.o
    0x0800513a   0x0800513a   0x00000002   PAD
    0x0800513c   0x0800513c   0x00000064   Code   RO          660    .text.HAL_UART_Init  stm32g4xx_hal_uart.o
    0x080051a0   0x080051a0   0x000000b8   Code   RO          197    .text.HAL_UART_MspInit  stm32g4xx_hal_msp.o
    0x08005258   0x08005258   0x000000aa   Code   RO          696    .text.HAL_UART_Receive_IT  stm32g4xx_hal_uart.o
    0x08005302   0x08005302   0x00000002   PAD
    0x08005304   0x08005304   0x00000004   Code   RO           17    .text.HAL_UART_RxCpltCallback  main.o
    0x08005308   0x08005308   0x00000002   Code   RO          758    .text.HAL_UART_RxHalfCpltCallback  stm32g4xx_hal_uart.o
    0x0800530a   0x0800530a   0x00000002   PAD
    0x0800530c   0x0800530c   0x00000126   Code   RO          686    .text.HAL_UART_Transmit_IT  stm32g4xx_hal_uart.o
    0x08005432   0x08005432   0x00000002   PAD
    0x08005434   0x08005434   0x00000004   Code   RO           21    .text.HAL_UART_TxCpltCallback  main.o
    0x08005438   0x08005438   0x00000002   Code   RO          156    .text.HardFault_Handler  stm32g4xx_it.o
    0x0800543a   0x0800543a   0x00000002   PAD
    0x0800543c   0x0800543c   0x00000024   Code   RO          622    .text.I2S_DMAError  stm32g4xx_hal_i2s.o
    0x08005460   0x08005460   0x00000024   Code   RO          628    .text.I2S_DMARxCplt  stm32g4xx_hal_i2s.o
    0x08005484   0x08005484   0x00000006   Code   RO          626    .text.I2S_DMARxHalfCplt  stm32g4xx_hal_i2s.o
    0x0800548a   0x0800548a   0x00000002   PAD
    0x0800548c   0x0800548c   0x00000024   Code   RO          620    .text.I2S_DMATxCplt  stm32g4xx_hal_i2s.o
    0x080054b0   0x080054b0   0x00000006   Code   RO          618    .text.I2S_DMATxHalfCplt  stm32g4xx_hal_i2s.o
    0x080054b6   0x080054b6   0x00000002   PAD
    0x080054b8   0x080054b8   0x00000002   Code   RO          158    .text.MemManage_Handler  stm32g4xx_it.o
    0x080054ba   0x080054ba   0x00000002   PAD
    0x080054bc   0x080054bc   0x00000002   Code   RO          154    .text.NMI_Handler   stm32g4xx_it.o
    0x080054be   0x080054be   0x00000002   PAD
    0x080054c0   0x080054c0   0x00000002   Code   RO          168    .text.PendSV_Handler  stm32g4xx_it.o
    0x080054c2   0x080054c2   0x00000002   PAD
    0x080054c4   0x080054c4   0x00000002   Code   RO          164    .text.SVC_Handler   stm32g4xx_it.o
    0x080054c6   0x080054c6   0x00000002   PAD
    0x080054c8   0x080054c8   0x00000002   Code   RO          170    .text.SysTick_Handler  stm32g4xx_it.o
    0x080054ca   0x080054ca   0x00000002   PAD
    0x080054cc   0x080054cc   0x00000068   Code   RO           13    .text.SystemClock_Config  main.o
    0x08005534   0x08005534   0x00000012   Code   RO         1357    .text.SystemInit    system_stm32g4xx.o
    0x08005546   0x08005546   0x00000002   PAD
    0x08005548   0x08005548   0x0000000c   Code   RO          178    .text.TIM2_IRQHandler  stm32g4xx_it.o
    0x08005554   0x08005554   0x00000134   Code   RO          228    .text.TIM_Base_SetConfig  stm32g4xx_hal_tim.o
    0x08005688   0x08005688   0x000000e6   Code   RO          664    .text.UART_AdvFeatureConfig  stm32g4xx_hal_uart.o
    0x0800576e   0x0800576e   0x00000002   PAD
    0x08005770   0x08005770   0x0000016a   Code   RO          668    .text.UART_CheckIdleState  stm32g4xx_hal_uart.o
    0x080058da   0x080058da   0x00000002   PAD
    0x080058dc   0x080058dc   0x0000000c   Code   RO          746    .text.UART_DMAAbortOnError  stm32g4xx_hal_uart.o
    0x080058e8   0x080058e8   0x000001da   Code   RO          706    .text.UART_DMAError  stm32g4xx_hal_uart.o
    0x08005ac2   0x08005ac2   0x00000002   PAD
    0x08005ac4   0x08005ac4   0x00000164   Code   RO          790    .text.UART_DMAReceiveCplt  stm32g4xx_hal_uart.o
    0x08005c28   0x08005c28   0x0000001a   Code   RO          792    .text.UART_DMARxHalfCplt  stm32g4xx_hal_uart.o
    0x08005c42   0x08005c42   0x00000002   PAD
    0x08005c44   0x08005c44   0x00000022   Code   RO          740    .text.UART_DMARxOnlyAbortCallback  stm32g4xx_hal_uart.o
    0x08005c66   0x08005c66   0x00000002   PAD
    0x08005c68   0x08005c68   0x00000024   Code   RO          734    .text.UART_DMATxOnlyAbortCallback  stm32g4xx_hal_uart.o
    0x08005c8c   0x08005c8c   0x000001b2   Code   RO          786    .text.UART_RxISR_16BIT  stm32g4xx_hal_uart.o
    0x08005e3e   0x08005e3e   0x00000002   PAD
    0x08005e40   0x08005e40   0x0000031e   Code   RO          782    .text.UART_RxISR_16BIT_FIFOEN  stm32g4xx_hal_uart.o
    0x0800615e   0x0800615e   0x00000002   PAD
    0x08006160   0x08006160   0x000001b6   Code   RO          788    .text.UART_RxISR_8BIT  stm32g4xx_hal_uart.o
    0x08006316   0x08006316   0x00000002   PAD
    0x08006318   0x08006318   0x00000322   Code   RO          784    .text.UART_RxISR_8BIT_FIFOEN  stm32g4xx_hal_uart.o
    0x0800663a   0x0800663a   0x00000002   PAD
    0x0800663c   0x0800663c   0x00000298   Code   RO          666    .text.UART_SetConfig  stm32g4xx_hal_uart.o
    0x080068d4   0x080068d4   0x00000146   Code   RO          710    .text.UART_Start_Receive_DMA  stm32g4xx_hal_uart.o
    0x08006a1a   0x08006a1a   0x00000002   PAD
    0x08006a1c   0x08006a1c   0x00000262   Code   RO          698    .text.UART_Start_Receive_IT  stm32g4xx_hal_uart.o
    0x08006c7e   0x08006c7e   0x00000002   PAD
    0x08006c80   0x08006c80   0x000000cc   Code   RO          692    .text.UART_TxISR_16BIT  stm32g4xx_hal_uart.o
    0x08006d4c   0x08006d4c   0x000000e0   Code   RO          688    .text.UART_TxISR_16BIT_FIFOEN  stm32g4xx_hal_uart.o
    0x08006e2c   0x08006e2c   0x000000c8   Code   RO          694    .text.UART_TxISR_8BIT  stm32g4xx_hal_uart.o
    0x08006ef4   0x08006ef4   0x000000dc   Code   RO          690    .text.UART_TxISR_8BIT_FIFOEN  stm32g4xx_hal_uart.o
    0x08006fd0   0x08006fd0   0x00000336   Code   RO          682    .text.UART_WaitOnFlagUntilTimeout  stm32g4xx_hal_uart.o
    0x08007306   0x08007306   0x00000002   PAD
    0x08007308   0x08007308   0x0000000c   Code   RO          182    .text.USART2_IRQHandler  stm32g4xx_it.o
    0x08007314   0x08007314   0x00000002   Code   RO          162    .text.UsageFault_Handler  stm32g4xx_it.o
    0x08007316   0x08007316   0x00000002   PAD
    0x08007318   0x08007318   0x00000200   Code   RO           11    .text.main          main.o
    0x08007518   0x08007518   0x00000160   Code   RO           96    .text.tx_enqueue_bytes  app_com.o
    0x08007678   0x08007678   0x000001ac   Code   RO           65    .text.tx_fill_half  app_audio.o
    0x08007824   0x08007824   0x0000002c   Code   RO         1457    locale$$code        c_w.l(lc_ctype_c.o)
    0x08007850   0x08007850   0x0000001a   Code   RO         1558    x$fpl$fpinit        fz_wm.l(fpinit.o)
    0x0800786a   0x0800786a   0x00000010   Data   RO         1362    .rodata.AHBPrescTable  system_stm32g4xx.o
    0x0800787a   0x0800787a   0x00000008   Data   RO         1363    .rodata.APBPrescTable  system_stm32g4xx.o
    0x08007882   0x08007882   0x00000018   Data   RO          794    .rodata.UARTPrescTable  stm32g4xx_hal_uart.o
    0x0800789a   0x0800789a   0x00000002   PAD
    0x0800789c   0x0800789c   0x00000010   Data   RO          795    .rodata.cst16       stm32g4xx_hal_uart.o
    0x080078ac   0x080078ac   0x000000ea   Data   RO          101    .rodata.str1.1      app_com.o
    0x08007996   0x08007996   0x00000002   PAD
    0x08007998   0x08007998   0x00000020   Data   RO         1642    Region$$Table       anon$$obj.o
    0x080079b8   0x080079b8   0x00000110   Data   RO         1456    locale$$data        c_w.l(lc_ctype_c.o)


    Execution Region RW_IRAM1 (Exec base: 0x20000000, Load base: 0x08007ac8, Size: 0x000076f0, Max: 0x00008000, ABSOLUTE)

    Exec Addr    Load Addr    Size         Type   Attr      Idx    E Section Name        Object

    0x20000000   0x08007ac8   0x00000004   Data   RW         1416    .data               c_w.l(strtok.o)
    0x20000004   0x08007acc   0x0000002c   Data   RW          134    .data..L_MergedGlobals  app_dsp.o
    0x20000030   0x08007af8   0x00000008   Data   RW          922    .data..L_MergedGlobals  stm32g4xx_hal.o
    0x20000038   0x08007b00   0x00000004   Data   RW         1361    .data.SystemCoreClock  system_stm32g4xx.o
    0x2000003c   0x08007b04   0x00000004   PAD
    0x20000040        -       0x00000060   Zero   RW         1466    .bss                c_w.l(libspace.o)
    0x200000a0        -       0x00000078   Zero   RW           42    .bss..L_MergedGlobals  main.o
    0x20000118        -       0x00000034   Zero   RW           75    .bss..L_MergedGlobals  app_audio.o
    0x2000014c        -       0x00000014   Zero   RW          103    .bss..L_MergedGlobals  app_com.o
    0x20000160        -       0x0000007c   Zero   RW          135    .bss..L_MergedGlobals.1  app_dsp.o
    0x200001dc        -       0x00000070   Zero   RW          136    .bss..L_MergedGlobals.2  app_dsp.o
    0x2000024c        -       0x00000060   Zero   RW           38    .bss.hdma_spi2_rx   main.o
    0x200002ac        -       0x00000060   Zero   RW           39    .bss.hdma_spi3_tx   main.o
    0x2000030c        -       0x00000060   Zero   RW           40    .bss.hdma_usart2_rx  main.o
    0x2000036c        -       0x0000004c   Zero   RW          215    .bss.htim2          stm32g4xx_hal_timebase_tim.o
    0x200003b8        -       0x00000094   Zero   RW           37    .bss.huart2         main.o
    0x2000044c        -       0x00000800   Zero   RW          132    .bss.s_delay_buf_l  app_dsp.o
    0x20000c4c        -       0x00000800   Zero   RW          133    .bss.s_delay_buf_r  app_dsp.o
    0x2000144c        -       0x00000400   Zero   RW           71    .bss.s_i2s_rx_buf   app_audio.o
    0x2000184c        -       0x00000400   Zero   RW           72    .bss.s_i2s_tx_buf   app_audio.o
    0x20001c4c        -       0x000000a0   Zero   RW          100    .bss.s_line         app_com.o
    0x20001cec        -       0x00000200   Zero   RW          130    .bss.s_reverb_ap_l  app_dsp.o
    0x20001eec        -       0x00000200   Zero   RW          131    .bss.s_reverb_ap_r  app_dsp.o
    0x200020ec        -       0x00002000   Zero   RW          128    .bss.s_reverb_delay_l  app_dsp.o
    0x200040ec        -       0x00002000   Zero   RW          129    .bss.s_reverb_delay_r  app_dsp.o
    0x200060ec        -       0x00000400   Zero   RW           73    .bss.s_ring_l       app_audio.o
    0x200064ec        -       0x00000400   Zero   RW           74    .bss.s_ring_r       app_audio.o
    0x200068ec        -       0x00000200   Zero   RW           98    .bss.s_rx_dma       app_com.o
    0x20006aec        -       0x00000400   Zero   RW           99    .bss.s_rx_ring      app_com.o
    0x20006eec        -       0x00000200   Zero   RW          102    .bss.s_tx_ring      app_com.o
    0x200070ec        -       0x00000004   Zero   RW          921    .bss.uwTick         stm32g4xx_hal.o
    0x200070f0        -       0x00000200   Zero   RW            2    HEAP                startup_stm32g431xx.o
    0x200072f0        -       0x00000400   Zero   RW            1    STACK               startup_stm32g431xx.o


==============================================================================

Image component sizes


      Code (inc. data)   RO Data    RW Data    ZI Data      Debug   Object Name

      1006          0          0          0       4148      10513   app_audio.o
      2542        184        234          0       2228      14380   app_com.o
      3254         46          0         44      21740      25466   app_dsp.o
       144          0          0          0          0       2443   app_error.o
       670         16          0          0        556      14397   main.o
        64         26        472          0       1536        836   startup_stm32g431xx.o
        68          0          0          8          4       8929   stm32g4xx_hal.o
       152          0          0          0          0      10419   stm32g4xx_hal_cortex.o
       926          0          0          0          0       9176   stm32g4xx_hal_dma.o
       462          0          0          0          0       5260   stm32g4xx_hal_gpio.o
       854          0          0          0          0      13950   stm32g4xx_hal_i2s.o
       742          0          0          0          0      10295   stm32g4xx_hal_msp.o
       288          0          0          0          0       9465   stm32g4xx_hal_pwr_ex.o
      2282          0          0          0          0      10198   stm32g4xx_hal_rcc.o
      1806         80          0          0          0      10947   stm32g4xx_hal_rcc_ex.o
      1022          0          0          0          0      63371   stm32g4xx_hal_tim.o
        14          0          0          0          0      30535   stm32g4xx_hal_tim_ex.o
       162          0          0          0         76       7784   stm32g4xx_hal_timebase_tim.o
     10574         48         40          0          0      42875   stm32g4xx_hal_uart.o
       296          0          0          0          0      11297   stm32g4xx_hal_uart_ex.o
        80          0          0          0          0       7175   stm32g4xx_it.o
        18          0         24          4          0       2791   system_stm32g4xx.o

    ----------------------------------------------------------------------
     27592        400        806         56      30292     322502   Object Totals
         0          0         32          0          0          0   (incl. Generated)
       166          0          4          0          4          0   (incl. Padding)

    ----------------------------------------------------------------------

      Code (inc. data)   RO Data    RW Data    ZI Data      Debug   Library Member Name

         8          0          0          0          0         68   __main.o
       184          0          0          0          0         84   __printf_ss.o
         0          0          0          0          0          0   __rtentry.o
        12          0          0          0          0          0   __rtentry2.o
         6          0          0          0          0          0   __rtentry4.o
        94          8          0          0          0          0   __scatter.o
        26          0          0          0          0          0   __scatter_copy.o
        28          0          0          0          0          0   __scatter_zi.o
        28          0          0          0          0         68   _chval.o
        44          0          0          0          0        108   _printf_char.o
        48          6          0          0          0         96   _printf_char_common.o
         6          0          0          0          0          0   _printf_d.o
       120         16          0          0          0         92   _printf_dec.o
       178          0          0          0          0         88   _printf_intcommon.o
         0          0          0          0          0          0   _printf_percent.o
         4          0          0          0          0          0   _printf_percent_end.o
         6          0          0          0          0          0   _printf_s.o
        82          0          0          0          0         80   _printf_str.o
         6          0          0          0          0          0   _printf_u.o
        16          0          0          0          0         68   _snputc.o
       158          0          0          0          0         92   _strtoul.o
        18          0          0          0          0         80   exit.o
         6          0          0          0          0        152   heapauxi.o
         0          0          0          0          0          0   indicate_semi.o
        44         10        272          0          0         76   lc_ctype_c.o
         2          0          0          0          0          0   libinit.o
        24          0          0          0          0          0   libinit2.o
         2          0          0          0          0          0   libshutdown.o
         2          0          0          0          0          0   libshutdown2.o
         8          4          0          0         96         68   libspace.o
       240          0          0          0          0        100   lludivv7m.o
        64          6          0          0          0         84   noretval__2snprintf.o
        16          4          0          0          0         76   rt_ctype_table.o
         8          4          0          0          0         68   rt_errno_addr_intlibspace.o
         8          4          0          0          0         68   rt_locale_intlibspace.o
        78          0          0          0          0         80   rt_memclr_w.o
       138          0          0          0          0         68   rt_memcpy_v6.o
       100          0          0          0          0         80   rt_memcpy_w.o
       132          0          0          0          0         68   rt_memmove_v6.o
       122          0          0          0          0         80   rt_memmove_w.o
         2          0          0          0          0          0   rtexit.o
        10          0          0          0          0          0   rtexit2.o
       124          0          0          0          0         88   strcmpv7em.o
        32          0          0          0          0         80   strcspn.o
        62          0          0          0          0         76   strlen.o
        28          0          0          0          0         80   strspn.o
        12          6          0          4          0         68   strtok.o
        68          4          0          0          0         84   strtok_int.o
       112          0          0          0          0         88   strtol.o
       114          0          0          0          0         92   strtoul.o
        12          4          0          0          0         68   sys_exit.o
        74          0          0          0          0         80   sys_stackheap_outer.o
         2          0          0          0          0         68   use_no_semi.o
        26          0          0          0          0        116   fpinit.o

    ----------------------------------------------------------------------
      2762         76        272          4         96       2980   Library Totals
        18          0          0          0          0          0   (incl. Padding)

    ----------------------------------------------------------------------

      Code (inc. data)   RO Data    RW Data    ZI Data      Debug   Library Name

      2718         76        272          4         96       2864   c_w.l
        26          0          0          0          0        116   fz_wm.l

    ----------------------------------------------------------------------
      2762         76        272          4         96       2980   Library Totals

    ----------------------------------------------------------------------

==============================================================================


      Code (inc. data)   RO Data    RW Data    ZI Data      Debug   

     30354        476       1078         60      30388     323538   Grand Totals
     30354        476       1078         60      30388     323538   ELF Image Totals
     30354        476       1078         60          0          0   ROM Totals

==============================================================================

    Total RO  Size (Code + RO Data)                31432 (  30.70kB)
    Total RW  Size (RW Data + ZI Data)             30448 (  29.73kB)
    Total ROM Size (Code + RO Data + RW Data)      31492 (  30.75kB)

==============================================================================

