Component: Arm Compiler for Embedded 6.24 Tool: armlink [5f371500]

==============================================================================

Section Cross References

    startup_stm32g431xx.o(STACK) refers (Special) to heapauxi.o(.text) for __use_two_region_memory
    startup_stm32g431xx.o(HEAP) refers (Special) to heapauxi.o(.text) for __use_two_region_memory
    startup_stm32g431xx.o(RESET) refers (Special) to heapauxi.o(.text) for __use_two_region_memory
    startup_stm32g431xx.o(RESET) refers to startup_stm32g431xx.o(STACK) for __initial_sp
    startup_stm32g431xx.o(RESET) refers to startup_stm32g431xx.o(.text) for Reset_Handler
    startup_stm32g431xx.o(RESET) refers to stm32g4xx_it.o(.text.NMI_Handler) for NMI_Handler
    startup_stm32g431xx.o(RESET) refers to stm32g4xx_it.o(.text.HardFault_Handler) for HardFault_Handler
    startup_stm32g431xx.o(RESET) refers to stm32g4xx_it.o(.text.MemManage_Handler) for MemManage_Handler
    startup_stm32g431xx.o(RESET) refers to stm32g4xx_it.o(.text.BusFault_Handler) for BusFault_Handler
    startup_stm32g431xx.o(RESET) refers to stm32g4xx_it.o(.text.UsageFault_Handler) for UsageFault_Handler
    startup_stm32g431xx.o(RESET) refers to stm32g4xx_it.o(.text.SVC_Handler) for SVC_Handler
    startup_stm32g431xx.o(RESET) refers to stm32g4xx_it.o(.text.DebugMon_Handler) for DebugMon_Handler
    startup_stm32g431xx.o(RESET) refers to stm32g4xx_it.o(.text.PendSV_Handler) for PendSV_Handler
    startup_stm32g431xx.o(RESET) refers to stm32g4xx_it.o(.text.SysTick_Handler) for SysTick_Handler
    startup_stm32g431xx.o(RESET) refers to stm32g4xx_it.o(.text.DMA1_Channel1_IRQHandler) for DMA1_Channel1_IRQHandler
    startup_stm32g431xx.o(RESET) refers to stm32g4xx_it.o(.text.DMA1_Channel2_IRQHandler) for DMA1_Channel2_IRQHandler
    startup_stm32g431xx.o(RESET) refers to stm32g4xx_it.o(.text.DMA1_Channel3_IRQHandler) for DMA1_Channel3_IRQHandler
    startup_stm32g431xx.o(RESET) refers to stm32g4xx_it.o(.text.TIM2_IRQHandler) for TIM2_IRQHandler
    startup_stm32g431xx.o(RESET) refers to stm32g4xx_it.o(.text.USART2_IRQHandler) for USART2_IRQHandler
    startup_stm32g431xx.o(RESET) refers to stm32g4xx_it.o(.text.EXTI15_10_IRQHandler) for EXTI15_10_IRQHandler
    startup_stm32g431xx.o(.text) refers (Special) to heapauxi.o(.text) for __use_two_region_memory
    startup_stm32g431xx.o(.text) refers to system_stm32g4xx.o(.text.SystemInit) for SystemInit
    startup_stm32g431xx.o(.text) refers to __main.o(!!!main) for __main
    startup_stm32g431xx.o(.text) refers to startup_stm32g431xx.o(HEAP) for Heap_Mem
    startup_stm32g431xx.o(.text) refers to startup_stm32g431xx.o(STACK) for Stack_Mem
    main.o(.text.main) refers to stm32g4xx_hal.o(.text.HAL_Init) for HAL_Init
    main.o(.text.main) refers to main.o(.text.SystemClock_Config) for SystemClock_Config
    main.o(.text.main) refers to stm32g4xx_hal_gpio.o(.text.HAL_GPIO_WritePin) for HAL_GPIO_WritePin
    main.o(.text.main) refers to stm32g4xx_hal_gpio.o(.text.HAL_GPIO_Init) for HAL_GPIO_Init
    main.o(.text.main) refers to stm32g4xx_hal_cortex.o(.text.HAL_NVIC_SetPriority) for HAL_NVIC_SetPriority
    main.o(.text.main) refers to stm32g4xx_hal_cortex.o(.text.HAL_NVIC_EnableIRQ) for HAL_NVIC_EnableIRQ
    main.o(.text.main) refers to main.o(.bss..L_MergedGlobals) for .L_MergedGlobals
    main.o(.text.main) refers to stm32g4xx_hal_i2s.o(.text.HAL_I2S_Init) for HAL_I2S_Init
    main.o(.text.main) refers to app_error.o(.text.AppError_BlinkForever) for AppError_BlinkForever
    main.o(.text.main) refers to main.o(.bss.huart2) for huart2
    main.o(.text.main) refers to stm32g4xx_hal_uart.o(.text.HAL_UART_Init) for HAL_UART_Init
    main.o(.text.main) refers to app_dsp.o(.text.AppDsp_Init) for AppDsp_Init
    main.o(.text.main) refers to app_com.o(.text.AppCom_Init) for AppCom_Init
    main.o(.text.main) refers to app_audio.o(.text.AppAudio_Init) for AppAudio_Init
    main.o(.text.main) refers to app_audio.o(.text.AppAudio_Start) for AppAudio_Start
    main.o(.text.main) refers to stm32g4xx_hal.o(.text.HAL_GetTick) for HAL_GetTick
    main.o(.text.main) refers to app_com.o(.text.AppCom_Poll) for AppCom_Poll
    main.o(.text.main) refers to app_audio.o(.text.AppAudio_StartFailed) for AppAudio_StartFailed
    main.o(.text.main) refers to app_audio.o(.text.AppAudio_RuntimeFailed) for AppAudio_RuntimeFailed
    main.o(.text.main) refers to app_dsp.o(.text.AppDsp_GetMode) for AppDsp_GetMode
    main.o(.text.main) refers to stm32g4xx_hal_gpio.o(.text.HAL_GPIO_TogglePin) for HAL_GPIO_TogglePin
    main.o(.ARM.exidx.text.main) refers to main.o(.text.main) for [Anonymous Symbol]
    main.o(.text.SystemClock_Config) refers to stm32g4xx_hal_pwr_ex.o(.text.HAL_PWREx_ControlVoltageScaling) for HAL_PWREx_ControlVoltageScaling
    main.o(.text.SystemClock_Config) refers to stm32g4xx_hal_rcc.o(.text.HAL_RCC_OscConfig) for HAL_RCC_OscConfig
[...]
    __rt_lib_init_lc_common                  0x08000295   Thumb Code     0  libinit2.o(.ARM.Collect$$libinit$$00000011)
    __rt_lib_init_preinit_1                  0x08000295   Thumb Code     0  libinit2.o(.ARM.Collect$$libinit$$00000006)
    __rt_lib_init_rand_1                     0x08000295   Thumb Code     0  libinit2.o(.ARM.Collect$$libinit$$00000010)
    __rt_lib_init_relocate_pie_1             0x08000295   Thumb Code     0  libinit2.o(.ARM.Collect$$libinit$$00000004)
    __rt_lib_init_user_alloc_1               0x08000295   Thumb Code     0  libinit2.o(.ARM.Collect$$libinit$$0000000E)
    __rt_lib_init_lc_collate_1               0x0800029b   Thumb Code     0  libinit2.o(.ARM.Collect$$libinit$$00000013)
    __rt_lib_init_lc_ctype_2                 0x0800029b   Thumb Code     0  libinit2.o(.ARM.Collect$$libinit$$00000014)
    __rt_lib_init_alloca_1                   0x080002a7   Thumb Code     0  libinit2.o(.ARM.Collect$$libinit$$00000030)
    __rt_lib_init_argv_1                     0x080002a7   Thumb Code     0  libinit2.o(.ARM.Collect$$libinit$$0000002E)
    __rt_lib_init_atexit_1                   0x080002a7   Thumb Code     0  libinit2.o(.ARM.Collect$$libinit$$0000001D)
    __rt_lib_init_clock_1                    0x080002a7   Thumb Code     0  libinit2.o(.ARM.Collect$$libinit$$00000023)
    __rt_lib_init_cpp_1                      0x080002a7   Thumb Code     0  libinit2.o(.ARM.Collect$$libinit$$00000034)
    __rt_lib_init_exceptions_1               0x080002a7   Thumb Code     0  libinit2.o(.ARM.Collect$$libinit$$00000032)
    __rt_lib_init_fp_trap_1                  0x080002a7   Thumb Code     0  libinit2.o(.ARM.Collect$$libinit$$00000021)
    __rt_lib_init_getenv_1                   0x080002a7   Thumb Code     0  libinit2.o(.ARM.Collect$$libinit$$00000025)
    __rt_lib_init_lc_ctype_1                 0x080002a7   Thumb Code     0  libinit2.o(.ARM.Collect$$libinit$$00000015)
    __rt_lib_init_lc_monetary_1              0x080002a7   Thumb Code     0  libinit2.o(.ARM.Collect$$libinit$$00000017)
    __rt_lib_init_lc_numeric_1               0x080002a7   Thumb Code     0  libinit2.o(.ARM.Collect$$libinit$$00000019)
    __rt_lib_init_lc_time_1                  0x080002a7   Thumb Code     0  libinit2.o(.ARM.Collect$$libinit$$0000001B)
    __rt_lib_init_return                     0x080002a7   Thumb Code     0  libinit2.o(.ARM.Collect$$libinit$$00000035)
    __rt_lib_init_signal_1                   0x080002a7   Thumb Code     0  libinit2.o(.ARM.Collect$$libinit$$0000001F)
    __rt_lib_init_stdio_1                    0x080002a7   Thumb Code     0  libinit2.o(.ARM.Collect$$libinit$$00000027)
    __rt_lib_shutdown                        0x080002a9   Thumb Code     0  libshutdown.o(.ARM.Collect$$libshutdown$$00000000)
    __rt_lib_shutdown_cpp_1                  0x080002ab   Thumb Code     0  libshutdown2.o(.ARM.Collect$$libshutdown$$00000002)
    __rt_lib_shutdown_fp_trap_1              0x080002ab   Thumb Code     0  libshutdown2.o(.ARM.Collect$$libshutdown$$00000007)
    __rt_lib_shutdown_heap_1                 0x080002ab   Thumb Code     0  libshutdown2.o(.ARM.Collect$$libshutdown$$0000000F)
    __rt_lib_shutdown_return                 0x080002ab   Thumb Code     0  libshutdown2.o(.ARM.Collect$$libshutdown$$00000010)
    __rt_lib_shutdown_signal_1               0x080002ab   Thumb Code     0  libshutdown2.o(.ARM.Collect$$libshutdown$$0000000A)
    __rt_lib_shutdown_stdio_1                0x080002ab   Thumb Code     0  libshutdown2.o(.ARM.Collect$$libshutdown$$00000004)
    __rt_lib_shutdown_user_alloc_1           0x080002ab   Thumb Code     0  libshutdown2.o(.ARM.Collect$$libshutdown$$0000000C)
    __rt_entry                               0x080002ad   Thumb Code     0  __rtentry.o(.ARM.Collect$$rtentry$$00000000)
    __rt_entry_presh_1                       0x080002ad   Thumb Code     0  __rtentry2.o(.ARM.Collect$$rtentry$$00000002)
    __rt_entry_sh                            0x080002ad   Thumb Code     0  __rtentry4.o(.ARM.Collect$$rtentry$$00000004)
    __rt_entry_li                            0x080002b3   Thumb Code     0  __rtentry2.o(.ARM.Collect$$rtentry$$0000000A)
    __rt_entry_postsh_1                      0x080002b3   Thumb Code     0  __rtentry2.o(.ARM.Collect$$rtentry$$00000009)
    __rt_entry_main                          0x080002b7   Thumb Code     0  __rtentry2.o(.ARM.Collect$$rtentry$$0000000D)
    __rt_entry_postli_1                      0x080002b7   Thumb Code     0  __rtentry2.o(.ARM.Collect$$rtentry$$0000000C)
    __rt_exit                                0x080002bf   Thumb Code     0  rtexit.o(.ARM.Collect$$rtexit$$00000000)
    __rt_exit_ls                             0x080002c1   Thumb Code     0  rtexit2.o(.ARM.Collect$$rtexit$$00000003)
    __rt_exit_prels_1                        0x080002c1   Thumb Code     0  rtexit2.o(.ARM.Collect$$rtexit$$00000002)
    __rt_exit_exit                           0x080002c5   Thumb Code     0  rtexit2.o(.ARM.Collect$$rtexit$$00000004)
    Reset_Handler                            0x080002cd   Thumb Code     8  startup_stm32g431xx.o(.text)
    ADC1_2_IRQHandler                        0x080002e7   Thumb Code     0  startup_stm32g431xx.o(.text)
    COMP1_2_3_IRQHandler                     0x080002e7   Thumb Code     0  startup_stm32g431xx.o(.text)
    COMP4_IRQHandler                         0x080002e7   Thumb Code     0  startup_stm32g431xx.o(.text)
    CORDIC_IRQHandler                        0x080002e7   Thumb Code     0  startup_stm32g431xx.o(.text)
    CRS_IRQHandler                           0x080002e7   Thumb Code     0  startup_stm32g431xx.o(.text)
    DMA1_Channel4_IRQHandler                 0x080002e7   Thumb Code     0  startup_stm32g431xx.o(.text)
    DMA1_Channel5_IRQHandler                 0x080002e7   Thumb Code     0  startup_stm32g431xx.o(.text)
    DMA1_Channel6_IRQHandler                 0x080002e7   Thumb Code     0  startup_stm32g431xx.o(.text)
    DMA2_Channel1_IRQHandler                 0x080002e7   Thumb Code     0  startup_stm32g431xx.o(.text)
    DMA2_Channel2_IRQHandler                 0x080002e7   Thumb Code     0  startup_stm32g431xx.o(.text)
    DMA2_Channel3_IRQHandler                 0x080002e7   Thumb Code     0  startup_stm32g431xx.o(.text)
    DMA2_Channel4_IRQHandler                 0x080002e7   Thumb Code     0  startup_stm32g431xx.o(.text)
    DMA2_Channel5_IRQHandler                 0x080002e7   Thumb Code     0  startup_stm32g431xx.o(.text)
    DMA2_Channel6_IRQHandler                 0x080002e7   Thumb Code     0  startup_stm32g431xx.o(.text)
    DMAMUX_OVR_IRQHandler                    0x080002e7   Thumb Code     0  startup_stm32g431xx.o(.text)
    EXTI0_IRQHandler                         0x080002e7   Thumb Code     0  startup_stm32g431xx.o(.text)
    EXTI1_IRQHandler                         0x080002e7   Thumb Code     0  startup_stm32g431xx.o(.text)
    EXTI2_IRQHandler                         0x080002e7   Thumb Code     0  startup_stm32g431xx.o(.text)
    EXTI3_IRQHandler                         0x080002e7   Thumb Code     0  startup_stm32g431xx.o(.text)
    EXTI4_IRQHandler                         0x080002e7   Thumb Code     0  startup_stm32g431xx.o(.text)
    EXTI9_5_IRQHandler                       0x080002e7   Thumb Code     0  startup_stm32g431xx.o(.text)
    FDCAN1_IT0_IRQHandler                    0x080002e7   Thumb Code     0  startup_stm32g431xx.o(.text)
    FDCAN1_IT1_IRQHandler                    0x080002e7   Thumb Code     0  startup_stm32g431xx.o(.text)
    FLASH_IRQHandler                         0x080002e7   Thumb Code     0  startup_stm32g431xx.o(.text)
    FMAC_IRQHandler                          0x080002e7   Thumb Code     0  startup_stm32g431xx.o(.text)
    FPU_IRQHandler                           0x080002e7   Thumb Code     0  startup_stm32g431xx.o(.text)
    I2C1_ER_IRQHandler                       0x080002e7   Thumb Code     0  startup_stm32g431xx.o(.text)
    I2C1_EV_IRQHandler                       0x080002e7   Thumb Code     0  startup_stm32g431xx.o(.text)
    I2C2_ER_IRQHandler                       0x080002e7   Thumb Code     0  startup_stm32g431xx.o(.text)
    I2C2_EV_IRQHandler                       0x080002e7   Thumb Code     0  startup_stm32g431xx.o(.text)
    I2C3_ER_IRQHandler                       0x080002e7   Thumb Code     0  startup_stm32g431xx.o(.text)
    I2C3_EV_IRQHandler                       0x080002e7   Thumb Code     0  startup_stm32g431xx.o(.text)
    LPTIM1_IRQHandler                        0x080002e7   Thumb Code     0  startup_stm32g431xx.o(.text)
    LPUART1_IRQHandler                       0x080002e7   Thumb Code     0  startup_stm32g431xx.o(.text)
    PVD_PVM_IRQHandler                       0x080002e7   Thumb Code     0  startup_stm32g431xx.o(.text)
    RCC_IRQHandler                           0x080002e7   Thumb Code     0  startup_stm32g431xx.o(.text)
    RNG_IRQHandler                           0x080002e7   Thumb Code     0  startup_stm32g431xx.o(.text)
    RTC_Alarm_IRQHandler                     0x080002e7   Thumb Code     0  startup_stm32g431xx.o(.text)
    RTC_TAMP_LSECSS_IRQHandler               0x080002e7   Thumb Code     0  startup_stm32g431xx.o(.text)
    RTC_WKUP_IRQHandler                      0x080002e7   Thumb Code     0  startup_stm32g431xx.o(.text)
    SAI1_IRQHandler                          0x080002e7   Thumb Code     0  startup_stm32g431xx.o(.text)
    SPI1_IRQHandler                          0x080002e7   Thumb Code     0  startup_stm32g431xx.o(.text)
    SPI2_IRQHandler                          0x080002e7   Thumb Code     0  startup_stm32g431xx.o(.text)
    SPI3_IRQHandler                          0x080002e7   Thumb Code     0  startup_stm32g431xx.o(.text)
    TIM1_BRK_TIM15_IRQHandler                0x080002e7   Thumb Code     0  startup_stm32g431xx.o(.text)
    TIM1_CC_IRQHandler                       0x080002e7   Thumb Code     0  startup_stm32g431xx.o(.text)
    TIM1_TRG_COM_TIM17_IRQHandler            0x080002e7   Thumb Code     0  startup_stm32g431xx.o(.text)
    TIM1_UP_TIM16_IRQHandler                 0x080002e7   Thumb Code     0  startup_stm32g431xx.o(.text)
    TIM3_IRQHandler                          0x080002e7   Thumb Code     0  startup_stm32g431xx.o(.text)
    TIM4_IRQHandler                          0x080002e7   Thumb Code     0  startup_stm32g431xx.o(.text)
    TIM6_DAC_IRQHandler                      0x080002e7   Thumb Code     0  startup_stm32g431xx.o(.text)
    TIM7_IRQHandler                          0x080002e7   Thumb Code     0  startup_stm32g431xx.o(.text)
    TIM8_BRK_IRQHandler                      0x080002e7   Thumb Code     0  startup_stm32g431xx.o(.text)
    TIM8_CC_IRQHandler                       0x080002e7   Thumb Code     0  startup_stm32g431xx.o(.text)
    TIM8_TRG_COM_IRQHandler                  0x080002e7   Thumb Code     0  startup_stm32g431xx.o(.text)
    TIM8_UP_IRQHandler                       0x080002e7   Thumb Code     0  startup_stm32g431xx.o(.text)
    UART4_IRQHandler                         0x080002e7   Thumb Code     0  startup_stm32g431xx.o(.text)
    UCPD1_IRQHandler                         0x080002e7   Thumb Code     0  startup_stm32g431xx.o(.text)
    USART1_IRQHandler                        0x080002e7   Thumb Code     0  startup_stm32g431xx.o(.text)
    USART3_IRQHandler                        0x080002e7   Thumb Code     0  startup_stm32g431xx.o(.text)
    USBWakeUp_IRQHandler                     0x080002e7   Thumb Code     0  startup_stm32g431xx.o(.text)
    USB_HP_IRQHandler                        0x080002e7   Thumb Code     0  startup_stm32g431xx.o(.text)
    USB_LP_IRQHandler                        0x080002e7   Thumb Code     0  startup_stm32g431xx.o(.text)
    WWDG_IRQHandler                          0x080002e7   Thumb Code     0  startup_stm32g431xx.o(.text)
    __user_initial_stackheap                 0x080002e9   Thumb Code     0  startup_stm32g431xx.o(.text)
    __rt_ctype_table                         0x0800030d   Thumb Code    16  rt_ctype_table.o(.text)
    __aeabi_uldivmod                         0x0800031d   Thumb Code     0  lludivv7m.o(.text)
    _ll_udiv                                 0x0800031d   Thumb Code   240  lludivv7m.o(.text)
    __2snprintf                              0x0800040d   Thumb Code    58  noretval__2snprintf.o(.text)
    _printf_str                              0x0800044d   Thumb Code    82  _printf_str.o(.text)
    _printf_int_dec                          0x080004a1   Thumb Code   104  _printf_dec.o(.text)
    __printf                                 0x08000519   Thumb Code   184  __printf_ss.o(.text)
    strtol                                   0x080005d1   Thumb Code   112  strtol.o(.text)
    strtoul                                  0x08000641   Thumb Code   114  strtoul.o(.text)
    strtok                                   0x080006b5   Thumb Code     6  strtok.o(.text)
    strlen                                   0x080006c1   Thumb Code    62  strlen.o(.text)
    __aeabi_memmove                          0x080006ff   Thumb Code     0  rt_memmove_v6.o(.text)
    __rt_memmove                             0x080006ff   Thumb Code   132  rt_memmove_v6.o(.text)
    __memmove_lastfew                        0x0800075f   Thumb Code     0  rt_memmove_v6.o(.text)
    __aeabi_memclr4                          0x08000783   Thumb Code     0  rt_memclr_w.o(.text)
    __aeabi_memclr8                          0x08000783   Thumb Code     0  rt_memclr_w.o(.text)
    __rt_memclr_w                            0x08000783   Thumb Code     0  rt_memclr_w.o(.text)
    _memset_w                                0x08000787   Thumb Code    74  rt_memclr_w.o(.text)
    strcmp                                   0x080007d1   Thumb Code   124  strcmpv7em.o(.text)
    __use_two_region_memory                  0x0800084d   Thumb Code     2  heapauxi.o(.text)
    __rt_heap_escrow$2region                 0x0800084f   Thumb Code     2  heapauxi.o(.text)
    __rt_heap_expand$2region                 0x08000851   Thumb Code     2  heapauxi.o(.text)
    __rt_locale                              0x08000855   Thumb Code     8  rt_locale_intlibspace.o(.text)
    __aeabi_errno_addr                       0x0800085d   Thumb Code     8  rt_errno_addr_intlibspace.o(.text)
    __errno$intlibspace                      0x0800085d   Thumb Code     0  rt_errno_addr_intlibspace.o(.text)
    __rt_errno_addr$intlibspace              0x0800085d   Thumb Code     0  rt_errno_addr_intlibspace.o(.text)
    _printf_int_common                       0x08000865   Thumb Code   178  _printf_intcommon.o(.text)
    _printf_char_common                      0x08000923   Thumb Code    32  _printf_char_common.o(.text)
    _snputc                                  0x08000949   Thumb Code    16  _snputc.o(.text)
    _printf_cs_common                        0x08000959   Thumb Code    20  _printf_char.o(.text)
    _printf_char                             0x0800096d   Thumb Code    16  _printf_char.o(.text)
    _printf_string                           0x0800097d   Thumb Code     8  _printf_char.o(.text)
    _strtoul                                 0x08000985   Thumb Code   158  _strtoul.o(.text)
    __strtok_internal                        0x08000a25   Thumb Code    64  strtok_int.o(.text)
    __aeabi_memcpy                           0x08000a69   Thumb Code     0  rt_memcpy_v6.o(.text)
    __rt_memcpy                              0x08000a69   Thumb Code   138  rt_memcpy_v6.o(.text)
    _memcpy_lastbytes                        0x08000acf   Thumb Code     0  rt_memcpy_v6.o(.text)
    __aeabi_memmove4                         0x08000af3   Thumb Code     0  rt_memmove_w.o(.text)
    __aeabi_memmove8                         0x08000af3   Thumb Code     0  rt_memmove_w.o(.text)
    __rt_memmove_w                           0x08000af3   Thumb Code   122  rt_memmove_w.o(.text)
    __memmove_aligned                        0x08000b19   Thumb Code     0  rt_memmove_w.o(.text)
    __memmove_lastfew_aligned                0x08000b51   Thumb Code     0  rt_memmove_w.o(.text)
    __user_libspace                          0x08000b6d   Thumb Code     8  libspace.o(.text)
    __user_perproc_libspace                  0x08000b6d   Thumb Code     0  libspace.o(.text)
    __user_perthread_libspace                0x08000b6d   Thumb Code     0  libspace.o(.text)
    _chval                                   0x08000b75   Thumb Code    28  _chval.o(.text)
    strcspn                                  0x08000b91   Thumb Code    32  strcspn.o(.text)
    strspn                                   0x08000bb1   Thumb Code    28  strspn.o(.text)
    __aeabi_memcpy4                          0x08000bcd   Thumb Code     0  rt_memcpy_w.o(.text)
    __aeabi_memcpy8                          0x08000bcd   Thumb Code     0  rt_memcpy_w.o(.text)
    __rt_memcpy_w                            0x08000bcd   Thumb Code   100  rt_memcpy_w.o(.text)
    _memcpy_lastbytes_aligned                0x08000c15   Thumb Code     0  rt_memcpy_w.o(.text)
    __user_setup_stackheap                   0x08000c31   Thumb Code    74  sys_stackheap_outer.o(.text)
    exit                                     0x08000c7b   Thumb Code    18  exit.o(.text)
    _sys_exit                                0x08000c8d   Thumb Code     8  sys_exit.o(.text)
    __I$use$semihosting                      0x08000c99   Thumb Code     0  use_no_semi.o(.text)
    __use_no_semihosting_swi                 0x08000c99   Thumb Code     2  use_no_semi.o(.text)
    __semihosting_library_function           0x08000c9b   Thumb Code     0  indicate_semi.o(.text)
    AppAudio_Init                            0x08000c9d   Thumb Code    14  app_audio.o(.text.AppAudio_Init)
    AppAudio_OnError                         0x08000cad   Thumb Code    20  app_audio.o(.text.AppAudio_OnError)
    AppAudio_OnRxCplt                        0x08000cc1   Thumb Code   170  app_audio.o(.text.AppAudio_OnRxCplt)
    AppAudio_OnRxHalfCplt                    0x08000d6d   Thumb Code   162  app_audio.o(.text.AppAudio_OnRxHalfCplt)
    AppAudio_OnTxCplt                        0x08000e11   Thumb Code    22  app_audio.o(.text.AppAudio_OnTxCplt)
    AppAudio_OnTxHalfCplt                    0x08000e29   Thumb Code    22  app_audio.o(.text.AppAudio_OnTxHalfCplt)
    AppAudio_RuntimeFailed                   0x08000e41   Thumb Code    18  app_audio.o(.text.AppAudio_RuntimeFailed)
    AppAudio_Start                           0x08000e55   Thumb Code   132  app_audio.o(.text.AppAudio_Start)
    AppAudio_StartFailed                     0x08000ed9   Thumb Code    18  app_audio.o(.text.AppAudio_StartFailed)
    AppCom_Init                              0x08000eed   Thumb Code   176  app_com.o(.text.AppCom_Init)
    AppCom_OnUartError                       0x08000fa5   Thumb Code   202  app_com.o(.text.AppCom_OnUartError)
    AppCom_OnUartRxCplt                      0x08001071   Thumb Code    78  app_com.o(.text.AppCom_OnUartRxCplt)
    AppCom_OnUartRxEvent                     0x080010c1   Thumb Code   378  app_com.o(.text.AppCom_OnUartRxEvent)
    AppCom_OnUartTxCplt                      0x0800123d   Thumb Code   116  app_com.o(.text.AppCom_OnUartTxCplt)
    AppCom_Poll                              0x080012b1   Thumb Code  1056  app_com.o(.text.AppCom_Poll)
    AppDsp_GetFxMask                         0x08001781   Thumb Code    12  app_dsp.o(.text.AppDsp_GetFxMask)
    AppDsp_GetMode                           0x0800178d   Thumb Code    12  app_dsp.o(.text.AppDsp_GetMode)
    AppDsp_GetParam                          0x08001799   Thumb Code    56  app_dsp.o(.text.AppDsp_GetParam)
    AppDsp_Init                              0x080017d1   Thumb Code    50  app_dsp.o(.text.AppDsp_Init)
    AppDsp_ProcessFrame                      0x08001805   Thumb Code   830  app_dsp.o(.text.AppDsp_ProcessFrame)
    AppDsp_SetFxMask                         0x08001b45   Thumb Code    28  app_dsp.o(.text.AppDsp_SetFxMask)
    AppDsp_SetParam                          0x08001b69   Thumb Code    94  app_dsp.o(.text.AppDsp_SetParam)
    AppError_BlinkForever                    0x08001bc9   Thumb Code   144  app_error.o(.text.AppError_BlinkForever)
    BusFault_Handler                         0x08001c59   Thumb Code     2  stm32g4xx_it.o(.text.BusFault_Handler)
    DMA1_Channel1_IRQHandler                 0x08001c5d   Thumb Code    12  stm32g4xx_it.o(.text.DMA1_Channel1_IRQHandler)
    DMA1_Channel2_IRQHandler                 0x08001c69   Thumb Code    12  stm32g4xx_it.o(.text.DMA1_Channel2_IRQHandler)
    DMA1_Channel3_IRQHandler                 0x08001c75   Thumb Code    12  stm32g4xx_it.o(.text.DMA1_Channel3_IRQHandler)
    DebugMon_Handler                         0x08001c81   Thumb Code     2  stm32g4xx_it.o(.text.DebugMon_Handler)
    DspDelay_GetBufferL                      0x08001c85   Thumb Code    10  dsp_delay.o(.text.DspDelay_GetBufferL)
    DspDelay_GetBufferR                      0x08001c91   Thumb Code    10  dsp_delay.o(.text.DspDelay_GetBufferR)
    DspDelay_GetFeedback                     0x08001c9d   Thumb Code    12  dsp_delay.o(.text.DspDelay_GetFeedback)
    DspDelay_GetMix                          0x08001ca9   Thumb Code    12  dsp_delay.o(.text.DspDelay_GetMix)
    DspDelay_GetStateL                       0x08001cb5   Thumb Code    10  dsp_delay.o(.text.DspDelay_GetStateL)
    DspDelay_GetStateR                       0x08001cc1   Thumb Code    12  dsp_delay.o(.text.DspDelay_GetStateR)
    DspDelay_Init                            0x08001ccd   Thumb Code    62  dsp_delay.o(.text.DspDelay_Init)
    DspDelay_Process                         0x08001d0d   Thumb Code   106  dsp_delay.o(.text.DspDelay_Process)
    DspDelay_SetFeedback                     0x08001d79   Thumb Code    26  dsp_delay.o(.text.DspDelay_SetFeedback)
    DspDelay_SetMix                          0x08001d95   Thumb Code    26  dsp_delay.o(.text.DspDelay_SetMix)
    DspDistortion_GetDrive                   0x08001db1   Thumb Code    12  dsp_distortion.o(.text.DspDistortion_GetDrive)
    DspDistortion_GetStateL                  0x08001dbd   Thumb Code    10  dsp_distortion.o(.text.DspDistortion_GetStateL)
    DspDistortion_GetStateR                  0x08001dc9   Thumb Code    12  dsp_distortion.o(.text.DspDistortion_GetStateR)
    DspDistortion_Init                       0x08001dd5   Thumb Code    28  dsp_distortion.o(.text.DspDistortion_Init)
    DspDistortion_Process                    0x08001df1   Thumb Code   188  dsp_distortion.o(.text.DspDistortion_Process)
    DspDistortion_SetDrive                   0x08001ead   Thumb Code    26  dsp_distortion.o(.text.DspDistortion_SetDrive)
    DspFilters_CabSim                        0x08001ec9   Thumb Code   128  dsp_filters.o(.text.DspFilters_CabSim)
    DspFilters_CompressStereo                0x08001f49   Thumb Code   384  dsp_filters.o(.text.DspFilters_CompressStereo)
    DspFilters_DcBlock                       0x080020c9   Thumb Code    38  dsp_filters.o(.text.DspFilters_DcBlock)
    DspFilters_GetCabL                       0x080020f1   Thumb Code    12  dsp_filters.o(.text.DspFilters_GetCabL)
    DspFilters_GetCabR                       0x080020fd   Thumb Code    12  dsp_filters.o(.text.DspFilters_GetCabR)
    DspFilters_GetCleanHpfL                  0x08002109   Thumb Code    12  dsp_filters.o(.text.DspFilters_GetCleanHpfL)
    DspFilters_GetCleanHpfR                  0x08002115   Thumb Code    12  dsp_filters.o(.text.DspFilters_GetCleanHpfR)
    DspFilters_GetDcL                        0x08002121   Thumb Code    12  dsp_filters.o(.text.DspFilters_GetDcL)
    DspFilters_GetDcR                        0x0800212d   Thumb Code    12  dsp_filters.o(.text.DspFilters_GetDcR)
    DspFilters_GetWetHpfDelayL               0x08002139   Thumb Code    12  dsp_filters.o(.text.DspFilters_GetWetHpfDelayL)
    DspFilters_GetWetHpfDelayR               0x08002145   Thumb Code    12  dsp_filters.o(.text.DspFilters_GetWetHpfDelayR)
    DspFilters_GetWetHpfReverbL              0x08002151   Thumb Code    12  dsp_filters.o(.text.DspFilters_GetWetHpfReverbL)
    DspFilters_GetWetHpfReverbR              0x0800215d   Thumb Code    12  dsp_filters.o(.text.DspFilters_GetWetHpfReverbR)
    DspFilters_GetWetLpfDelayL               0x08002169   Thumb Code    12  dsp_filters.o(.text.DspFilters_GetWetLpfDelayL)
    DspFilters_GetWetLpfDelayR               0x08002175   Thumb Code    12  dsp_filters.o(.text.DspFilters_GetWetLpfDelayR)
    DspFilters_GetWetLpfReverbL              0x08002181   Thumb Code    12  dsp_filters.o(.text.DspFilters_GetWetLpfReverbL)
    DspFilters_GetWetLpfReverbR              0x0800218d   Thumb Code    12  dsp_filters.o(.text.DspFilters_GetWetLpfReverbR)
    DspFilters_Hpf1                          0x08002199   Thumb Code    34  dsp_filters.o(.text.DspFilters_Hpf1)
    DspFilters_Init                          0x080021bd   Thumb Code    90  dsp_filters.o(.text.DspFilters_Init)
    DspFilters_Limiter                       0x08002219   Thumb Code   136  dsp_filters.o(.text.DspFilters_Limiter)
    DspFilters_OnePole                       0x080022a1   Thumb Code    24  dsp_filters.o(.text.DspFilters_OnePole)
    DspReverb_GetAllpassL                    0x080022b9   Thumb Code    10  dsp_reverb.o(.text.DspReverb_GetAllpassL)
    DspReverb_GetAllpassR                    0x080022c5   Thumb Code    10  dsp_reverb.o(.text.DspReverb_GetAllpassR)
    DspReverb_GetAp1IdxL                     0x080022d1   Thumb Code    12  dsp_reverb.o(.text.DspReverb_GetAp1IdxL)
    DspReverb_GetAp1IdxR                     0x080022dd   Thumb Code    12  dsp_reverb.o(.text.DspReverb_GetAp1IdxR)
    DspReverb_GetAp2IdxL                     0x080022e9   Thumb Code    12  dsp_reverb.o(.text.DspReverb_GetAp2IdxL)
    DspReverb_GetAp2IdxR                     0x080022f5   Thumb Code    12  dsp_reverb.o(.text.DspReverb_GetAp2IdxR)
    DspReverb_GetDamp                        0x08002301   Thumb Code    12  dsp_reverb.o(.text.DspReverb_GetDamp)
    DspReverb_GetDelayIdxL                   0x0800230d   Thumb Code    10  dsp_reverb.o(.text.DspReverb_GetDelayIdxL)
    DspReverb_GetDelayIdxR                   0x08002319   Thumb Code    12  dsp_reverb.o(.text.DspReverb_GetDelayIdxR)
    DspReverb_GetDelayL                      0x08002325   Thumb Code    10  dsp_reverb.o(.text.DspReverb_GetDelayL)
    DspReverb_GetDelayR                      0x08002331   Thumb Code    10  dsp_reverb.o(.text.DspReverb_GetDelayR)
    DspReverb_GetFeedback                    0x0800233d   Thumb Code    12  dsp_reverb.o(.text.DspReverb_GetFeedback)
    DspReverb_GetLfoL                        0x08002349   Thumb Code    12  dsp_reverb.o(.text.DspReverb_GetLfoL)
    DspReverb_GetLfoR                        0x08002355   Thumb Code    12  dsp_reverb.o(.text.DspReverb_GetLfoR)
    DspReverb_GetLpL                         0x08002361   Thumb Code    12  dsp_reverb.o(.text.DspReverb_GetLpL)
    DspReverb_GetLpR                         0x0800236d   Thumb Code    12  dsp_reverb.o(.text.DspReverb_GetLpR)
    DspReverb_GetMix                         0x08002379   Thumb Code    12  dsp_reverb.o(.text.DspReverb_GetMix)
    DspReverb_Init                           0x08002385   Thumb Code    98  dsp_reverb.o(.text.DspReverb_Init)
    DspReverb_Process                        0x080023e9   Thumb Code   208  dsp_reverb.o(.text.DspReverb_Process)
    DspReverb_SetDamp                        0x080024b9   Thumb Code    26  dsp_reverb.o(.text.DspReverb_SetDamp)
    DspReverb_SetFeedback                    0x080024d5   Thumb Code    26  dsp_reverb.o(.text.DspReverb_SetFeedback)
    DspReverb_SetMix                         0x080024f1   Thumb Code    26  dsp_reverb.o(.text.DspReverb_SetMix)
    EXTI15_10_IRQHandler                     0x0800250d   Thumb Code     2  stm32g4xx_it.o(.text.EXTI15_10_IRQHandler)
    Error_Handler                            0x08002511   Thumb Code     4  main.o(.text.Error_Handler)
    HAL_DMA_Abort                            0x08002515   Thumb Code   112  stm32g4xx_hal_dma.o(.text.HAL_DMA_Abort)
    HAL_DMA_Abort_IT                         0x08002585   Thumb Code   128  stm32g4xx_hal_dma.o(.text.HAL_DMA_Abort_IT)
    HAL_DMA_GetError                         0x08002605   Thumb Code     4  stm32g4xx_hal_dma.o(.text.HAL_DMA_GetError)
    HAL_DMA_IRQHandler                       0x08002609   Thumb Code   170  stm32g4xx_hal_dma.o(.text.HAL_DMA_IRQHandler)
    HAL_DMA_Init                             0x080026b5   Thumb Code   280  stm32g4xx_hal_dma.o(.text.HAL_DMA_Init)
    HAL_DMA_Start_IT                         0x080027cd   Thumb Code   232  stm32g4xx_hal_dma.o(.text.HAL_DMA_Start_IT)
    HAL_GPIO_Init                            0x080028b5   Thumb Code   434  stm32g4xx_hal_gpio.o(.text.HAL_GPIO_Init)
    HAL_GPIO_TogglePin                       0x08002a69   Thumb Code    16  stm32g4xx_hal_gpio.o(.text.HAL_GPIO_TogglePin)
    HAL_GPIO_WritePin                        0x08002a79   Thumb Code    12  stm32g4xx_hal_gpio.o(.text.HAL_GPIO_WritePin)
    HAL_GetTick                              0x08002a85   Thumb Code    12  stm32g4xx_hal.o(.text.HAL_GetTick)
    HAL_I2S_ErrorCallback                    0x08002a91   Thumb Code     4  main.o(.text.HAL_I2S_ErrorCallback)
    HAL_I2S_Init                             0x08002a95   Thumb Code   260  stm32g4xx_hal_i2s.o(.text.HAL_I2S_Init)
    HAL_I2S_MspInit                          0x08002b99   Thumb Code   506  stm32g4xx_hal_msp.o(.text.HAL_I2S_MspInit)
    HAL_I2S_Receive_DMA                      0x08002d95   Thumb Code   256  stm32g4xx_hal_i2s.o(.text.HAL_I2S_Receive_DMA)
    HAL_I2S_RxCpltCallback                   0x08002e95   Thumb Code     4  main.o(.text.HAL_I2S_RxCpltCallback)
    HAL_I2S_RxHalfCpltCallback               0x08002e99   Thumb Code     4  main.o(.text.HAL_I2S_RxHalfCpltCallback)
    HAL_I2S_Transmit_DMA                     0x08002e9d   Thumb Code   218  stm32g4xx_hal_i2s.o(.text.HAL_I2S_Transmit_DMA)
    HAL_I2S_TxCpltCallback                   0x08002f79   Thumb Code     4  main.o(.text.HAL_I2S_TxCpltCallback)
    HAL_I2S_TxHalfCpltCallback               0x08002f7d   Thumb Code     4  main.o(.text.HAL_I2S_TxHalfCpltCallback)
    HAL_IncTick                              0x08002f81   Thumb Code    26  stm32g4xx_hal.o(.text.HAL_IncTick)
    HAL_Init                                 0x08002f9d   Thumb Code    30  stm32g4xx_hal.o(.text.HAL_Init)
    HAL_InitTick                             0x08002fbd   Thumb Code   162  stm32g4xx_hal_timebase_tim.o(.text.HAL_InitTick)
    HAL_MspInit                              0x08003061   Thumb Code    52  stm32g4xx_hal_msp.o(.text.HAL_MspInit)
    HAL_NVIC_EnableIRQ                       0x08003095   Thumb Code    34  stm32g4xx_hal_cortex.o(.text.HAL_NVIC_EnableIRQ)
    HAL_NVIC_SetPriority                     0x080030b9   Thumb Code    86  stm32g4xx_hal_cortex.o(.text.HAL_NVIC_SetPriority)
    HAL_NVIC_SetPriorityGrouping             0x08003111   Thumb Code    32  stm32g4xx_hal_cortex.o(.text.HAL_NVIC_SetPriorityGrouping)
    HAL_PWREx_ControlVoltageScaling          0x08003131   Thumb Code   270  stm32g4xx_hal_pwr_ex.o(.text.HAL_PWREx_ControlVoltageScaling)
    HAL_PWREx_DisableUCPDDeadBattery         0x08003241   Thumb Code    18  stm32g4xx_hal_pwr_ex.o(.text.HAL_PWREx_DisableUCPDDeadBattery)
    HAL_RCCEx_GetPeriphCLKFreq               0x08003255   Thumb Code  1188  stm32g4xx_hal_rcc_ex.o(.text.HAL_RCCEx_GetPeriphCLKFreq)
    HAL_RCCEx_PeriphCLKConfig                0x080036f9   Thumb Code   618  stm32g4xx_hal_rcc_ex.o(.text.HAL_RCCEx_PeriphCLKConfig)
    HAL_RCC_ClockConfig                      0x08003965   Thumb Code   772  stm32g4xx_hal_rcc.o(.text.HAL_RCC_ClockConfig)
    HAL_RCC_GetClockConfig                   0x08003c69   Thumb Code    66  stm32g4xx_hal_rcc.o(.text.HAL_RCC_GetClockConfig)
    HAL_RCC_GetPCLK1Freq                     0x08003cad   Thumb Code    42  stm32g4xx_hal_rcc.o(.text.HAL_RCC_GetPCLK1Freq)
    HAL_RCC_GetPCLK2Freq                     0x08003cd9   Thumb Code    42  stm32g4xx_hal_rcc.o(.text.HAL_RCC_GetPCLK2Freq)
    HAL_RCC_GetSysClockFreq                  0x08003d05   Thumb Code   130  stm32g4xx_hal_rcc.o(.text.HAL_RCC_GetSysClockFreq)
    HAL_RCC_OscConfig                        0x08003d89   Thumb Code  1230  stm32g4xx_hal_rcc.o(.text.HAL_RCC_OscConfig)
    HAL_TIMEx_Break2Callback                 0x08004259   Thumb Code     2  stm32g4xx_hal_tim_ex.o(.text.HAL_TIMEx_Break2Callback)
    HAL_TIMEx_BreakCallback                  0x0800425d   Thumb Code     2  stm32g4xx_hal_tim_ex.o(.text.HAL_TIMEx_BreakCallback)
    HAL_TIMEx_CommutCallback                 0x08004261   Thumb Code     2  stm32g4xx_hal_tim_ex.o(.text.HAL_TIMEx_CommutCallback)
    HAL_TIMEx_DirectionChangeCallback        0x08004265   Thumb Code     2  stm32g4xx_hal_tim_ex.o(.text.HAL_TIMEx_DirectionChangeCallback)
    HAL_TIMEx_EncoderIndexCallback           0x08004269   Thumb Code     2  stm32g4xx_hal_tim_ex.o(.text.HAL_TIMEx_EncoderIndexCallback)
    HAL_TIMEx_IndexErrorCallback             0x0800426d   Thumb Code     2  stm32g4xx_hal_tim_ex.o(.text.HAL_TIMEx_IndexErrorCallback)
    HAL_TIMEx_TransitionErrorCallback        0x08004271   Thumb Code     2  stm32g4xx_hal_tim_ex.o(.text.HAL_TIMEx_TransitionErrorCallback)
    HAL_TIM_Base_Init                        0x08004275   Thumb Code    98  stm32g4xx_hal_tim.o(.text.HAL_TIM_Base_Init)
    HAL_TIM_Base_MspInit                     0x080042d9   Thumb Code     2  stm32g4xx_hal_tim.o(.text.HAL_TIM_Base_MspInit)
    HAL_TIM_Base_Start_IT                    0x080042dd   Thumb Code   146  stm32g4xx_hal_tim.o(.text.HAL_TIM_Base_Start_IT)
    HAL_TIM_IC_CaptureCallback               0x08004371   Thumb Code     2  stm32g4xx_hal_tim.o(.text.HAL_TIM_IC_CaptureCallback)
    HAL_TIM_IRQHandler                       0x08004375   Thumb Code   460  stm32g4xx_hal_tim.o(.text.HAL_TIM_IRQHandler)
    HAL_TIM_OC_DelayElapsedCallback          0x08004541   Thumb Code     2  stm32g4xx_hal_tim.o(.text.HAL_TIM_OC_DelayElapsedCallback)
    HAL_TIM_PWM_PulseFinishedCallback        0x08004545   Thumb Code     2  stm32g4xx_hal_tim.o(.text.HAL_TIM_PWM_PulseFinishedCallback)
    HAL_TIM_PeriodElapsedCallback            0x08004549   Thumb Code    14  main.o(.text.HAL_TIM_PeriodElapsedCallback)
    HAL_TIM_TriggerCallback                  0x08004559   Thumb Code     2  stm32g4xx_hal_tim.o(.text.HAL_TIM_TriggerCallback)
    HAL_UARTEx_ReceiveToIdle_DMA             0x0800455d   Thumb Code   152  stm32g4xx_hal_uart_ex.o(.text.HAL_UARTEx_ReceiveToIdle_DMA)
    HAL_UARTEx_ReceiveToIdle_IT              0x080045f5   Thumb Code   138  stm32g4xx_hal_uart_ex.o(.text.HAL_UARTEx_ReceiveToIdle_IT)
    HAL_UARTEx_RxEventCallback               0x08004681   Thumb Code     4  main.o(.text.HAL_UARTEx_RxEventCallback)
    HAL_UARTEx_RxFifoFullCallback            0x08004685   Thumb Code     2  stm32g4xx_hal_uart_ex.o(.text.HAL_UARTEx_RxFifoFullCallback)
    HAL_UARTEx_TxFifoEmptyCallback           0x08004689   Thumb Code     2  stm32g4xx_hal_uart_ex.o(.text.HAL_UARTEx_TxFifoEmptyCallback)
    HAL_UARTEx_WakeupCallback                0x0800468d   Thumb Code     2  stm32g4xx_hal_uart_ex.o(.text.HAL_UARTEx_WakeupCallback)
    HAL_UART_AbortReceive                    0x08004691   Thumb Code   386  stm32g4xx_hal_uart.o(.text.HAL_UART_AbortReceive)
    HAL_UART_AbortReceiveCpltCallback        0x08004815   Thumb Code     2  stm32g4xx_hal_uart.o(.text.HAL_UART_AbortReceiveCpltCallback)
    HAL_UART_AbortReceive_IT                 0x08004819   Thumb Code   414  stm32g4xx_hal_uart.o(.text.HAL_UART_AbortReceive_IT)
    HAL_UART_AbortTransmitCpltCallback       0x080049b9   Thumb Code     2  stm32g4xx_hal_uart.o(.text.HAL_UART_AbortTransmitCpltCallback)
    HAL_UART_AbortTransmit_IT                0x080049bd   Thumb Code   318  stm32g4xx_hal_uart.o(.text.HAL_UART_AbortTransmit_IT)
    HAL_UART_ErrorCallback                   0x08004afd   Thumb Code     4  main.o(.text.HAL_UART_ErrorCallback)
    HAL_UART_IRQHandler                      0x08004b01   Thumb Code  1614  stm32g4xx_hal_uart.o(.text.HAL_UART_IRQHandler)
    HAL_UART_Init                            0x08005151   Thumb Code   100  stm32g4xx_hal_uart.o(.text.HAL_UART_Init)
    HAL_UART_MspInit                         0x080051b5   Thumb Code   184  stm32g4xx_hal_msp.o(.text.HAL_UART_MspInit)
    HAL_UART_Receive_IT                      0x0800526d   Thumb Code   170  stm32g4xx_hal_uart.o(.text.HAL_UART_Receive_IT)
    HAL_UART_RxCpltCallback                  0x08005319   Thumb Code     4  main.o(.text.HAL_UART_RxCpltCallback)
    HAL_UART_RxHalfCpltCallback              0x0800531d   Thumb Code     2  stm32g4xx_hal_uart.o(.text.HAL_UART_RxHalfCpltCallback)
    HAL_UART_Transmit_IT                     0x08005321   Thumb Code   294  stm32g4xx_hal_uart.o(.text.HAL_UART_Transmit_IT)
    HAL_UART_TxCpltCallback                  0x08005449   Thumb Code     4  main.o(.text.HAL_UART_TxCpltCallback)
    HardFault_Handler                        0x0800544d   Thumb Code     2  stm32g4xx_it.o(.text.HardFault_Handler)
    MemManage_Handler                        0x080054cd   Thumb Code     2  stm32g4xx_it.o(.text.MemManage_Handler)
    NMI_Handler                              0x080054d1   Thumb Code     2  stm32g4xx_it.o(.text.NMI_Handler)
    PendSV_Handler                           0x080054d5   Thumb Code     2  stm32g4xx_it.o(.text.PendSV_Handler)
    SVC_Handler                              0x080054d9   Thumb Code     2  stm32g4xx_it.o(.text.SVC_Handler)
    SysTick_Handler                          0x080054dd   Thumb Code     2  stm32g4xx_it.o(.text.SysTick_Handler)
    SystemClock_Config                       0x080054e1   Thumb Code   104  main.o(.text.SystemClock_Config)
    SystemInit                               0x08005549   Thumb Code    18  system_stm32g4xx.o(.text.SystemInit)
    TIM2_IRQHandler                          0x0800555d   Thumb Code    12  stm32g4xx_it.o(.text.TIM2_IRQHandler)
    TIM_Base_SetConfig                       0x08005569   Thumb Code   308  stm32g4xx_hal_tim.o(.text.TIM_Base_SetConfig)
    UART_AdvFeatureConfig                    0x0800569d   Thumb Code   230  stm32g4xx_hal_uart.o(.text.UART_AdvFeatureConfig)
    UART_CheckIdleState                      0x08005785   Thumb Code   362  stm32g4xx_hal_uart.o(.text.UART_CheckIdleState)
    UART_SetConfig                           0x08006651   Thumb Code   648  stm32g4xx_hal_uart.o(.text.UART_SetConfig)
    UART_Start_Receive_DMA                   0x080068e9   Thumb Code   326  stm32g4xx_hal_uart.o(.text.UART_Start_Receive_DMA)
    UART_Start_Receive_IT                    0x08006a31   Thumb Code   610  stm32g4xx_hal_uart.o(.text.UART_Start_Receive_IT)
    UART_WaitOnFlagUntilTimeout              0x08006fe5   Thumb Code   822  stm32g4xx_hal_uart.o(.text.UART_WaitOnFlagUntilTimeout)
    USART2_IRQHandler                        0x0800731d   Thumb Code    12  stm32g4xx_it.o(.text.USART2_IRQHandler)
    UsageFault_Handler                       0x08007329   Thumb Code     2  stm32g4xx_it.o(.text.UsageFault_Handler)
    main                                     0x0800732d   Thumb Code   496  main.o(.text.main)
    _get_lc_ctype                            0x08007839   Thumb Code    44  lc_ctype_c.o(locale$$code)
    _fp_init                                 0x08007865   Thumb Code    26  fpinit.o(x$fpl$fpinit)
    __fplib_config_fpu_vfp                   0x0800787d   Thumb Code     0  fpinit.o(x$fpl$fpinit)
    __fplib_config_pureend_doubles           0x0800787d   Thumb Code     0  fpinit.o(x$fpl$fpinit)
    AHBPrescTable                            0x0800787e   Data          16  system_stm32g4xx.o(.rodata.AHBPrescTable)
    APBPrescTable                            0x0800788e   Data           8  system_stm32g4xx.o(.rodata.APBPrescTable)
    UARTPrescTable                           0x08007896   Data          24  stm32g4xx_hal_uart.o(.rodata.UARTPrescTable)
    Region$$Table$$Base                      0x080079ac   Number         0  anon$$obj.o(Region$$Table)
    Region$$Table$$Limit                     0x080079cc   Number         0  anon$$obj.o(Region$$Table)
    __ctype                                  0x080079d9   Data           0  lc_ctype_c.o(locale$$data)
    uwTickPrio                               0x20000018   Data           4  stm32g4xx_hal.o(.data..L_MergedGlobals)
    uwTickFreq                               0x2000001c   Data           4  stm32g4xx_hal.o(.data..L_MergedGlobals)
    SystemCoreClock                          0x20000020   Data           4  system_stm32g4xx.o(.data.SystemCoreClock)
    __libspace_start                         0x20000038   Data          96  libspace.o(.bss)
    __temporary_stack_top$libspace           0x20000098   Data           0  libspace.o(.bss)
    hi2s2                                    0x20000098   Data          60  main.o(.bss..L_MergedGlobals)
    hi2s3                                    0x200000d4   Data          60  main.o(.bss..L_MergedGlobals)
    hdma_spi2_rx                             0x20000244   Data          96  main.o(.bss.hdma_spi2_rx)
    hdma_spi3_tx                             0x200002a4   Data          96  main.o(.bss.hdma_spi3_tx)
    hdma_usart2_rx                           0x20000304   Data          96  main.o(.bss.hdma_usart2_rx)
    htim2                                    0x20000364   Data          76  stm32g4xx_hal_timebase_tim.o(.bss.htim2)
    huart2                                   0x200003b0   Data         148  main.o(.bss.huart2)
    uwTick                                   0x200070e4   Data           4  stm32g4xx_hal.o(.bss.uwTick)



==============================================================================

Memory Map of the image

  Image Entry point : 0x080001d9

  Load Region LR_IROM1 (Base: 0x08000000, Size: 0x00007b18, Max: 0x00020000, ABSOLUTE)

    Execution Region ER_IROM1 (Exec base: 0x08000000, Load base: 0x08000000, Size: 0x00007adc, Max: 0x00020000, ABSOLUTE)

    Exec Addr    Load Addr    Size         Type   Attr      Idx    E Section Name        Object

    0x08000000   0x08000000   0x000001d8   Data   RO            3    RESET               startup_stm32g431xx.o
    0x080001d8   0x080001d8   0x00000008   Code   RO         1589  * !!!main             c_w.l(__main.o)
    0x080001e0   0x080001e0   0x0000005c   Code   RO         1804    !!!scatter          c_w.l(__scatter.o)
    0x0800023c   0x0800023c   0x0000001a   Code   RO         1808    !!handler_copy      c_w.l(__scatter_copy.o)
    0x08000256   0x08000256   0x00000002   PAD
    0x08000258   0x08000258   0x00000002   Code   RO         1805    !!handler_null      c_w.l(__scatter.o)
    0x0800025a   0x0800025a   0x00000002   PAD
    0x0800025c   0x0800025c   0x0000001c   Code   RO         1810    !!handler_zi        c_w.l(__scatter_zi.o)
    0x08000278   0x08000278   0x00000000   Code   RO         1571    .ARM.Collect$$_printf_percent$$00000000  c_w.l(_printf_percent.o)
    0x08000278   0x08000278   0x00000006   Code   RO         1569    .ARM.Collect$$_printf_percent$$00000009  c_w.l(_printf_d.o)
    0x0800027e   0x0800027e   0x00000006   Code   RO         1570    .ARM.Collect$$_printf_percent$$0000000A  c_w.l(_printf_u.o)
    0x08000284   0x08000284   0x00000006   Code   RO         1568    .ARM.Collect$$_printf_percent$$00000014  c_w.l(_printf_s.o)
    0x0800028a   0x0800028a   0x00000004   Code   RO         1614    .ARM.Collect$$_printf_percent$$00000017  c_w.l(_printf_percent_end.o)
    0x0800028e   0x0800028e   0x00000002   Code   RO         1718    .ARM.Collect$$libinit$$00000000  c_w.l(libinit.o)
    0x08000290   0x08000290   0x00000004   Code   RO         1656    .ARM.Collect$$libinit$$00000001  c_w.l(libinit2.o)
    0x08000294   0x08000294   0x00000000   Code   RO         1659    .ARM.Collect$$libinit$$00000004  c_w.l(libinit2.o)
    0x08000294   0x08000294   0x00000000   Code   RO         1661    .ARM.Collect$$libinit$$00000006  c_w.l(libinit2.o)
    0x08000294   0x08000294   0x00000000   Code   RO         1664    .ARM.Collect$$libinit$$0000000C  c_w.l(libinit2.o)
    0x08000294   0x08000294   0x00000000   Code   RO         1666    .ARM.Collect$$libinit$$0000000E  c_w.l(libinit2.o)
    0x08000294   0x08000294   0x00000000   Code   RO         1668    .ARM.Collect$$libinit$$00000010  c_w.l(libinit2.o)
    0x08000294   0x08000294   0x00000006   Code   RO         1669    .ARM.Collect$$libinit$$00000011  c_w.l(libinit2.o)
    0x0800029a   0x0800029a   0x00000000   Code   RO         1671    .ARM.Collect$$libinit$$00000013  c_w.l(libinit2.o)
    0x0800029a   0x0800029a   0x0000000c   Code   RO         1672    .ARM.Collect$$libinit$$00000014  c_w.l(libinit2.o)
    0x080002a6   0x080002a6   0x00000000   Code   RO         1673    .ARM.Collect$$libinit$$00000015  c_w.l(libinit2.o)
    0x080002a6   0x080002a6   0x00000000   Code   RO         1675    .ARM.Collect$$libinit$$00000017  c_w.l(libinit2.o)
    0x080002a6   0x080002a6   0x00000000   Code   RO         1677    .ARM.Collect$$libinit$$00000019  c_w.l(libinit2.o)
    0x080002a6   0x080002a6   0x00000000   Code   RO         1679    .ARM.Collect$$libinit$$0000001B  c_w.l(libinit2.o)
    0x080002a6   0x080002a6   0x00000000   Code   RO         1681    .ARM.Collect$$libinit$$0000001D  c_w.l(libinit2.o)
    0x080002a6   0x080002a6   0x00000000   Code   RO         1683    .ARM.Collect$$libinit$$0000001F  c_w.l(libinit2.o)
    0x080002a6   0x080002a6   0x00000000   Code   RO         1685    .ARM.Collect$$libinit$$00000021  c_w.l(libinit2.o)
    0x080002a6   0x080002a6   0x00000000   Code   RO         1687    .ARM.Collect$$libinit$$00000023  c_w.l(libinit2.o)
    0x080002a6   0x080002a6   0x00000000   Code   RO         1689    .ARM.Collect$$libinit$$00000025  c_w.l(libinit2.o)
    0x080002a6   0x080002a6   0x00000000   Code   RO         1691    .ARM.Collect$$libinit$$00000027  c_w.l(libinit2.o)
    0x080002a6   0x080002a6   0x00000000   Code   RO         1695    .ARM.Collect$$libinit$$0000002E  c_w.l(libinit2.o)
    0x080002a6   0x080002a6   0x00000000   Code   RO         1697    .ARM.Collect$$libinit$$00000030  c_w.l(libinit2.o)
    0x080002a6   0x080002a6   0x00000000   Code   RO         1699    .ARM.Collect$$libinit$$00000032  c_w.l(libinit2.o)
    0x080002a6   0x080002a6   0x00000000   Code   RO         1701    .ARM.Collect$$libinit$$00000034  c_w.l(libinit2.o)
    0x080002a6   0x080002a6   0x00000002   Code   RO         1702    .ARM.Collect$$libinit$$00000035  c_w.l(libinit2.o)
    0x080002a8   0x080002a8   0x00000002   Code   RO         1771    .ARM.Collect$$libshutdown$$00000000  c_w.l(libshutdown.o)
    0x080002aa   0x080002aa   0x00000000   Code   RO         1787    .ARM.Collect$$libshutdown$$00000002  c_w.l(libshutdown2.o)
    0x080002aa   0x080002aa   0x00000000   Code   RO         1789    .ARM.Collect$$libshutdown$$00000004  c_w.l(libshutdown2.o)
    0x080002aa   0x080002aa   0x00000000   Code   RO         1792    .ARM.Collect$$libshutdown$$00000007  c_w.l(libshutdown2.o)
    0x080002aa   0x080002aa   0x00000000   Code   RO         1795    .ARM.Collect$$libshutdown$$0000000A  c_w.l(libshutdown2.o)
    0x080002aa   0x080002aa   0x00000000   Code   RO         1797    .ARM.Collect$$libshutdown$$0000000C  c_w.l(libshutdown2.o)
    0x080002aa   0x080002aa   0x00000000   Code   RO         1800    .ARM.Collect$$libshutdown$$0000000F  c_w.l(libshutdown2.o)
    0x080002aa   0x080002aa   0x00000002   Code   RO         1801    .ARM.Collect$$libshutdown$$00000010  c_w.l(libshutdown2.o)
    0x080002ac   0x080002ac   0x00000000   Code   RO         1591    .ARM.Collect$$rtentry$$00000000  c_w.l(__rtentry.o)
    0x080002ac   0x080002ac   0x00000000   Code   RO         1630    .ARM.Collect$$rtentry$$00000002  c_w.l(__rtentry2.o)
    0x080002ac   0x080002ac   0x00000006   Code   RO         1642    .ARM.Collect$$rtentry$$00000004  c_w.l(__rtentry4.o)
    0x080002b2   0x080002b2   0x00000000   Code   RO         1632    .ARM.Collect$$rtentry$$00000009  c_w.l(__rtentry2.o)
    0x080002b2   0x080002b2   0x00000004   Code   RO         1633    .ARM.Collect$$rtentry$$0000000A  c_w.l(__rtentry2.o)
    0x080002b6   0x080002b6   0x00000000   Code   RO         1635    .ARM.Collect$$rtentry$$0000000C  c_w.l(__rtentry2.o)
    0x080002b6   0x080002b6   0x00000008   Code   RO         1636    .ARM.Collect$$rtentry$$0000000D  c_w.l(__rtentry2.o)
    0x080002be   0x080002be   0x00000002   Code   RO         1721    .ARM.Collect$$rtexit$$00000000  c_w.l(rtexit.o)
    0x080002c0   0x080002c0   0x00000000   Code   RO         1742    .ARM.Collect$$rtexit$$00000002  c_w.l(rtexit2.o)
    0x080002c0   0x080002c0   0x00000004   Code   RO         1743    .ARM.Collect$$rtexit$$00000003  c_w.l(rtexit2.o)
    0x080002c4   0x080002c4   0x00000006   Code   RO         1744    .ARM.Collect$$rtexit$$00000004  c_w.l(rtexit2.o)
    0x080002ca   0x080002ca   0x00000002   PAD
    0x080002cc   0x080002cc   0x00000040   Code   RO            4    .text               startup_stm32g431xx.o
    0x0800030c   0x0800030c   0x00000010   Code   RO         1534    .text               c_w.l(rt_ctype_table.o)
    0x0800031c   0x0800031c   0x000000f0   Code   RO         1536    .text               c_w.l(lludivv7m.o)
    0x0800040c   0x0800040c   0x00000040   Code   RO         1540    .text               c_w.l(noretval__2snprintf.o)
    0x0800044c   0x0800044c   0x00000052   Code   RO         1544    .text               c_w.l(_printf_str.o)
    0x0800049e   0x0800049e   0x00000002   PAD
    0x080004a0   0x080004a0   0x00000078   Code   RO         1546    .text               c_w.l(_printf_dec.o)
    0x08000518   0x08000518   0x000000b8   Code   RO         1551    .text               c_w.l(__printf_ss.o)
    0x080005d0   0x080005d0   0x00000070   Code   RO         1572    .text               c_w.l(strtol.o)
    0x08000640   0x08000640   0x00000072   Code   RO         1574    .text               c_w.l(strtoul.o)
    0x080006b2   0x080006b2   0x00000002   PAD
    0x080006b4   0x080006b4   0x0000000c   Code   RO         1576    .text               c_w.l(strtok.o)
    0x080006c0   0x080006c0   0x0000003e   Code   RO         1579    .text               c_w.l(strlen.o)
    0x080006fe   0x080006fe   0x00000084   Code   RO         1581    .text               c_w.l(rt_memmove_v6.o)
    0x08000782   0x08000782   0x0000004e   Code   RO         1583    .text               c_w.l(rt_memclr_w.o)
    0x080007d0   0x080007d0   0x0000007c   Code   RO         1585    .text               c_w.l(strcmpv7em.o)
    0x0800084c   0x0800084c   0x00000006   Code   RO         1587    .text               c_w.l(heapauxi.o)
    0x08000852   0x08000852   0x00000002   PAD
    0x08000854   0x08000854   0x00000008   Code   RO         1599    .text               c_w.l(rt_locale_intlibspace.o)
    0x0800085c   0x0800085c   0x00000008   Code   RO         1604    .text               c_w.l(rt_errno_addr_intlibspace.o)
    0x08000864   0x08000864   0x000000b2   Code   RO         1606    .text               c_w.l(_printf_intcommon.o)
    0x08000916   0x08000916   0x00000002   PAD
    0x08000918   0x08000918   0x00000030   Code   RO         1608    .text               c_w.l(_printf_char_common.o)
    0x08000948   0x08000948   0x00000010   Code   RO         1610    .text               c_w.l(_snputc.o)
    0x08000958   0x08000958   0x0000002c   Code   RO         1612    .text               c_w.l(_printf_char.o)
    0x08000984   0x08000984   0x0000009e   Code   RO         1615    .text               c_w.l(_strtoul.o)
    0x08000a22   0x08000a22   0x00000002   PAD
    0x08000a24   0x08000a24   0x00000044   Code   RO         1620    .text               c_w.l(strtok_int.o)
    0x08000a68   0x08000a68   0x0000008a   Code   RO         1622    .text               c_w.l(rt_memcpy_v6.o)
    0x08000af2   0x08000af2   0x0000007a   Code   RO         1624    .text               c_w.l(rt_memmove_w.o)
    0x08000b6c   0x08000b6c   0x00000008   Code   RO         1626    .text               c_w.l(libspace.o)
    0x08000b74   0x08000b74   0x0000001c   Code   RO         1648    .text               c_w.l(_chval.o)
    0x08000b90   0x08000b90   0x00000020   Code   RO         1650    .text               c_w.l(strcspn.o)
    0x08000bb0   0x08000bb0   0x0000001c   Code   RO         1652    .text               c_w.l(strspn.o)
    0x08000bcc   0x08000bcc   0x00000064   Code   RO         1654    .text               c_w.l(rt_memcpy_w.o)
    0x08000c30   0x08000c30   0x0000004a   Code   RO         1703    .text               c_w.l(sys_stackheap_outer.o)
    0x08000c7a   0x08000c7a   0x00000012   Code   RO         1705    .text               c_w.l(exit.o)
    0x08000c8c   0x08000c8c   0x0000000c   Code   RO         1735    .text               c_w.l(sys_exit.o)
    0x08000c98   0x08000c98   0x00000002   Code   RO         1762    .text               c_w.l(use_no_semi.o)
    0x08000c9a   0x08000c9a   0x00000000   Code   RO         1764    .text               c_w.l(indicate_semi.o)
    0x08000c9a   0x08000c9a   0x00000002   PAD
    0x08000c9c   0x08000c9c   0x0000000e   Code   RO           51    .text.AppAudio_Init  app_audio.o
    0x08000caa   0x08000caa   0x00000002   PAD
    0x08000cac   0x08000cac   0x00000014   Code   RO           69    .text.AppAudio_OnError  app_audio.o
    0x08000cc0   0x08000cc0   0x000000aa   Code   RO           61    .text.AppAudio_OnRxCplt  app_audio.o
    0x08000d6a   0x08000d6a   0x00000002   PAD
    0x08000d6c   0x08000d6c   0x000000a2   Code   RO           59    .text.AppAudio_OnRxHalfCplt  app_audio.o
    0x08000e0e   0x08000e0e   0x00000002   PAD
    0x08000e10   0x08000e10   0x00000016   Code   RO           67    .text.AppAudio_OnTxCplt  app_audio.o
    0x08000e26   0x08000e26   0x00000002   PAD
    0x08000e28   0x08000e28   0x00000016   Code   RO           63    .text.AppAudio_OnTxHalfCplt  app_audio.o
    0x08000e3e   0x08000e3e   0x00000002   PAD
    0x08000e40   0x08000e40   0x00000012   Code   RO           57    .text.AppAudio_RuntimeFailed  app_audio.o
    0x08000e52   0x08000e52   0x00000002   PAD
    0x08000e54   0x08000e54   0x00000084   Code   RO           53    .text.AppAudio_Start  app_audio.o
    0x08000ed8   0x08000ed8   0x00000012   Code   RO           55    .text.AppAudio_StartFailed  app_audio.o
    0x08000eea   0x08000eea   0x00000002   PAD
    0x08000eec   0x08000eec   0x000000b8   Code   RO          287    .text.AppCom_Init   app_com.o
    0x08000fa4   0x08000fa4   0x000000ca   Code   RO          295    .text.AppCom_OnUartError  app_com.o
    0x0800106e   0x0800106e   0x00000002   PAD
    0x08001070   0x08001070   0x0000004e   Code   RO          291    .text.AppCom_OnUartRxCplt  app_com.o
    0x080010be   0x080010be   0x00000002   PAD
    0x080010c0   0x080010c0   0x0000017a   Code   RO          293    .text.AppCom_OnUartRxEvent  app_com.o
    0x0800123a   0x0800123a   0x00000002   PAD
    0x0800123c   0x0800123c   0x00000074   Code   RO          289    .text.AppCom_OnUartTxCplt  app_com.o
    0x080012b0   0x080012b0   0x000004d0   Code   RO          297    .text.AppCom_Poll   app_com.o
    0x08001780   0x08001780   0x0000000c   Code   RO           92    .text.AppDsp_GetFxMask  app_dsp.o
    0x0800178c   0x0800178c   0x0000000c   Code   RO           88    .text.AppDsp_GetMode  app_dsp.o
    0x08001798   0x08001798   0x00000038   Code   RO           96    .text.AppDsp_GetParam  app_dsp.o
    0x080017d0   0x080017d0   0x00000032   Code   RO           84    .text.AppDsp_Init   app_dsp.o
    0x08001802   0x08001802   0x00000002   PAD
    0x08001804   0x08001804   0x0000033e   Code   RO           98    .text.AppDsp_ProcessFrame  app_dsp.o
    0x08001b42   0x08001b42   0x00000002   PAD
    0x08001b44   0x08001b44   0x00000024   Code   RO           90    .text.AppDsp_SetFxMask  app_dsp.o
    0x08001b68   0x08001b68   0x0000005e   Code   RO           94    .text.AppDsp_SetParam  app_dsp.o
    0x08001bc6   0x08001bc6   0x00000002   PAD
    0x08001bc8   0x08001bc8   0x00000090   Code   RO          278    .text.AppError_BlinkForever  app_error.o
    0x08001c58   0x08001c58   0x00000002   Code   RO          321    .text.BusFault_Handler  stm32g4xx_it.o
    0x08001c5a   0x08001c5a   0x00000002   PAD
    0x08001c5c   0x08001c5c   0x0000000c   Code   RO          333    .text.DMA1_Channel1_IRQHandler  stm32g4xx_it.o
    0x08001c68   0x08001c68   0x0000000c   Code   RO          335    .text.DMA1_Channel2_IRQHandler  stm32g4xx_it.o
    0x08001c74   0x08001c74   0x0000000c   Code   RO          337    .text.DMA1_Channel3_IRQHandler  stm32g4xx_it.o
    0x08001c80   0x08001c80   0x00000002   Code   RO          327    .text.DebugMon_Handler  stm32g4xx_it.o
    0x08001c82   0x08001c82   0x00000002   PAD
    0x08001c84   0x08001c84   0x0000000a   Code   RO          198    .text.DspDelay_GetBufferL  dsp_delay.o
    0x08001c8e   0x08001c8e   0x00000002   PAD
    0x08001c90   0x08001c90   0x0000000a   Code   RO          200    .text.DspDelay_GetBufferR  dsp_delay.o
    0x08001c9a   0x08001c9a   0x00000002   PAD
    0x08001c9c   0x08001c9c   0x0000000c   Code   RO          194    .text.DspDelay_GetFeedback  dsp_delay.o
    0x08001ca8   0x08001ca8   0x0000000c   Code   RO          190    .text.DspDelay_GetMix  dsp_delay.o
    0x08001cb4   0x08001cb4   0x0000000a   Code   RO          202    .text.DspDelay_GetStateL  dsp_delay.o
    0x08001cbe   0x08001cbe   0x00000002   PAD
    0x08001cc0   0x08001cc0   0x0000000c   Code   RO          204    .text.DspDelay_GetStateR  dsp_delay.o
    0x08001ccc   0x08001ccc   0x0000003e   Code   RO          186    .text.DspDelay_Init  dsp_delay.o
    0x08001d0a   0x08001d0a   0x00000002   PAD
    0x08001d0c   0x08001d0c   0x0000006a   Code   RO          196    .text.DspDelay_Process  dsp_delay.o
    0x08001d76   0x08001d76   0x00000002   PAD
    0x08001d78   0x08001d78   0x0000001a   Code   RO          192    .text.DspDelay_SetFeedback  dsp_delay.o
    0x08001d92   0x08001d92   0x00000002   PAD
    0x08001d94   0x08001d94   0x0000001a   Code   RO          188    .text.DspDelay_SetMix  dsp_delay.o
    0x08001dae   0x08001dae   0x00000002   PAD
    0x08001db0   0x08001db0   0x0000000c   Code   RO          168    .text.DspDistortion_GetDrive  dsp_distortion.o
    0x08001dbc   0x08001dbc   0x0000000a   Code   RO          172    .text.DspDistortion_GetStateL  dsp_distortion.o
    0x08001dc6   0x08001dc6   0x00000002   PAD
    0x08001dc8   0x08001dc8   0x0000000c   Code   RO          174    .text.DspDistortion_GetStateR  dsp_distortion.o
    0x08001dd4   0x08001dd4   0x0000001c   Code   RO          164    .text.DspDistortion_Init  dsp_distortion.o
    0x08001df0   0x08001df0   0x000000bc   Code   RO          170    .text.DspDistortion_Process  dsp_distortion.o
    0x08001eac   0x08001eac   0x0000001a   Code   RO          166    .text.DspDistortion_SetDrive  dsp_distortion.o
    0x08001ec6   0x08001ec6   0x00000002   PAD
    0x08001ec8   0x08001ec8   0x00000080   Code   RO          122    .text.DspFilters_CabSim  dsp_filters.o
    0x08001f48   0x08001f48   0x00000180   Code   RO          118    .text.DspFilters_CompressStereo  dsp_filters.o
    0x080020c8   0x080020c8   0x00000026   Code   RO          112    .text.DspFilters_DcBlock  dsp_filters.o
    0x080020ee   0x080020ee   0x00000002   PAD
    0x080020f0   0x080020f0   0x0000000c   Code   RO          142    .text.DspFilters_GetCabL  dsp_filters.o
    0x080020fc   0x080020fc   0x0000000c   Code   RO          144    .text.DspFilters_GetCabR  dsp_filters.o
    0x08002108   0x08002108   0x0000000c   Code   RO          130    .text.DspFilters_GetCleanHpfL  dsp_filters.o
    0x08002114   0x08002114   0x0000000c   Code   RO          132    .text.DspFilters_GetCleanHpfR  dsp_filters.o
    0x08002120   0x08002120   0x0000000c   Code   RO          126    .text.DspFilters_GetDcL  dsp_filters.o
    0x0800212c   0x0800212c   0x0000000c   Code   RO          128    .text.DspFilters_GetDcR  dsp_filters.o
    0x08002138   0x08002138   0x0000000c   Code   RO          134    .text.DspFilters_GetWetHpfDelayL  dsp_filters.o
    0x08002144   0x08002144   0x0000000c   Code   RO          136    .text.DspFilters_GetWetHpfDelayR  dsp_filters.o
    0x08002150   0x08002150   0x0000000c   Code   RO          138    .text.DspFilters_GetWetHpfReverbL  dsp_filters.o
    0x0800215c   0x0800215c   0x0000000c   Code   RO          140    .text.DspFilters_GetWetHpfReverbR  dsp_filters.o
    0x08002168   0x08002168   0x0000000c   Code   RO          146    .text.DspFilters_GetWetLpfDelayL  dsp_filters.o
    0x08002174   0x08002174   0x0000000c   Code   RO          148    .text.DspFilters_GetWetLpfDelayR  dsp_filters.o
    0x08002180   0x08002180   0x0000000c   Code   RO          150    .text.DspFilters_GetWetLpfReverbL  dsp_filters.o
    0x0800218c   0x0800218c   0x0000000c   Code   RO          152    .text.DspFilters_GetWetLpfReverbR  dsp_filters.o
    0x08002198   0x08002198   0x00000022   Code   RO          114    .text.DspFilters_Hpf1  dsp_filters.o
    0x080021ba   0x080021ba   0x00000002   PAD
    0x080021bc   0x080021bc   0x0000005a   Code   RO          110    .text.DspFilters_Init  dsp_filters.o
    0x08002216   0x08002216   0x00000002   PAD
    0x08002218   0x08002218   0x00000088   Code   RO          120    .text.DspFilters_Limiter  dsp_filters.o
    0x080022a0   0x080022a0   0x00000018   Code   RO          124    .text.DspFilters_OnePole  dsp_filters.o
    0x080022b8   0x080022b8   0x0000000a   Code   RO          239    .text.DspReverb_GetAllpassL  dsp_reverb.o
    0x080022c2   0x080022c2   0x00000002   PAD
    0x080022c4   0x080022c4   0x0000000a   Code   RO          241    .text.DspReverb_GetAllpassR  dsp_reverb.o
    0x080022ce   0x080022ce   0x00000002   PAD
    0x080022d0   0x080022d0   0x0000000c   Code   RO          247    .text.DspReverb_GetAp1IdxL  dsp_reverb.o
    0x080022dc   0x080022dc   0x0000000c   Code   RO          249    .text.DspReverb_GetAp1IdxR  dsp_reverb.o
    0x080022e8   0x080022e8   0x0000000c   Code   RO          251    .text.DspReverb_GetAp2IdxL  dsp_reverb.o
    0x080022f4   0x080022f4   0x0000000c   Code   RO          253    .text.DspReverb_GetAp2IdxR  dsp_reverb.o
    0x08002300   0x08002300   0x0000000c   Code   RO          231    .text.DspReverb_GetDamp  dsp_reverb.o
    0x0800230c   0x0800230c   0x0000000a   Code   RO          243    .text.DspReverb_GetDelayIdxL  dsp_reverb.o
    0x08002316   0x08002316   0x00000002   PAD
    0x08002318   0x08002318   0x0000000c   Code   RO          245    .text.DspReverb_GetDelayIdxR  dsp_reverb.o
    0x08002324   0x08002324   0x0000000a   Code   RO          235    .text.DspReverb_GetDelayL  dsp_reverb.o
    0x0800232e   0x0800232e   0x00000002   PAD
    0x08002330   0x08002330   0x0000000a   Code   RO          237    .text.DspReverb_GetDelayR  dsp_reverb.o
    0x0800233a   0x0800233a   0x00000002   PAD
    0x0800233c   0x0800233c   0x0000000c   Code   RO          227    .text.DspReverb_GetFeedback  dsp_reverb.o
    0x08002348   0x08002348   0x0000000c   Code   RO          259    .text.DspReverb_GetLfoL  dsp_reverb.o
    0x08002354   0x08002354   0x0000000c   Code   RO          261    .text.DspReverb_GetLfoR  dsp_reverb.o
    0x08002360   0x08002360   0x0000000c   Code   RO          255    .text.DspReverb_GetLpL  dsp_reverb.o
    0x0800236c   0x0800236c   0x0000000c   Code   RO          257    .text.DspReverb_GetLpR  dsp_reverb.o
    0x08002378   0x08002378   0x0000000c   Code   RO          223    .text.DspReverb_GetMix  dsp_reverb.o
    0x08002384   0x08002384   0x00000062   Code   RO          219    .text.DspReverb_Init  dsp_reverb.o
    0x080023e6   0x080023e6   0x00000002   PAD
    0x080023e8   0x080023e8   0x000000d0   Code   RO          233    .text.DspReverb_Process  dsp_reverb.o
    0x080024b8   0x080024b8   0x0000001a   Code   RO          229    .text.DspReverb_SetDamp  dsp_reverb.o
    0x080024d2   0x080024d2   0x00000002   PAD
    0x080024d4   0x080024d4   0x0000001a   Code   RO          225    .text.DspReverb_SetFeedback  dsp_reverb.o
    0x080024ee   0x080024ee   0x00000002   PAD
    0x080024f0   0x080024f0   0x0000001a   Code   RO          221    .text.DspReverb_SetMix  dsp_reverb.o
    0x0800250a   0x0800250a   0x00000002   PAD
    0x0800250c   0x0800250c   0x00000002   Code   RO          341    .text.EXTI15_10_IRQHandler  stm32g4xx_it.o
    0x0800250e   0x0800250e   0x00000002   PAD
    0x08002510   0x08002510   0x00000004   Code   RO           15    .text.Error_Handler  main.o
    0x08002514   0x08002514   0x00000070   Code   RO         1119    .text.HAL_DMA_Abort  stm32g4xx_hal_dma.o
    0x08002584   0x08002584   0x00000080   Code   RO         1121    .text.HAL_DMA_Abort_IT  stm32g4xx_hal_dma.o
    0x08002604   0x08002604   0x00000004   Code   RO         1133    .text.HAL_DMA_GetError  stm32g4xx_hal_dma.o
    0x08002608   0x08002608   0x000000aa   Code   RO         1125    .text.HAL_DMA_IRQHandler  stm32g4xx_hal_dma.o
    0x080026b2   0x080026b2   0x00000002   PAD
    0x080026b4   0x080026b4   0x00000118   Code   RO         1111    .text.HAL_DMA_Init  stm32g4xx_hal_dma.o
    0x080027cc   0x080027cc   0x000000e8   Code   RO         1117    .text.HAL_DMA_Start_IT  stm32g4xx_hal_dma.o
    0x080028b4   0x080028b4   0x000001b2   Code   RO         1061    .text.HAL_GPIO_Init  stm32g4xx_hal_gpio.o
    0x08002a66   0x08002a66   0x00000002   PAD
    0x08002a68   0x08002a68   0x00000010   Code   RO         1069    .text.HAL_GPIO_TogglePin  stm32g4xx_hal_gpio.o
    0x08002a78   0x08002a78   0x0000000c   Code   RO         1067    .text.HAL_GPIO_WritePin  stm32g4xx_hal_gpio.o
    0x08002a84   0x08002a84   0x0000000c   Code   RO          833    .text.HAL_GetTick   stm32g4xx_hal.o
    0x08002a90   0x08002a90   0x00000004   Code   RO           33    .text.HAL_I2S_ErrorCallback  main.o
    0x08002a94   0x08002a94   0x00000104   Code   RO          759    .text.HAL_I2S_Init  stm32g4xx_hal_i2s.o
    0x08002b98   0x08002b98   0x000001fa   Code   RO          354    .text.HAL_I2S_MspInit  stm32g4xx_hal_msp.o
    0x08002d92   0x08002d92   0x00000002   PAD
    0x08002d94   0x08002d94   0x00000100   Code   RO          785    .text.HAL_I2S_Receive_DMA  stm32g4xx_hal_i2s.o
    0x08002e94   0x08002e94   0x00000004   Code   RO           27    .text.HAL_I2S_RxCpltCallback  main.o
    0x08002e98   0x08002e98   0x00000004   Code   RO           25    .text.HAL_I2S_RxHalfCpltCallback  main.o
    0x08002e9c   0x08002e9c   0x000000da   Code   RO          777    .text.HAL_I2S_Transmit_DMA  stm32g4xx_hal_i2s.o
    0x08002f76   0x08002f76   0x00000002   PAD
    0x08002f78   0x08002f78   0x00000004   Code   RO           31    .text.HAL_I2S_TxCpltCallback  main.o
    0x08002f7c   0x08002f7c   0x00000004   Code   RO           29    .text.HAL_I2S_TxHalfCpltCallback  main.o
    0x08002f80   0x08002f80   0x0000001a   Code   RO          831    .text.HAL_IncTick   stm32g4xx_hal.o
    0x08002f9a   0x08002f9a   0x00000002   PAD
    0x08002f9c   0x08002f9c   0x0000001e   Code   RO          821    .text.HAL_Init      stm32g4xx_hal.o
    0x08002fba   0x08002fba   0x00000002   PAD
    0x08002fbc   0x08002fbc   0x000000a2   Code   RO          370    .text.HAL_InitTick  stm32g4xx_hal_timebase_tim.o
    0x0800305e   0x0800305e   0x00000002   PAD
    0x08003060   0x08003060   0x00000034   Code   RO          352    .text.HAL_MspInit   stm32g4xx_hal_msp.o
    0x08003094   0x08003094   0x00000022   Code   RO         1287    .text.HAL_NVIC_EnableIRQ  stm32g4xx_hal_cortex.o
    0x080030b6   0x080030b6   0x00000002   PAD
    0x080030b8   0x080030b8   0x00000056   Code   RO         1285    .text.HAL_NVIC_SetPriority  stm32g4xx_hal_cortex.o
    0x0800310e   0x0800310e   0x00000002   PAD
    0x08003110   0x08003110   0x00000020   Code   RO         1283    .text.HAL_NVIC_SetPriorityGrouping  stm32g4xx_hal_cortex.o
    0x08003130   0x08003130   0x0000010e   Code   RO         1203    .text.HAL_PWREx_ControlVoltageScaling  stm32g4xx_hal_pwr_ex.o
    0x0800323e   0x0800323e   0x00000002   PAD
    0x08003240   0x08003240   0x00000012   Code   RO         1273    .text.HAL_PWREx_DisableUCPDDeadBattery  stm32g4xx_hal_pwr_ex.o
    0x08003252   0x08003252   0x00000002   PAD
    0x08003254   0x08003254   0x000004a4   Code   RO          949    .text.HAL_RCCEx_GetPeriphCLKFreq  stm32g4xx_hal_rcc_ex.o
    0x080036f8   0x080036f8   0x0000026a   Code   RO          945    .text.HAL_RCCEx_PeriphCLKConfig  stm32g4xx_hal_rcc_ex.o
    0x08003962   0x08003962   0x00000002   PAD
    0x08003964   0x08003964   0x00000304   Code   RO          911    .text.HAL_RCC_ClockConfig  stm32g4xx_hal_rcc.o
    0x08003c68   0x08003c68   0x00000042   Code   RO          925    .text.HAL_RCC_GetClockConfig  stm32g4xx_hal_rcc.o
    0x08003caa   0x08003caa   0x00000002   PAD
    0x08003cac   0x08003cac   0x0000002a   Code   RO          919    .text.HAL_RCC_GetPCLK1Freq  stm32g4xx_hal_rcc.o
    0x08003cd6   0x08003cd6   0x00000002   PAD
    0x08003cd8   0x08003cd8   0x0000002a   Code   RO          921    .text.HAL_RCC_GetPCLK2Freq  stm32g4xx_hal_rcc.o
    0x08003d02   0x08003d02   0x00000002   PAD
    0x08003d04   0x08003d04   0x00000082   Code   RO          913    .text.HAL_RCC_GetSysClockFreq  stm32g4xx_hal_rcc.o
    0x08003d86   0x08003d86   0x00000002   PAD
    0x08003d88   0x08003d88   0x000004ce   Code   RO          909    .text.HAL_RCC_OscConfig  stm32g4xx_hal_rcc.o
    0x08004256   0x08004256   0x00000002   PAD
    0x08004258   0x08004258   0x00000002   Code   RO          736    .text.HAL_TIMEx_Break2Callback  stm32g4xx_hal_tim_ex.o
    0x0800425a   0x0800425a   0x00000002   PAD
    0x0800425c   0x0800425c   0x00000002   Code   RO          734    .text.HAL_TIMEx_BreakCallback  stm32g4xx_hal_tim_ex.o
    0x0800425e   0x0800425e   0x00000002   PAD
    0x08004260   0x08004260   0x00000002   Code   RO          730    .text.HAL_TIMEx_CommutCallback  stm32g4xx_hal_tim_ex.o
    0x08004262   0x08004262   0x00000002   PAD
    0x08004264   0x08004264   0x00000002   Code   RO          740    .text.HAL_TIMEx_DirectionChangeCallback  stm32g4xx_hal_tim_ex.o
    0x08004266   0x08004266   0x00000002   PAD
    0x08004268   0x08004268   0x00000002   Code   RO          738    .text.HAL_TIMEx_EncoderIndexCallback  stm32g4xx_hal_tim_ex.o
    0x0800426a   0x0800426a   0x00000002   PAD
    0x0800426c   0x0800426c   0x00000002   Code   RO          742    .text.HAL_TIMEx_IndexErrorCallback  stm32g4xx_hal_tim_ex.o
    0x0800426e   0x0800426e   0x00000002   PAD
    0x08004270   0x08004270   0x00000002   Code   RO          744    .text.HAL_TIMEx_TransitionErrorCallback  stm32g4xx_hal_tim_ex.o
    0x08004272   0x08004272   0x00000002   PAD
    0x08004274   0x08004274   0x00000062   Code   RO          385    .text.HAL_TIM_Base_Init  stm32g4xx_hal_tim.o
    0x080042d6   0x080042d6   0x00000002   PAD
    0x080042d8   0x080042d8   0x00000002   Code   RO          387    .text.HAL_TIM_Base_MspInit  stm32g4xx_hal_tim.o
    0x080042da   0x080042da   0x00000002   PAD
    0x080042dc   0x080042dc   0x00000092   Code   RO          399    .text.HAL_TIM_Base_Start_IT  stm32g4xx_hal_tim.o
    0x0800436e   0x0800436e   0x00000002   PAD
    0x08004370   0x08004370   0x00000002   Code   RO          521    .text.HAL_TIM_IC_CaptureCallback  stm32g4xx_hal_tim.o
    0x08004372   0x08004372   0x00000002   PAD
    0x08004374   0x08004374   0x000001cc   Code   RO          519    .text.HAL_TIM_IRQHandler  stm32g4xx_hal_tim.o
    0x08004540   0x08004540   0x00000002   Code   RO          523    .text.HAL_TIM_OC_DelayElapsedCallback  stm32g4xx_hal_tim.o
    0x08004542   0x08004542   0x00000002   PAD
    0x08004544   0x08004544   0x00000002   Code   RO          525    .text.HAL_TIM_PWM_PulseFinishedCallback  stm32g4xx_hal_tim.o
    0x08004546   0x08004546   0x00000002   PAD
    0x08004548   0x08004548   0x0000000e   Code   RO           35    .text.HAL_TIM_PeriodElapsedCallback  main.o
    0x08004556   0x08004556   0x00000002   PAD
    0x08004558   0x08004558   0x00000002   Code   RO          529    .text.HAL_TIM_TriggerCallback  stm32g4xx_hal_tim.o
    0x0800455a   0x0800455a   0x00000002   PAD
    0x0800455c   0x0800455c   0x00000098   Code   RO         1505    .text.HAL_UARTEx_ReceiveToIdle_DMA  stm32g4xx_hal_uart_ex.o
    0x080045f4   0x080045f4   0x0000008a   Code   RO         1503    .text.HAL_UARTEx_ReceiveToIdle_IT  stm32g4xx_hal_uart_ex.o
    0x0800467e   0x0800467e   0x00000002   PAD
    0x08004680   0x08004680   0x00000004   Code   RO           19    .text.HAL_UARTEx_RxEventCallback  main.o
    0x08004684   0x08004684   0x00000002   Code   RO         1481    .text.HAL_UARTEx_RxFifoFullCallback  stm32g4xx_hal_uart_ex.o
    0x08004686   0x08004686   0x00000002   PAD
    0x08004688   0x08004688   0x00000002   Code   RO         1483    .text.HAL_UARTEx_TxFifoEmptyCallback  stm32g4xx_hal_uart_ex.o
    0x0800468a   0x0800468a   0x00000002   PAD
    0x0800468c   0x0800468c   0x00000002   Code   RO         1479    .text.HAL_UARTEx_WakeupCallback  stm32g4xx_hal_uart_ex.o
    0x0800468e   0x0800468e   0x00000002   PAD
    0x08004690   0x08004690   0x00000182   Code   RO         1395    .text.HAL_UART_AbortReceive  stm32g4xx_hal_uart.o
    0x08004812   0x08004812   0x00000002   PAD
    0x08004814   0x08004814   0x00000002   Code   RO         1415    .text.HAL_UART_AbortReceiveCpltCallback  stm32g4xx_hal_uart.o
    0x08004816   0x08004816   0x00000002   PAD
    0x08004818   0x08004818   0x0000019e   Code   RO         1411    .text.HAL_UART_AbortReceive_IT  stm32g4xx_hal_uart.o
    0x080049b6   0x080049b6   0x00000002   PAD
    0x080049b8   0x080049b8   0x00000002   Code   RO         1409    .text.HAL_UART_AbortTransmitCpltCallback  stm32g4xx_hal_uart.o
    0x080049ba   0x080049ba   0x00000002   PAD
    0x080049bc   0x080049bc   0x0000013e   Code   RO         1405    .text.HAL_UART_AbortTransmit_IT  stm32g4xx_hal_uart.o
    0x08004afa   0x08004afa   0x00000002   PAD
    0x08004afc   0x08004afc   0x00000004   Code   RO           23    .text.HAL_UART_ErrorCallback  main.o
    0x08004b00   0x08004b00   0x0000064e   Code   RO         1417    .text.HAL_UART_IRQHandler  stm32g4xx_hal_uart.o
    0x0800514e   0x0800514e   0x00000002   PAD
    0x08005150   0x08005150   0x00000064   Code   RO         1333    .text.HAL_UART_Init  stm32g4xx_hal_uart.o
    0x080051b4   0x080051b4   0x000000b8   Code   RO          358    .text.HAL_UART_MspInit  stm32g4xx_hal_msp.o
    0x0800526c   0x0800526c   0x000000aa   Code   RO         1369    .text.HAL_UART_Receive_IT  stm32g4xx_hal_uart.o
    0x08005316   0x08005316   0x00000002   PAD
    0x08005318   0x08005318   0x00000004   Code   RO           17    .text.HAL_UART_RxCpltCallback  main.o
    0x0800531c   0x0800531c   0x00000002   Code   RO         1431    .text.HAL_UART_RxHalfCpltCallback  stm32g4xx_hal_uart.o
    0x0800531e   0x0800531e   0x00000002   PAD
    0x08005320   0x08005320   0x00000126   Code   RO         1359    .text.HAL_UART_Transmit_IT  stm32g4xx_hal_uart.o
    0x08005446   0x08005446   0x00000002   PAD
    0x08005448   0x08005448   0x00000004   Code   RO           21    .text.HAL_UART_TxCpltCallback  main.o
    0x0800544c   0x0800544c   0x00000002   Code   RO          317    .text.HardFault_Handler  stm32g4xx_it.o
    0x0800544e   0x0800544e   0x00000002   PAD
    0x08005450   0x08005450   0x00000024   Code   RO          783    .text.I2S_DMAError  stm32g4xx_hal_i2s.o
    0x08005474   0x08005474   0x00000024   Code   RO          789    .text.I2S_DMARxCplt  stm32g4xx_hal_i2s.o
    0x08005498   0x08005498   0x00000006   Code   RO          787    .text.I2S_DMARxHalfCplt  stm32g4xx_hal_i2s.o
    0x0800549e   0x0800549e   0x00000002   PAD
    0x080054a0   0x080054a0   0x00000024   Code   RO          781    .text.I2S_DMATxCplt  stm32g4xx_hal_i2s.o
    0x080054c4   0x080054c4   0x00000006   Code   RO          779    .text.I2S_DMATxHalfCplt  stm32g4xx_hal_i2s.o
    0x080054ca   0x080054ca   0x00000002   PAD
    0x080054cc   0x080054cc   0x00000002   Code   RO          319    .text.MemManage_Handler  stm32g4xx_it.o
    0x080054ce   0x080054ce   0x00000002   PAD
    0x080054d0   0x080054d0   0x00000002   Code   RO          315    .text.NMI_Handler   stm32g4xx_it.o
    0x080054d2   0x080054d2   0x00000002   PAD
    0x080054d4   0x080054d4   0x00000002   Code   RO          329    .text.PendSV_Handler  stm32g4xx_it.o
    0x080054d6   0x080054d6   0x00000002   PAD
    0x080054d8   0x080054d8   0x00000002   Code   RO          325    .text.SVC_Handler   stm32g4xx_it.o
    0x080054da   0x080054da   0x00000002   PAD
    0x080054dc   0x080054dc   0x00000002   Code   RO          331    .text.SysTick_Handler  stm32g4xx_it.o
    0x080054de   0x080054de   0x00000002   PAD
    0x080054e0   0x080054e0   0x00000068   Code   RO           13    .text.SystemClock_Config  main.o
    0x08005548   0x08005548   0x00000012   Code   RO         1518    .text.SystemInit    system_stm32g4xx.o
    0x0800555a   0x0800555a   0x00000002   PAD
    0x0800555c   0x0800555c   0x0000000c   Code   RO          339    .text.TIM2_IRQHandler  stm32g4xx_it.o
    0x08005568   0x08005568   0x00000134   Code   RO          389    .text.TIM_Base_SetConfig  stm32g4xx_hal_tim.o
    0x0800569c   0x0800569c   0x000000e6   Code   RO         1337    .text.UART_AdvFeatureConfig  stm32g4xx_hal_uart.o
    0x08005782   0x08005782   0x00000002   PAD
    0x08005784   0x08005784   0x0000016a   Code   RO         1341    .text.UART_CheckIdleState  stm32g4xx_hal_uart.o
    0x080058ee   0x080058ee   0x00000002   PAD
    0x080058f0   0x080058f0   0x0000000c   Code   RO         1419    .text.UART_DMAAbortOnError  stm32g4xx_hal_uart.o
    0x080058fc   0x080058fc   0x000001da   Code   RO         1379    .text.UART_DMAError  stm32g4xx_hal_uart.o
    0x08005ad6   0x08005ad6   0x00000002   PAD
    0x08005ad8   0x08005ad8   0x00000164   Code   RO         1463    .text.UART_DMAReceiveCplt  stm32g4xx_hal_uart.o
    0x08005c3c   0x08005c3c   0x0000001a   Code   RO         1465    .text.UART_DMARxHalfCplt  stm32g4xx_hal_uart.o
    0x08005c56   0x08005c56   0x00000002   PAD
    0x08005c58   0x08005c58   0x00000022   Code   RO         1413    .text.UART_DMARxOnlyAbortCallback  stm32g4xx_hal_uart.o
    0x08005c7a   0x08005c7a   0x00000002   PAD
    0x08005c7c   0x08005c7c   0x00000024   Code   RO         1407    .text.UART_DMATxOnlyAbortCallback  stm32g4xx_hal_uart.o
    0x08005ca0   0x08005ca0   0x000001b2   Code   RO         1459    .text.UART_RxISR_16BIT  stm32g4xx_hal_uart.o
    0x08005e52   0x08005e52   0x00000002   PAD
    0x08005e54   0x08005e54   0x0000031e   Code   RO         1455    .text.UART_RxISR_16BIT_FIFOEN  stm32g4xx_hal_uart.o
    0x08006172   0x08006172   0x00000002   PAD
    0x08006174   0x08006174   0x000001b6   Code   RO         1461    .text.UART_RxISR_8BIT  stm32g4xx_hal_uart.o
    0x0800632a   0x0800632a   0x00000002   PAD
    0x0800632c   0x0800632c   0x00000322   Code   RO         1457    .text.UART_RxISR_8BIT_FIFOEN  stm32g4xx_hal_uart.o
    0x0800664e   0x0800664e   0x00000002   PAD
    0x08006650   0x08006650   0x00000298   Code   RO         1339    .text.UART_SetConfig  stm32g4xx_hal_uart.o
    0x080068e8   0x080068e8   0x00000146   Code   RO         1383    .text.UART_Start_Receive_DMA  stm32g4xx_hal_uart.o
    0x08006a2e   0x08006a2e   0x00000002   PAD
    0x08006a30   0x08006a30   0x00000262   Code   RO         1371    .text.UART_Start_Receive_IT  stm32g4xx_hal_uart.o
    0x08006c92   0x08006c92   0x00000002   PAD
    0x08006c94   0x08006c94   0x000000cc   Code   RO         1365    .text.UART_TxISR_16BIT  stm32g4xx_hal_uart.o
    0x08006d60   0x08006d60   0x000000e0   Code   RO         1361    .text.UART_TxISR_16BIT_FIFOEN  stm32g4xx_hal_uart.o
    0x08006e40   0x08006e40   0x000000c8   Code   RO         1367    .text.UART_TxISR_8BIT  stm32g4xx_hal_uart.o
    0x08006f08   0x08006f08   0x000000dc   Code   RO         1363    .text.UART_TxISR_8BIT_FIFOEN  stm32g4xx_hal_uart.o
    0x08006fe4   0x08006fe4   0x00000336   Code   RO         1355    .text.UART_WaitOnFlagUntilTimeout  stm32g4xx_hal_uart.o
    0x0800731a   0x0800731a   0x00000002   PAD
    0x0800731c   0x0800731c   0x0000000c   Code   RO          343    .text.USART2_IRQHandler  stm32g4xx_it.o
    0x08007328   0x08007328   0x00000002   Code   RO          323    .text.UsageFault_Handler  stm32g4xx_it.o
    0x0800732a   0x0800732a   0x00000002   PAD
    0x0800732c   0x0800732c   0x00000200   Code   RO           11    .text.main          main.o
    0x0800752c   0x0800752c   0x00000160   Code   RO          299    .text.tx_enqueue_bytes  app_com.o
    0x0800768c   0x0800768c   0x000001ac   Code   RO           65    .text.tx_fill_half  app_audio.o
    0x08007838   0x08007838   0x0000002c   Code   RO         1618    locale$$code        c_w.l(lc_ctype_c.o)
    0x08007864   0x08007864   0x0000001a   Code   RO         1719    x$fpl$fpinit        fz_wm.l(fpinit.o)
    0x0800787e   0x0800787e   0x00000010   Data   RO         1523    .rodata.AHBPrescTable  system_stm32g4xx.o
    0x0800788e   0x0800788e   0x00000008   Data   RO         1524    .rodata.APBPrescTable  system_stm32g4xx.o
    0x08007896   0x08007896   0x00000018   Data   RO         1467    .rodata.UARTPrescTable  stm32g4xx_hal_uart.o
    0x080078ae   0x080078ae   0x00000002   PAD
    0x080078b0   0x080078b0   0x00000010   Data   RO         1468    .rodata.cst16       stm32g4xx_hal_uart.o
    0x080078c0   0x080078c0   0x000000ea   Data   RO          304    .rodata.str1.1      app_com.o
    0x080079aa   0x080079aa   0x00000002   PAD
    0x080079ac   0x080079ac   0x00000020   Data   RO         1803    Region$$Table       anon$$obj.o
    0x080079cc   0x080079cc   0x00000110   Data   RO         1617    locale$$data        c_w.l(lc_ctype_c.o)


    Execution Region RW_IRAM1 (Exec base: 0x20000000, Load base: 0x08007ae0, Size: 0x000076e8, Max: 0x00008000, ABSOLUTE)

    Exec Addr    Load Addr    Size         Type   Attr      Idx    E Section Name        Object

    0x20000000   0x08007ae0   0x00000004   Data   RW         1577    .data               c_w.l(strtok.o)
    0x20000004   0x08007ae4   0x0000000c   Data   RW          154    .data..L_MergedGlobals  dsp_filters.o
    0x20000010   0x08007af0   0x00000008   Data   RW          268    .data..L_MergedGlobals  dsp_reverb.o
    0x20000018   0x08007af8   0x00000008   Data   RW          898    .data..L_MergedGlobals  stm32g4xx_hal.o
    0x20000020   0x08007b00   0x00000004   Data   RW         1522    .data.SystemCoreClock  system_stm32g4xx.o
    0x20000024   0x08007b04   0x00000004   Data   RW          209    .data.s_delay_feedback_q15  dsp_delay.o
    0x20000028   0x08007b08   0x00000004   Data   RW          208    .data.s_delay_mix_q15  dsp_delay.o
    0x2000002c   0x08007b0c   0x00000004   Data   RW          176    .data.s_dist_drive_q8  dsp_distortion.o
    0x20000030   0x08007b10   0x00000004   Data   RW          100    .data.s_gain_q15    app_dsp.o
    0x20000034   0x08007b14   0x00000004   Data   RW          267    .data.s_reverb_mix_q15  dsp_reverb.o
    0x20000038        -       0x00000060   Zero   RW         1627    .bss                c_w.l(libspace.o)
    0x20000098        -       0x00000078   Zero   RW           42    .bss..L_MergedGlobals  main.o
    0x20000110        -       0x00000034   Zero   RW           75    .bss..L_MergedGlobals  app_audio.o
    0x20000144        -       0x0000000c   Zero   RW          101    .bss..L_MergedGlobals  app_dsp.o
    0x20000150        -       0x00000020   Zero   RW          177    .bss..L_MergedGlobals  dsp_distortion.o
    0x20000170        -       0x00000020   Zero   RW          210    .bss..L_MergedGlobals  dsp_delay.o
    0x20000190        -       0x00000014   Zero   RW          306    .bss..L_MergedGlobals  app_com.o
    0x200001a4        -       0x00000078   Zero   RW          155    .bss..L_MergedGlobals.1  dsp_filters.o
    0x2000021c        -       0x00000028   Zero   RW          269    .bss..L_MergedGlobals.1  dsp_reverb.o
    0x20000244        -       0x00000060   Zero   RW           38    .bss.hdma_spi2_rx   main.o
    0x200002a4        -       0x00000060   Zero   RW           39    .bss.hdma_spi3_tx   main.o
    0x20000304        -       0x00000060   Zero   RW           40    .bss.hdma_usart2_rx  main.o
    0x20000364        -       0x0000004c   Zero   RW          376    .bss.htim2          stm32g4xx_hal_timebase_tim.o
    0x200003b0        -       0x00000094   Zero   RW           37    .bss.huart2         main.o
    0x20000444        -       0x00000800   Zero   RW          206    .bss.s_delay_buf_l  dsp_delay.o
    0x20000c44        -       0x00000800   Zero   RW          207    .bss.s_delay_buf_r  dsp_delay.o
    0x20001444        -       0x00000400   Zero   RW           71    .bss.s_i2s_rx_buf   app_audio.o
    0x20001844        -       0x00000400   Zero   RW           72    .bss.s_i2s_tx_buf   app_audio.o
    0x20001c44        -       0x000000a0   Zero   RW          303    .bss.s_line         app_com.o
    0x20001ce4        -       0x00000200   Zero   RW          265    .bss.s_reverb_ap_l  dsp_reverb.o
    0x20001ee4        -       0x00000200   Zero   RW          266    .bss.s_reverb_ap_r  dsp_reverb.o
    0x200020e4        -       0x00002000   Zero   RW          263    .bss.s_reverb_delay_l  dsp_reverb.o
    0x200040e4        -       0x00002000   Zero   RW          264    .bss.s_reverb_delay_r  dsp_reverb.o
    0x200060e4        -       0x00000400   Zero   RW           73    .bss.s_ring_l       app_audio.o
    0x200064e4        -       0x00000400   Zero   RW           74    .bss.s_ring_r       app_audio.o
    0x200068e4        -       0x00000200   Zero   RW          301    .bss.s_rx_dma       app_com.o
    0x20006ae4        -       0x00000400   Zero   RW          302    .bss.s_rx_ring      app_com.o
    0x20006ee4        -       0x00000200   Zero   RW          305    .bss.s_tx_ring      app_com.o
    0x200070e4        -       0x00000004   Zero   RW          897    .bss.uwTick         stm32g4xx_hal.o
    0x200070e8        -       0x00000200   Zero   RW            2    HEAP                startup_stm32g431xx.o
    0x200072e8        -       0x00000400   Zero   RW            1    STACK               startup_stm32g431xx.o


==============================================================================

Image component sizes


      Code (inc. data)   RO Data    RW Data    ZI Data      Debug   Object Name

      1006          0          0          0       4148      10525   app_audio.o
      2542        184        234          0       2228      14412   app_com.o
      1090         26          0          4         12       6679   app_dsp.o
       144          0          0          0          0       2455   app_error.o
       286          0          0          8       4128       3016   dsp_delay.o
       276          0          0          4         32       3217   dsp_distortion.o
      1002          0          0         12        120       7539   dsp_filters.o
       578          0          0         12      17448       5701   dsp_reverb.o
       670         16          0          0        556      14463   main.o
        64         26        472          0       1536        836   startup_stm32g431xx.o
        68          0          0          8          4       8929   stm32g4xx_hal.o
       152          0          0          0          0      10419   stm32g4xx_hal_cortex.o
       926          0          0          0          0       9176   stm32g4xx_hal_dma.o
       462          0          0          0          0       5260   stm32g4xx_hal_gpio.o
       854          0          0          0          0      13950   stm32g4xx_hal_i2s.o
       742          0          0          0          0      10295   stm32g4xx_hal_msp.o
       288          0          0          0          0       9465   stm32g4xx_hal_pwr_ex.o
      2282          0          0          0          0      10198   stm32g4xx_hal_rcc.o
      1806         80          0          0          0      10947   stm32g4xx_hal_rcc_ex.o
      1022          0          0          0          0      63371   stm32g4xx_hal_tim.o
        14          0          0          0          0      30535   stm32g4xx_hal_tim_ex.o
       162          0          0          0         76       7784   stm32g4xx_hal_timebase_tim.o
     10574         48         40          0          0      42875   stm32g4xx_hal_uart.o
       296          0          0          0          0      11297   stm32g4xx_hal_uart_ex.o
        80          0          0          0          0       7175   stm32g4xx_it.o
        18          0         24          4          0       2791   system_stm32g4xx.o

    ----------------------------------------------------------------------
     27612        380        806         52      30288     323310   Object Totals
         0          0         32          0          0          0   (incl. Generated)
       208          0          4          0          0          0   (incl. Padding)

    ----------------------------------------------------------------------

      Code (inc. data)   RO Data    RW Data    ZI Data      Debug   Library Member Name

         8          0          0          0          0         68   __main.o
       184          0          0          0          0         84   __printf_ss.o
         0          0          0          0          0          0   __rtentry.o
        12          0          0          0          0          0   __rtentry2.o
         6          0          0          0          0          0   __rtentry4.o
        94          8          0          0          0          0   __scatter.o
        26          0          0          0          0          0   __scatter_copy.o
        28          0          0          0          0          0   __scatter_zi.o
        28          0          0          0          0         68   _chval.o
        44          0          0          0          0        108   _printf_char.o
        48          6          0          0          0         96   _printf_char_common.o
         6          0          0          0          0          0   _printf_d.o
       120         16          0          0          0         92   _printf_dec.o
       178          0          0          0          0         88   _printf_intcommon.o
         0          0          0          0          0          0   _printf_percent.o
         4          0          0          0          0          0   _printf_percent_end.o
         6          0          0          0          0          0   _printf_s.o
        82          0          0          0          0         80   _printf_str.o
         6          0          0          0          0          0   _printf_u.o
        16          0          0          0          0         68   _snputc.o
       158          0          0          0          0         92   _strtoul.o
        18          0          0          0          0         80   exit.o
         6          0          0          0          0        152   heapauxi.o
         0          0          0          0          0          0   indicate_semi.o
        44         10        272          0          0         76   lc_ctype_c.o
         2          0          0          0          0          0   libinit.o
        24          0          0          0          0          0   libinit2.o
         2          0          0          0          0          0   libshutdown.o
         2          0          0          0          0          0   libshutdown2.o
         8          4          0          0         96         68   libspace.o
       240          0          0          0          0        100   lludivv7m.o
        64          6          0          0          0         84   noretval__2snprintf.o
        16          4          0          0          0         76   rt_ctype_table.o
         8          4          0          0          0         68   rt_errno_addr_intlibspace.o
         8          4          0          0          0         68   rt_locale_intlibspace.o
        78          0          0          0          0         80   rt_memclr_w.o
       138          0          0          0          0         68   rt_memcpy_v6.o
       100          0          0          0          0         80   rt_memcpy_w.o
       132          0          0          0          0         68   rt_memmove_v6.o
       122          0          0          0          0         80   rt_memmove_w.o
         2          0          0          0          0          0   rtexit.o
        10          0          0          0          0          0   rtexit2.o
       124          0          0          0          0         88   strcmpv7em.o
        32          0          0          0          0         80   strcspn.o
        62          0          0          0          0         76   strlen.o
        28          0          0          0          0         80   strspn.o
        12          6          0          4          0         68   strtok.o
        68          4          0          0          0         84   strtok_int.o
       112          0          0          0          0         88   strtol.o
       114          0          0          0          0         92   strtoul.o
        12          4          0          0          0         68   sys_exit.o
        74          0          0          0          0         80   sys_stackheap_outer.o
         2          0          0          0          0         68   use_no_semi.o
        26          0          0          0          0        116   fpinit.o

    ----------------------------------------------------------------------
      2762         76        272          4         96       2980   Library Totals
        18          0          0          0          0          0   (incl. Padding)

    ----------------------------------------------------------------------

      Code (inc. data)   RO Data    RW Data    ZI Data      Debug   Library Name

      2718         76        272          4         96       2864   c_w.l
        26          0          0          0          0        116   fz_wm.l

    ----------------------------------------------------------------------
      2762         76        272          4         96       2980   Library Totals

    ----------------------------------------------------------------------

==============================================================================


      Code (inc. data)   RO Data    RW Data    ZI Data      Debug   

     30374        456       1078         56      30384     324266   Grand Totals
     30374        456       1078         56      30384     324266   ELF Image Totals
     30374        456       1078         56          0          0   ROM Totals

==============================================================================

    Total RO  Size (Code + RO Data)                31452 (  30.71kB)
    Total RW  Size (RW Data + ZI Data)             30440 (  29.73kB)
    Total ROM Size (Code + RO Data + RW Data)      31508 (  30.77kB)

==============================================================================

